


ARM Macro Assembler    Page 1 


    1 00000000         ; Filename:     ece353_hw1
    2 00000000         ; Author:       Shyamal Anadkat 
    3 00000000         ; Description:  
    4 00000000         
    5 00000000                 export           hw1
    6 00000000                 export           WS2812B_LEDS
    7 00000000                 export           UPDATE_LEDS
    8 00000000                 import           init_leds
    9 00000000                 import           rotate_mod_leds
   10 00000000                 import           write_leds
   11 00000000         ;*******************************************************
                       ************************* 
   12 00000000         ; SRAM
   13 00000000         ;*******************************************************
                       ************************* 
   14 00000000                 AREA             SRAM, READWRITE
   15 00000000 00 00 00 
              00 00 00 
              00 00 00 
              00 00 00 
              00 00 00 
              00 00 00 
              00 00 00 
              00 00 00 
              00 00 00 
              00 00 00 
              00 00    WS2812B_LEDS
                               SPACE            32          ; Space for 32-bit 
                                                            commands (24-bits u
                                                            sed) for 8 NeoPixel
                                                            s
   16 00000020 00 00 00 
              00       UPDATE_LEDS
                               SPACE            4
   17 00000024                 align
   18 00000024         
   19 00000024         
   20 00000024         ;*******************************************************
                       ************************* 
   21 00000024         ; Constant Variables (FLASH) Segment
   22 00000024         ;*******************************************************
                       ************************* 
   23 00000024                 AREA             FLASH, CODE, READONLY
   24 00000000                 align
   25 00000000         
   26 00000000         ;*******************************************************
                       ************************* 
   27 00000000         ;*******************************************************
                       ************************* 
   28 00000000         hw1     PROC
   29 00000000         
   30 00000000         ;; TODO -- Setup argument to pass to init_leds
   31 00000000 4803            LDR              R0, =(WS2812B_LEDS)
   32 00000002 4904            LDR              R1, =(UPDATE_LEDS)
   33 00000004         ;; TODO -- call init_leds routine
   34 00000004 F7FF FFFE       BL               init_leds
   35 00000008         infinite_loop
   36 00000008         ;; TODO -- do stuff specified in HW1 problem statement
   37 00000008 F7FF FFFE       BL               write_leds



ARM Macro Assembler    Page 2 


   38 0000000C E7FC            B                infinite_loop
   39 0000000E         
   40 0000000E                 ENDP
   41 0000000E 00 00           align
   42 00000010         
   43 00000010         
   44 00000010                 END
              00000000 
              00000000 
Command Line: --debug --xref --cpu=Cortex-M4.fp --apcs=interwork --depend=.\obj
\ece353_hw1.d -o.\obj\ece353_hw1.o -II:\ECE353\HW1\RTE -IC:\AppV\mdk_510\ARM\PA
CK\ARM\CMSIS\4.1.1\CMSIS\Include -IC:\AppV\mdk_510\ARM\PACK\Keil\TM4C_DFP\1.0.0
\Device\Include\TM4C123 --predefine="__EVAL SETA 1" --predefine="__MICROLIB SET
A 1" --list=.\lst\ece353_hw1.lst ece353_hw1.s



ARM Macro Assembler    Page 1 Alphabetic symbol ordering
Relocatable symbols

SRAM 00000000

Symbol: SRAM
   Definitions
      At line 14 in file ece353_hw1.s
   Uses
      None
Comment: SRAM unused
UPDATE_LEDS 00000020

Symbol: UPDATE_LEDS
   Definitions
      At line 16 in file ece353_hw1.s
   Uses
      At line 7 in file ece353_hw1.s
      At line 32 in file ece353_hw1.s

WS2812B_LEDS 00000000

Symbol: WS2812B_LEDS
   Definitions
      At line 15 in file ece353_hw1.s
   Uses
      At line 6 in file ece353_hw1.s
      At line 31 in file ece353_hw1.s

3 symbols



ARM Macro Assembler    Page 1 Alphabetic symbol ordering
Relocatable symbols

FLASH 00000000

Symbol: FLASH
   Definitions
      At line 23 in file ece353_hw1.s
   Uses
      None
Comment: FLASH unused
hw1 00000000

Symbol: hw1
   Definitions
      At line 28 in file ece353_hw1.s
   Uses
      At line 5 in file ece353_hw1.s
Comment: hw1 used once
infinite_loop 00000008

Symbol: infinite_loop
   Definitions
      At line 35 in file ece353_hw1.s
   Uses
      At line 38 in file ece353_hw1.s
Comment: infinite_loop used once
3 symbols



ARM Macro Assembler    Page 1 Alphabetic symbol ordering
External symbols

init_leds 00000000

Symbol: init_leds
   Definitions
      At line 8 in file ece353_hw1.s
   Uses
      At line 34 in file ece353_hw1.s
Comment: init_leds used once
rotate_mod_leds 00000000

Symbol: rotate_mod_leds
   Definitions
      At line 9 in file ece353_hw1.s
   Uses
      None
Comment: rotate_mod_leds unused
write_leds 00000000

Symbol: write_leds
   Definitions
      At line 10 in file ece353_hw1.s
   Uses
      At line 37 in file ece353_hw1.s
Comment: write_leds used once
3 symbols
344 symbols in table
