


ARM Macro Assembler    Page 1 


    1 00000000         ; Filename:     leds_rotate.s
    2 00000000         ; Author:       Shyamal Anadkat
    3 00000000         ; Description:  Rotates leds by 1 index
    4 00000000         
    5 00000000                 export           rotate_mod_leds
    6 00000000         ;*******************************************************
                       ************************* 
    7 00000000         ; SRAM
    8 00000000         ;*******************************************************
                       ************************* 
    9 00000000                 AREA             SRAM, READWRITE
   10 00000000                 align
   11 00000000         
   12 00000000         ;*******************************************************
                       ************************* 
   13 00000000         ; Constant Variables (FLASH) Segment
   14 00000000         ;*******************************************************
                       ************************* 
   15 00000000                 AREA             FLASH, CODE, READONLY
   16 00000000                 align
   17 00000000         
   18 00000000         ;****************************************
   19 00000000         ; Rename registers for coad readability *
   20 00000000         ;****************************************
   21 00000000        0 
                       LED_ARRAY_ADDR
                               RN               R0          ; passed in as argu
                                                            ment
   22 00000000        1 
                       ARRAY_SIZE
                               RN               R1          ; passed in as argu
                                                            ment
   23 00000000        3 
                       UPDATE_COLOR
                               RN               R3
   24 00000000        4 
                       RED     RN               R4
   25 00000000        5 
                       BLUE    RN               R5
   26 00000000        6 
                       PREV_INDEX
                               RN               R6
   27 00000000        7 
                       POST_INDEX
                               RN               R7
   28 00000000        A 
                       PREV    RN               R10
   29 00000000         
   30 00000000         ;*******************************************************
                       ************************* 
   31 00000000         ; Passed in pointer to LED data on R0, and size of array
                        on R1
   32 00000000         ; Will rotate led data with led_array_data[0] <-- led_ar
                       ray_data[size-1] and
   33 00000000         ; led_array_data[1] <-- led_array_data[0], ...  Also mod
                       ifies data as it 
   34 00000000         ; rotates it adding 0x08 to red, and subtracting 0x08 fr
                       om blue, while leaving
   35 00000000         ; green content unchanged.



ARM Macro Assembler    Page 2 


   36 00000000         ;*******************************************************
                       *************************
   37 00000000         ;; implement EABI compliant function rotate_mod_leds
   38 00000000         ;*******************************************************
                       ************************* 
   39 00000000         ; function rotate_mod_leds
   40 00000000         ;  
   41 00000000         ; Description: 
   42 00000000         ;  rotates array of LED colors by index of 1
   43 00000000         ; Parameters:
   44 00000000         ;  RO - address of led array 
   45 00000000         ;  R1 - array size   
   46 00000000         ; Returns: 
   47 00000000         ;
   48 00000000         ;*******************************************************
                       ************************* 
   49 00000000         rotate_mod_leds
                               PROC
   50 00000000 E92D 1FF0       PUSH             {R4-R12}    ; save reg
   51 00000004         
   52 00000004 F1A1 0C01       SUB              R12, ARRAY_SIZE, #1 
                                                            ;arraysize -1 
   53 00000008 F44F 6400       MOV              RED , #0x00000800 
                                                            ;change in red
   54 0000000C F04F 0508       MOV              BLUE, #0x00000008 
                                                            ;change in blue
   55 00000010 F04F 0904       MOV              R9, #4
   56 00000014         
   57 00000014         ;led_array[0] <- led_arrat[size-1] - 0x08 on red, + 0x08
                        on blue
   58 00000014 FB09 FB0C       MUL              R11, R9, R12
   59 00000018 F850 300B       LDR              UPDATE_COLOR, [LED_ARRAY_ADDR, 
R11] 
                                                            ; R3 = ledarray[siz
                                                            e-1] 
   60 0000001C EBA3 0304       SUB              UPDATE_COLOR, UPDATE_COLOR, RED
 
                                                            ; -0x08 on red 
   61 00000020 442B            ADD              UPDATE_COLOR, UPDATE_COLOR, BLU
E 
                                                            ; +0x08 on blue 
   62 00000022 F8D0 A000       LDR              PREV, [LED_ARRAY_ADDR, #0] ; st
                                                            ore previous led da
                                                            ta
   63 00000026 6003            STR              UPDATE_COLOR, [LED_ARRAY_ADDR, 
#0] 
                                                            ; write to led_addr
                                                            
   64 00000028         
   65 00000028 F04F 0600       MOV              PREV_INDEX , #0 ; counter 
   66 0000002C F04F 0700       MOV              POST_INDEX, #0
   67 00000030         
   68 00000030         LOOP_BEGIN
   69 00000030         ; till array_size -1
   70 00000030 F106 0604       ADD              PREV_INDEX , PREV_INDEX , #4 
                                                            ; increment counter
                                                            
   71 00000034 FB01 FB09       MUL              R11, ARRAY_SIZE, R9
   72 00000038 455E            CMP              PREV_INDEX , R11



ARM Macro Assembler    Page 3 


   73 0000003A D009            BEQ              LOOP_END
   74 0000003C         
   75 0000003C         ; led[POST_INDEX] = led[PREV_INDEX] - 0x08 on red, + 0x0
                       8 on blue 
   76 0000003C 4653            MOV              UPDATE_COLOR, PREV
   77 0000003E EBA3 0304       SUB              UPDATE_COLOR, UPDATE_COLOR, RED
 
                                                            ; -0x08 on red 
   78 00000042 442B            ADD              UPDATE_COLOR, UPDATE_COLOR, BLU
E 
                                                            ; +0x08 on blue 
   79 00000044 F850 A006       LDR              PREV, [LED_ARRAY_ADDR, PREV_IND
EX ] 
                                                            ; persist previous 
                                                            led data
   80 00000048 5183            STR              UPDATE_COLOR, [LED_ARRAY_ADDR, 
PREV_INDEX ] 
                                                            ; write to led_addr
                                                            
   81 0000004A         
   82 0000004A F107 0704       ADD              POST_INDEX, POST_INDEX, #4 
                                                            ; increment cntr
   83 0000004E E7EF            B                LOOP_BEGIN  ; branch to begin 
   84 00000050         LOOP_END
   85 00000050         
   86 00000050 E8BD 1FF0       POP              {R4-R12}    ; restore regs
   87 00000054 4770            BX               LR          ;return from functi
                                                            on
   88 00000056                 ENDP
   89 00000056 00 00           align
   90 00000058         
   91 00000058         
   92 00000058                 END
Command Line: --debug --xref --diag_suppress=9931 --cpu=Cortex-M4.fp --apcs=int
erwork --depend=.\obj\rotate_mod_leds.d -o.\obj\rotate_mod_leds.o -IC:\ECE353\H
W1\RTE\_HW1 -IC:\Keil_v5\ARM\PACK\ARM\CMSIS\5.0.1\CMSIS\Include -IC:\Keil_v5\AR
M\PACK\Keil\TM4C_DFP\1.1.0\Device\Include\TM4C123 --predefine="__EVAL SETA 1" -
-predefine="__MICROLIB SETA 1" --predefine="__UVISION_VERSION SETA 522" --prede
fine="_RTE_ SETA 1" --predefine="TM4C123GH6PM SETA 1" --list=.\lst\rotate_mod_l
eds.lst rotate_mod_leds.s



ARM Macro Assembler    Page 1 Alphabetic symbol ordering
Relocatable symbols

SRAM 00000000

Symbol: SRAM
   Definitions
      At line 9 in file rotate_mod_leds.s
   Uses
      None
Comment: SRAM unused
1 symbol



ARM Macro Assembler    Page 1 Alphabetic symbol ordering
Relocatable symbols

FLASH 00000000

Symbol: FLASH
   Definitions
      At line 15 in file rotate_mod_leds.s
   Uses
      None
Comment: FLASH unused
LOOP_BEGIN 00000030

Symbol: LOOP_BEGIN
   Definitions
      At line 68 in file rotate_mod_leds.s
   Uses
      At line 83 in file rotate_mod_leds.s
Comment: LOOP_BEGIN used once
LOOP_END 00000050

Symbol: LOOP_END
   Definitions
      At line 84 in file rotate_mod_leds.s
   Uses
      At line 73 in file rotate_mod_leds.s
Comment: LOOP_END used once
rotate_mod_leds 00000000

Symbol: rotate_mod_leds
   Definitions
      At line 49 in file rotate_mod_leds.s
   Uses
      At line 5 in file rotate_mod_leds.s
Comment: rotate_mod_leds used once
4 symbols
349 symbols in table
