Component: ARM Compiler 5.06 update 3 (build 300) Tool: armlink [4d35c9]

==============================================================================

Section Cross References

    main.o(.text) refers to platform.o(.text) for platform_initialize_board
    main.o(.text) refers to printf8.o(i.__0printf$8) for __2printf
    main.o(.text) refers to lcd.o(.text) for lcd_clear_screen
    interrupts.o(.text) refers to interrupts.o(.data) for AlertTouch
    platform.o(.text) refers to ft6x06.o(.text) for ft6x06_set_addr
    platform.o(.text) refers to lcd_buttons.o(.text) for button_detect
    platform.o(.text) refers to interrupts.o(.data) for AlertTouch
    platform.o(.text) refers to platform.o(.bss) for test_buttons
    platform.o(.text) refers to ece353_images.o(.constdata) for right_arrowBitmaps
    platform.o(.text) refers to lcd_fonts.o(.constdata) for calibri_48ptFontInfo
    platform.o(.text) refers to eeprom.o(.text) for eeprom_byte_read
    platform.o(.text) refers to printf8.o(i.__0sprintf$8) for __2sprintf
    platform.o(.text) refers to lcd_fonts.o(.text) for lcd_print_string
    platform.o(.text) refers to lcd.o(.text) for lcd_clear_screen
    platform.o(.text) refers to wireless.o(.text) for wireless_configure_device
    platform.o(.text) refers to lcd_terminal.o(.text) for terminal_add_msg
    platform.o(.text) refers to gptimer.o(.text) for gp_timer_config
    platform.o(.text) refers to serial_debug.o(.text) for init_serial_debug
    platform.o(.text) refers to spi_select.o(.text) for spi_select_init
    platform.o(.text) refers to platform.o(.data) for WIRELESS_RX
    pc_buffer.o(.text) refers to malloc.o(i.malloc) for malloc
    eeprom.o(.text) refers to i2c.o(.text) for i2cVerifyBaseAddr
    eeprom.o(.text) refers to gpio_port.o(.text) for gpio_enable_port
    ft6x06.o(.text) refers to i2c.o(.text) for I2CMasterBusy
    ft6x06.o(.text) refers to gpio_port.o(.text) for gpio_enable_port
    ft6x06.o(.text) refers to printf8.o(i.__0printf$8) for __2printf
    lcd.o(.text) refers to gpio_port.o(.text) for gpio_enable_port
    lcd_buttons.o(.text) refers to lcd.o(.text) for lcd_draw_image
    lcd_fonts.o(.text) refers to lcd.o(.text) for lcd_draw_char
    lcd_terminal.o(.text) refers to lcd.o(.text) for lcd_draw_box
    lcd_terminal.o(.text) refers to lcd_fonts.o(.text) for lcd_print_string
    lcd_terminal.o(.text) refers to memseta.o(.text) for __aeabi_memclr
    lcd_terminal.o(.text) refers to strcpy.o(.text) for strcpy
    lcd_terminal.o(.text) refers to malloc.o(i.malloc) for malloc
    lcd_terminal.o(.text) refers to malloc.o(i.free) for free
    lcd_terminal.o(.text) refers to lcd_fonts.o(.constdata) for calibri_14ptFontInfo
    lcd_terminal.o(.text) refers to lcd_terminal.o(.bss) for LCD_Terminal
    lcd_terminal.o(.text) refers to lcd_terminal.o(.data) for User_Input_Index
    serial_debug.o(.text) refers to pc_buffer.o(.text) for pc_buffer_empty
    serial_debug.o(.text) refers to platform.o(.text) for DisableInterrupts
    serial_debug.o(.text) refers to uart.o(.text) for uart_tx_poll
    serial_debug.o(.text) refers to gpio_port.o(.text) for gpio_enable_port
    serial_debug.o(.text) refers to serial_debug.o(.data) for Tx_Interrupts_Enabled
    serial_debug.o(.text) refers to serial_debug.o(.bss) for UART0_Tx_Buffer
    serial_debug.o(.text) refers to stdout.o(.data) for __stdout
    spi_select.o(.text) refers to gpio_port.o(.text) for gpio_enable_port
    wireless.o(.text) refers to spi.o(.text) for spiTx
    wireless.o(.text) refers to gpio_port.o(.text) for gpio_enable_port
    wireless.o(.text) refers to printf8.o(i.__0printf$8) for __2printf
    wireless.o(.data) refers to wireless.o(.conststring) for .conststring
    startup_tm4c123.o(RESET) refers to startup_tm4c123.o(STACK) for __initial_sp
    startup_tm4c123.o(RESET) refers to startup_tm4c123.o(.text) for Reset_Handler
    startup_tm4c123.o(RESET) refers to serial_debug.o(.text) for UART0_Handler
    startup_tm4c123.o(RESET) refers to interrupts.o(.text) for GPIOF_Handler
    startup_tm4c123.o(.text) refers to system_tm4c123.o(.text) for SystemInit
    startup_tm4c123.o(.text) refers to entry.o(.ARM.Collect$$$$00000000) for __main
    system_tm4c123.o(.text) refers to system_tm4c123.o(.data) for SystemCoreClock
    entry.o(.ARM.Collect$$$$00000000) refers (Special) to entry10a.o(.ARM.Collect$$$$0000000D) for __rt_final_cpp
    entry.o(.ARM.Collect$$$$00000000) refers (Special) to entry11a.o(.ARM.Collect$$$$0000000F) for __rt_final_exit
    entry.o(.ARM.Collect$$$$00000000) refers (Special) to entry7b.o(.ARM.Collect$$$$00000008) for _main_clock
    entry.o(.ARM.Collect$$$$00000000) refers (Special) to entry8b.o(.ARM.Collect$$$$0000000A) for _main_cpp_init
    entry.o(.ARM.Collect$$$$00000000) refers (Special) to entry9a.o(.ARM.Collect$$$$0000000B) for _main_init
    entry.o(.ARM.Collect$$$$00000000) refers (Special) to entry5.o(.ARM.Collect$$$$00000004) for _main_scatterload
    entry.o(.ARM.Collect$$$$00000000) refers (Special) to entry2.o(.ARM.Collect$$$$00000001) for _main_stk
    printfb.o(i.__0fprintf$bare) refers to printfb.o(i._printf_core) for _printf_core
    printfb.o(i.__0fprintf$bare) refers to serial_debug.o(.text) for fputc
    printfb.o(i.__0printf$bare) refers to printfb.o(i._printf_core) for _printf_core
    printfb.o(i.__0printf$bare) refers to serial_debug.o(.text) for fputc
    printfb.o(i.__0printf$bare) refers to stdout.o(.data) for __stdout
    printfb.o(i.__0snprintf$bare) refers to printfb.o(i._printf_core) for _printf_core
    printfb.o(i.__0snprintf$bare) refers to printfb.o(i._snputc) for _snputc
    printfb.o(i.__0sprintf$bare) refers to printfb.o(i._printf_core) for _printf_core
    printfb.o(i.__0sprintf$bare) refers to printfb.o(i._sputc) for _sputc
    printfb.o(i.__0vfprintf$bare) refers to printfb.o(i._printf_core) for _printf_core
    printfb.o(i.__0vfprintf$bare) refers to serial_debug.o(.text) for fputc
    printfb.o(i.__0vprintf$bare) refers to printfb.o(i._printf_core) for _printf_core
    printfb.o(i.__0vprintf$bare) refers to serial_debug.o(.text) for fputc
    printfb.o(i.__0vprintf$bare) refers to stdout.o(.data) for __stdout
    printfb.o(i.__0vsnprintf$bare) refers to printfb.o(i._printf_core) for _printf_core
    printfb.o(i.__0vsnprintf$bare) refers to printfb.o(i._snputc) for _snputc
    printfb.o(i.__0vsprintf$bare) refers to printfb.o(i._printf_core) for _printf_core
    printfb.o(i.__0vsprintf$bare) refers to printfb.o(i._sputc) for _sputc
    printf0.o(i.__0fprintf$0) refers to printf0.o(i._printf_core) for _printf_core
    printf0.o(i.__0fprintf$0) refers to serial_debug.o(.text) for fputc
    printf0.o(i.__0printf$0) refers to printf0.o(i._printf_core) for _printf_core
    printf0.o(i.__0printf$0) refers to serial_debug.o(.text) for fputc
    printf0.o(i.__0printf$0) refers to stdout.o(.data) for __stdout
    printf0.o(i.__0snprintf$0) refers to printf0.o(i._printf_core) for _printf_core
    printf0.o(i.__0snprintf$0) refers to printf0.o(i._snputc) for _snputc
    printf0.o(i.__0sprintf$0) refers to printf0.o(i._printf_core) for _printf_core
    printf0.o(i.__0sprintf$0) refers to printf0.o(i._sputc) for _sputc
    printf0.o(i.__0vfprintf$0) refers to printf0.o(i._printf_core) for _printf_core
    printf0.o(i.__0vfprintf$0) refers to serial_debug.o(.text) for fputc
    printf0.o(i.__0vprintf$0) refers to printf0.o(i._printf_core) for _printf_core
    printf0.o(i.__0vprintf$0) refers to serial_debug.o(.text) for fputc
    printf0.o(i.__0vprintf$0) refers to stdout.o(.data) for __stdout
    printf0.o(i.__0vsnprintf$0) refers to printf0.o(i._printf_core) for _printf_core
    printf0.o(i.__0vsnprintf$0) refers to printf0.o(i._snputc) for _snputc
    printf0.o(i.__0vsprintf$0) refers to printf0.o(i._printf_core) for _printf_core
    printf0.o(i.__0vsprintf$0) refers to printf0.o(i._sputc) for _sputc
    printf1.o(i.__0fprintf$1) refers to printf1.o(i._printf_core) for _printf_core
    printf1.o(i.__0fprintf$1) refers to serial_debug.o(.text) for fputc
    printf1.o(i.__0printf$1) refers to printf1.o(i._printf_core) for _printf_core
    printf1.o(i.__0printf$1) refers to serial_debug.o(.text) for fputc
    printf1.o(i.__0printf$1) refers to stdout.o(.data) for __stdout
    printf1.o(i.__0snprintf$1) refers to printf1.o(i._printf_core) for _printf_core
    printf1.o(i.__0snprintf$1) refers to printf1.o(i._snputc) for _snputc
    printf1.o(i.__0sprintf$1) refers to printf1.o(i._printf_core) for _printf_core
    printf1.o(i.__0sprintf$1) refers to printf1.o(i._sputc) for _sputc
    printf1.o(i.__0vfprintf$1) refers to printf1.o(i._printf_core) for _printf_core
    printf1.o(i.__0vfprintf$1) refers to serial_debug.o(.text) for fputc
    printf1.o(i.__0vprintf$1) refers to printf1.o(i._printf_core) for _printf_core
    printf1.o(i.__0vprintf$1) refers to serial_debug.o(.text) for fputc
    printf1.o(i.__0vprintf$1) refers to stdout.o(.data) for __stdout
    printf1.o(i.__0vsnprintf$1) refers to printf1.o(i._printf_core) for _printf_core
    printf1.o(i.__0vsnprintf$1) refers to printf1.o(i._snputc) for _snputc
    printf1.o(i.__0vsprintf$1) refers to printf1.o(i._printf_core) for _printf_core
    printf1.o(i.__0vsprintf$1) refers to printf1.o(i._sputc) for _sputc
    printf1.o(i._printf_core) refers to uidiv.o(.text) for __aeabi_uidivmod
    printf2.o(i.__0fprintf$2) refers to printf2.o(i._printf_core) for _printf_core
    printf2.o(i.__0fprintf$2) refers to serial_debug.o(.text) for fputc
    printf2.o(i.__0printf$2) refers to printf2.o(i._printf_core) for _printf_core
    printf2.o(i.__0printf$2) refers to serial_debug.o(.text) for fputc
    printf2.o(i.__0printf$2) refers to stdout.o(.data) for __stdout
    printf2.o(i.__0snprintf$2) refers to printf2.o(i._printf_core) for _printf_core
    printf2.o(i.__0snprintf$2) refers to printf2.o(i._snputc) for _snputc
    printf2.o(i.__0sprintf$2) refers to printf2.o(i._printf_core) for _printf_core
    printf2.o(i.__0sprintf$2) refers to printf2.o(i._sputc) for _sputc
    printf2.o(i.__0vfprintf$2) refers to printf2.o(i._printf_core) for _printf_core
    printf2.o(i.__0vfprintf$2) refers to serial_debug.o(.text) for fputc
    printf2.o(i.__0vprintf$2) refers to printf2.o(i._printf_core) for _printf_core
    printf2.o(i.__0vprintf$2) refers to serial_debug.o(.text) for fputc
    printf2.o(i.__0vprintf$2) refers to stdout.o(.data) for __stdout
    printf2.o(i.__0vsnprintf$2) refers to printf2.o(i._printf_core) for _printf_core
    printf2.o(i.__0vsnprintf$2) refers to printf2.o(i._snputc) for _snputc
    printf2.o(i.__0vsprintf$2) refers to printf2.o(i._printf_core) for _printf_core
    printf2.o(i.__0vsprintf$2) refers to printf2.o(i._sputc) for _sputc
    printf3.o(i.__0fprintf$3) refers to printf3.o(i._printf_core) for _printf_core
    printf3.o(i.__0fprintf$3) refers to serial_debug.o(.text) for fputc
    printf3.o(i.__0printf$3) refers to printf3.o(i._printf_core) for _printf_core
    printf3.o(i.__0printf$3) refers to serial_debug.o(.text) for fputc
    printf3.o(i.__0printf$3) refers to stdout.o(.data) for __stdout
    printf3.o(i.__0snprintf$3) refers to printf3.o(i._printf_core) for _printf_core
    printf3.o(i.__0snprintf$3) refers to printf3.o(i._snputc) for _snputc
    printf3.o(i.__0sprintf$3) refers to printf3.o(i._printf_core) for _printf_core
    printf3.o(i.__0sprintf$3) refers to printf3.o(i._sputc) for _sputc
    printf3.o(i.__0vfprintf$3) refers to printf3.o(i._printf_core) for _printf_core
    printf3.o(i.__0vfprintf$3) refers to serial_debug.o(.text) for fputc
    printf3.o(i.__0vprintf$3) refers to printf3.o(i._printf_core) for _printf_core
    printf3.o(i.__0vprintf$3) refers to serial_debug.o(.text) for fputc
    printf3.o(i.__0vprintf$3) refers to stdout.o(.data) for __stdout
    printf3.o(i.__0vsnprintf$3) refers to printf3.o(i._printf_core) for _printf_core
    printf3.o(i.__0vsnprintf$3) refers to printf3.o(i._snputc) for _snputc
    printf3.o(i.__0vsprintf$3) refers to printf3.o(i._printf_core) for _printf_core
    printf3.o(i.__0vsprintf$3) refers to printf3.o(i._sputc) for _sputc
    printf3.o(i._printf_core) refers to uidiv.o(.text) for __aeabi_uidivmod
    printf4.o(i.__0fprintf$4) refers to printf4.o(i._printf_core) for _printf_core
    printf4.o(i.__0fprintf$4) refers to serial_debug.o(.text) for fputc
    printf4.o(i.__0printf$4) refers to printf4.o(i._printf_core) for _printf_core
    printf4.o(i.__0printf$4) refers to serial_debug.o(.text) for fputc
    printf4.o(i.__0printf$4) refers to stdout.o(.data) for __stdout
    printf4.o(i.__0snprintf$4) refers to printf4.o(i._printf_core) for _printf_core
    printf4.o(i.__0snprintf$4) refers to printf4.o(i._snputc) for _snputc
    printf4.o(i.__0sprintf$4) refers to printf4.o(i._printf_core) for _printf_core
    printf4.o(i.__0sprintf$4) refers to printf4.o(i._sputc) for _sputc
    printf4.o(i.__0vfprintf$4) refers to printf4.o(i._printf_core) for _printf_core
    printf4.o(i.__0vfprintf$4) refers to serial_debug.o(.text) for fputc
    printf4.o(i.__0vprintf$4) refers to printf4.o(i._printf_core) for _printf_core
    printf4.o(i.__0vprintf$4) refers to serial_debug.o(.text) for fputc
    printf4.o(i.__0vprintf$4) refers to stdout.o(.data) for __stdout
    printf4.o(i.__0vsnprintf$4) refers to printf4.o(i._printf_core) for _printf_core
    printf4.o(i.__0vsnprintf$4) refers to printf4.o(i._snputc) for _snputc
    printf4.o(i.__0vsprintf$4) refers to printf4.o(i._printf_core) for _printf_core
    printf4.o(i.__0vsprintf$4) refers to printf4.o(i._sputc) for _sputc
    printf4.o(i._printf_core) refers to uldiv.o(.text) for __aeabi_uldivmod
    printf5.o(i.__0fprintf$5) refers to printf5.o(i._printf_core) for _printf_core
    printf5.o(i.__0fprintf$5) refers to serial_debug.o(.text) for fputc
    printf5.o(i.__0printf$5) refers to printf5.o(i._printf_core) for _printf_core
    printf5.o(i.__0printf$5) refers to serial_debug.o(.text) for fputc
    printf5.o(i.__0printf$5) refers to stdout.o(.data) for __stdout
    printf5.o(i.__0snprintf$5) refers to printf5.o(i._printf_core) for _printf_core
    printf5.o(i.__0snprintf$5) refers to printf5.o(i._snputc) for _snputc
    printf5.o(i.__0sprintf$5) refers to printf5.o(i._printf_core) for _printf_core
    printf5.o(i.__0sprintf$5) refers to printf5.o(i._sputc) for _sputc
    printf5.o(i.__0vfprintf$5) refers to printf5.o(i._printf_core) for _printf_core
    printf5.o(i.__0vfprintf$5) refers to serial_debug.o(.text) for fputc
    printf5.o(i.__0vprintf$5) refers to printf5.o(i._printf_core) for _printf_core
    printf5.o(i.__0vprintf$5) refers to serial_debug.o(.text) for fputc
    printf5.o(i.__0vprintf$5) refers to stdout.o(.data) for __stdout
    printf5.o(i.__0vsnprintf$5) refers to printf5.o(i._printf_core) for _printf_core
    printf5.o(i.__0vsnprintf$5) refers to printf5.o(i._snputc) for _snputc
    printf5.o(i.__0vsprintf$5) refers to printf5.o(i._printf_core) for _printf_core
    printf5.o(i.__0vsprintf$5) refers to printf5.o(i._sputc) for _sputc
    printf5.o(i._printf_core) refers to uldiv.o(.text) for __aeabi_uldivmod
    printf6.o(i.__0fprintf$6) refers to printf6.o(i._printf_core) for _printf_core
    printf6.o(i.__0fprintf$6) refers to serial_debug.o(.text) for fputc
    printf6.o(i.__0printf$6) refers to printf6.o(i._printf_core) for _printf_core
    printf6.o(i.__0printf$6) refers to serial_debug.o(.text) for fputc
    printf6.o(i.__0printf$6) refers to stdout.o(.data) for __stdout
    printf6.o(i.__0snprintf$6) refers to printf6.o(i._printf_core) for _printf_core
    printf6.o(i.__0snprintf$6) refers to printf6.o(i._snputc) for _snputc
    printf6.o(i.__0sprintf$6) refers to printf6.o(i._printf_core) for _printf_core
    printf6.o(i.__0sprintf$6) refers to printf6.o(i._sputc) for _sputc
    printf6.o(i.__0vfprintf$6) refers to printf6.o(i._printf_core) for _printf_core
    printf6.o(i.__0vfprintf$6) refers to serial_debug.o(.text) for fputc
    printf6.o(i.__0vprintf$6) refers to printf6.o(i._printf_core) for _printf_core
    printf6.o(i.__0vprintf$6) refers to serial_debug.o(.text) for fputc
    printf6.o(i.__0vprintf$6) refers to stdout.o(.data) for __stdout
    printf6.o(i.__0vsnprintf$6) refers to printf6.o(i._printf_core) for _printf_core
    printf6.o(i.__0vsnprintf$6) refers to printf6.o(i._snputc) for _snputc
    printf6.o(i.__0vsprintf$6) refers to printf6.o(i._printf_core) for _printf_core
    printf6.o(i.__0vsprintf$6) refers to printf6.o(i._sputc) for _sputc
    printf6.o(i._printf_core) refers to printf6.o(i._printf_pre_padding) for _printf_pre_padding
    printf6.o(i._printf_core) refers to uidiv.o(.text) for __aeabi_uidivmod
    printf6.o(i._printf_core) refers to printf6.o(i._printf_post_padding) for _printf_post_padding
    printf7.o(i.__0fprintf$7) refers to printf7.o(i._printf_core) for _printf_core
    printf7.o(i.__0fprintf$7) refers to serial_debug.o(.text) for fputc
    printf7.o(i.__0printf$7) refers to printf7.o(i._printf_core) for _printf_core
    printf7.o(i.__0printf$7) refers to serial_debug.o(.text) for fputc
    printf7.o(i.__0printf$7) refers to stdout.o(.data) for __stdout
    printf7.o(i.__0snprintf$7) refers to printf7.o(i._printf_core) for _printf_core
    printf7.o(i.__0snprintf$7) refers to printf7.o(i._snputc) for _snputc
    printf7.o(i.__0sprintf$7) refers to printf7.o(i._printf_core) for _printf_core
    printf7.o(i.__0sprintf$7) refers to printf7.o(i._sputc) for _sputc
    printf7.o(i.__0vfprintf$7) refers to printf7.o(i._printf_core) for _printf_core
    printf7.o(i.__0vfprintf$7) refers to serial_debug.o(.text) for fputc
    printf7.o(i.__0vprintf$7) refers to printf7.o(i._printf_core) for _printf_core
    printf7.o(i.__0vprintf$7) refers to serial_debug.o(.text) for fputc
    printf7.o(i.__0vprintf$7) refers to stdout.o(.data) for __stdout
    printf7.o(i.__0vsnprintf$7) refers to printf7.o(i._printf_core) for _printf_core
    printf7.o(i.__0vsnprintf$7) refers to printf7.o(i._snputc) for _snputc
    printf7.o(i.__0vsprintf$7) refers to printf7.o(i._printf_core) for _printf_core
    printf7.o(i.__0vsprintf$7) refers to printf7.o(i._sputc) for _sputc
    printf7.o(i._printf_core) refers to printf7.o(i._printf_pre_padding) for _printf_pre_padding
    printf7.o(i._printf_core) refers to uldiv.o(.text) for __aeabi_uldivmod
    printf7.o(i._printf_core) refers to printf7.o(i._printf_post_padding) for _printf_post_padding
    printf8.o(i.__0fprintf$8) refers to printf8.o(i._printf_core) for _printf_core
    printf8.o(i.__0fprintf$8) refers to serial_debug.o(.text) for fputc
    printf8.o(i.__0printf$8) refers to printf8.o(i._printf_core) for _printf_core
    printf8.o(i.__0printf$8) refers to serial_debug.o(.text) for fputc
    printf8.o(i.__0printf$8) refers to stdout.o(.data) for __stdout
    printf8.o(i.__0snprintf$8) refers to printf8.o(i._printf_core) for _printf_core
    printf8.o(i.__0snprintf$8) refers to printf8.o(i._snputc) for _snputc
    printf8.o(i.__0sprintf$8) refers to printf8.o(i._printf_core) for _printf_core
    printf8.o(i.__0sprintf$8) refers to printf8.o(i._sputc) for _sputc
    printf8.o(i.__0vfprintf$8) refers to printf8.o(i._printf_core) for _printf_core
    printf8.o(i.__0vfprintf$8) refers to serial_debug.o(.text) for fputc
    printf8.o(i.__0vprintf$8) refers to printf8.o(i._printf_core) for _printf_core
    printf8.o(i.__0vprintf$8) refers to serial_debug.o(.text) for fputc
    printf8.o(i.__0vprintf$8) refers to stdout.o(.data) for __stdout
    printf8.o(i.__0vsnprintf$8) refers to printf8.o(i._printf_core) for _printf_core
    printf8.o(i.__0vsnprintf$8) refers to printf8.o(i._snputc) for _snputc
    printf8.o(i.__0vsprintf$8) refers to printf8.o(i._printf_core) for _printf_core
    printf8.o(i.__0vsprintf$8) refers to printf8.o(i._sputc) for _sputc
    printf8.o(i._printf_core) refers to printf8.o(i._printf_pre_padding) for _printf_pre_padding
    printf8.o(i._printf_core) refers to uldiv.o(.text) for __aeabi_uldivmod
    printf8.o(i._printf_core) refers to printf8.o(i._printf_post_padding) for _printf_post_padding
    printfa.o(i.__0fprintf) refers (Special) to iusefp.o(.text) for __I$use$fp
    printfa.o(i.__0fprintf) refers to printfa.o(i._printf_core) for _printf_core
    printfa.o(i.__0fprintf) refers to serial_debug.o(.text) for fputc
    printfa.o(i.__0printf) refers (Special) to iusefp.o(.text) for __I$use$fp
    printfa.o(i.__0printf) refers to printfa.o(i._printf_core) for _printf_core
    printfa.o(i.__0printf) refers to serial_debug.o(.text) for fputc
    printfa.o(i.__0printf) refers to stdout.o(.data) for __stdout
    printfa.o(i.__0snprintf) refers (Special) to iusefp.o(.text) for __I$use$fp
    printfa.o(i.__0snprintf) refers to printfa.o(i._printf_core) for _printf_core
    printfa.o(i.__0snprintf) refers to printfa.o(i._snputc) for _snputc
    printfa.o(i.__0sprintf) refers (Special) to iusefp.o(.text) for __I$use$fp
    printfa.o(i.__0sprintf) refers to printfa.o(i._printf_core) for _printf_core
    printfa.o(i.__0sprintf) refers to printfa.o(i._sputc) for _sputc
    printfa.o(i.__0vfprintf) refers (Special) to iusefp.o(.text) for __I$use$fp
    printfa.o(i.__0vfprintf) refers to printfa.o(i._printf_core) for _printf_core
    printfa.o(i.__0vfprintf) refers to serial_debug.o(.text) for fputc
    printfa.o(i.__0vprintf) refers (Special) to iusefp.o(.text) for __I$use$fp
    printfa.o(i.__0vprintf) refers to printfa.o(i._printf_core) for _printf_core
    printfa.o(i.__0vprintf) refers to serial_debug.o(.text) for fputc
    printfa.o(i.__0vprintf) refers to stdout.o(.data) for __stdout
    printfa.o(i.__0vsnprintf) refers (Special) to iusefp.o(.text) for __I$use$fp
    printfa.o(i.__0vsnprintf) refers to printfa.o(i._printf_core) for _printf_core
    printfa.o(i.__0vsnprintf) refers to printfa.o(i._snputc) for _snputc
    printfa.o(i.__0vsprintf) refers (Special) to iusefp.o(.text) for __I$use$fp
    printfa.o(i.__0vsprintf) refers to printfa.o(i._printf_core) for _printf_core
    printfa.o(i.__0vsprintf) refers to printfa.o(i._sputc) for _sputc
    printfa.o(i._fp_digits) refers (Special) to iusefp.o(.text) for __I$use$fp
    printfa.o(i._fp_digits) refers to dmul.o(.text) for __aeabi_dmul
    printfa.o(i._fp_digits) refers to ddiv.o(.text) for __aeabi_ddiv
    printfa.o(i._fp_digits) refers to cdrcmple.o(.text) for __aeabi_cdrcmple
    printfa.o(i._fp_digits) refers to dadd.o(.text) for __aeabi_dadd
    printfa.o(i._fp_digits) refers to dfixul.o(.text) for __aeabi_d2ulz
    printfa.o(i._fp_digits) refers to uldiv.o(.text) for __aeabi_uldivmod
    printfa.o(i._printf_core) refers (Special) to iusefp.o(.text) for __I$use$fp
    printfa.o(i._printf_core) refers to printfa.o(i._printf_pre_padding) for _printf_pre_padding
    printfa.o(i._printf_core) refers to uldiv.o(.text) for __aeabi_uldivmod
    printfa.o(i._printf_core) refers to printfa.o(i._printf_post_padding) for _printf_post_padding
    printfa.o(i._printf_core) refers to printfa.o(i._fp_digits) for _fp_digits
    printfa.o(i._printf_core) refers to uidiv.o(.text) for __aeabi_uidivmod
    printfa.o(i._printf_post_padding) refers (Special) to iusefp.o(.text) for __I$use$fp
    printfa.o(i._printf_pre_padding) refers (Special) to iusefp.o(.text) for __I$use$fp
    printfa.o(i._snputc) refers (Special) to iusefp.o(.text) for __I$use$fp
    printfa.o(i._sputc) refers (Special) to iusefp.o(.text) for __I$use$fp
    malloc.o(i.free) refers to mvars.o(.data) for __microlib_freelist
    malloc.o(i.malloc) refers to mvars.o(.data) for __microlib_freelist_initialised
    malloc.o(i.malloc) refers to mvars.o(.data) for __microlib_freelist
    malloc.o(i.malloc) refers to startup_tm4c123.o(HEAP) for __heap_base
    mallocr.o(i.__free$realloc) refers to mvars.o(.data) for __microlib_freelist
    mallocr.o(i.__malloc$realloc) refers to mallocr.o(i.internal_alloc) for internal_alloc
    mallocr.o(i.__malloc$realloc) refers to mvars.o(.data) for __microlib_freelist_initialised
    mallocr.o(i.__malloc$realloc) refers to startup_tm4c123.o(HEAP) for __heap_base
    mallocr.o(i.__malloc$realloc) refers to mvars.o(.data) for __microlib_freelist
    mallocr.o(i.internal_alloc) refers to memcpya.o(.text) for __aeabi_memcpy
    mallocr.o(i.internal_alloc) refers to mvars.o(.data) for __microlib_freelist
    mallocr.o(i.realloc) refers to mallocr.o(i.__free$realloc) for __free$realloc
    mallocr.o(i.realloc) refers to mallocr.o(i.internal_alloc) for internal_alloc
    mallocr.o(i.realloc) refers to mallocr.o(i.__malloc$realloc) for __malloc$realloc
    mallocr.o(i.realloc) refers to mvars.o(.data) for __microlib_freelist
    malloca.o(i.__aligned_malloc) refers to mvars.o(.data) for __microlib_freelist_initialised
    malloca.o(i.__aligned_malloc) refers to mvars.o(.data) for __microlib_freelist
    malloca.o(i.__aligned_malloc) refers to startup_tm4c123.o(HEAP) for __heap_base
    malloca.o(i.__free$memalign) refers to mvars.o(.data) for __microlib_freelist
    malloca.o(i.__malloc$memalign) refers to malloca.o(i.__aligned_malloc) for __aligned_malloc
    mallocra.o(i.__aligned_malloc$realloc) refers to mallocra.o(i.internal_alloc) for internal_alloc
    mallocra.o(i.__aligned_malloc$realloc) refers to mvars.o(.data) for __microlib_freelist_initialised
    mallocra.o(i.__aligned_malloc$realloc) refers to startup_tm4c123.o(HEAP) for __heap_base
    mallocra.o(i.__aligned_malloc$realloc) refers to mvars.o(.data) for __microlib_freelist
    mallocra.o(i.__free$realloc$memalign) refers to mvars.o(.data) for __microlib_freelist
    mallocra.o(i.__malloc$realloc$memalign) refers to mallocra.o(i.__aligned_malloc$realloc) for __aligned_malloc$realloc
    mallocra.o(i.__realloc$memalign) refers to mallocra.o(i.__free$realloc$memalign) for __free$realloc$memalign
    mallocra.o(i.__realloc$memalign) refers to mallocra.o(i.internal_alloc) for internal_alloc
    mallocra.o(i.__realloc$memalign) refers to mallocra.o(i.__malloc$realloc$memalign) for __malloc$realloc$memalign
    mallocra.o(i.__realloc$memalign) refers to mvars.o(.data) for __microlib_freelist
    mallocra.o(i.internal_alloc) refers to memcpya.o(.text) for __aeabi_memcpy
    mallocra.o(i.internal_alloc) refers to mvars.o(.data) for __microlib_freelist
    entry2.o(.ARM.Collect$$$$00000001) refers to entry2.o(.ARM.Collect$$$$00002712) for __lit__00000000
    entry2.o(.ARM.Collect$$$$00002712) refers to startup_tm4c123.o(STACK) for __initial_sp
    entry2.o(__vectab_stack_and_reset_area) refers to startup_tm4c123.o(STACK) for __initial_sp
    entry2.o(__vectab_stack_and_reset_area) refers to entry.o(.ARM.Collect$$$$00000000) for __main
    entry5.o(.ARM.Collect$$$$00000004) refers to init.o(.text) for __scatterload
    entry9a.o(.ARM.Collect$$$$0000000B) refers to main.o(.text) for main
    entry9b.o(.ARM.Collect$$$$0000000C) refers to main.o(.text) for main
    uldiv.o(.text) refers to llushr.o(.text) for __aeabi_llsr
    uldiv.o(.text) refers to llshl.o(.text) for __aeabi_llsl
    dadd.o(.text) refers to llshl.o(.text) for __aeabi_llsl
    dadd.o(.text) refers to llsshr.o(.text) for __aeabi_lasr
    dadd.o(.text) refers to depilogue.o(.text) for _double_epilogue
    dmul.o(.text) refers to depilogue.o(.text) for _double_epilogue
    ddiv.o(.text) refers to depilogue.o(.text) for _double_round
    dfixul.o(.text) refers to llushr.o(.text) for __aeabi_llsr
    dfixul.o(.text) refers to llshl.o(.text) for __aeabi_llsl
    init.o(.text) refers to entry5.o(.ARM.Collect$$$$00000004) for __main_after_scatterload
    depilogue.o(.text) refers to llshl.o(.text) for __aeabi_llsl
    depilogue.o(.text) refers to llushr.o(.text) for __aeabi_llsr


==============================================================================

Removing Unused input sections from the image.

    Removing main.o(.rev16_text), (4 bytes).
    Removing main.o(.revsh_text), (4 bytes).
    Removing main.o(.rrx_text), (6 bytes).
    Removing interrupts.o(.rev16_text), (4 bytes).
    Removing interrupts.o(.revsh_text), (4 bytes).
    Removing interrupts.o(.rrx_text), (6 bytes).
    Removing platform.o(.rev16_text), (4 bytes).
    Removing platform.o(.revsh_text), (4 bytes).
    Removing platform.o(.rrx_text), (6 bytes).
    Removing gpio_port.o(.rev16_text), (4 bytes).
    Removing gpio_port.o(.revsh_text), (4 bytes).
    Removing gpio_port.o(.rrx_text), (6 bytes).
    Removing gptimer.o(.rev16_text), (4 bytes).
    Removing gptimer.o(.revsh_text), (4 bytes).
    Removing gptimer.o(.rrx_text), (6 bytes).
    Removing i2c.o(.rev16_text), (4 bytes).
    Removing i2c.o(.revsh_text), (4 bytes).
    Removing i2c.o(.rrx_text), (6 bytes).
    Removing spi.o(.rev16_text), (4 bytes).
    Removing spi.o(.revsh_text), (4 bytes).
    Removing spi.o(.rrx_text), (6 bytes).
    Removing uart.o(.rev16_text), (4 bytes).
    Removing uart.o(.revsh_text), (4 bytes).
    Removing uart.o(.rrx_text), (6 bytes).
    Removing eeprom.o(.rev16_text), (4 bytes).
    Removing eeprom.o(.revsh_text), (4 bytes).
    Removing eeprom.o(.rrx_text), (6 bytes).
    Removing ft6x06.o(.rev16_text), (4 bytes).
    Removing ft6x06.o(.revsh_text), (4 bytes).
    Removing ft6x06.o(.rrx_text), (6 bytes).
    Removing lcd.o(.rev16_text), (4 bytes).
    Removing lcd.o(.revsh_text), (4 bytes).
    Removing lcd.o(.rrx_text), (6 bytes).
    Removing lcd_buttons.o(.rev16_text), (4 bytes).
    Removing lcd_buttons.o(.revsh_text), (4 bytes).
    Removing lcd_buttons.o(.rrx_text), (6 bytes).
    Removing lcd_fonts.o(.rev16_text), (4 bytes).
    Removing lcd_fonts.o(.revsh_text), (4 bytes).
    Removing lcd_fonts.o(.rrx_text), (6 bytes).
    Removing lcd_images.o(.constdata), (4864 bytes).
    Removing lcd_terminal.o(.rev16_text), (4 bytes).
    Removing lcd_terminal.o(.revsh_text), (4 bytes).
    Removing lcd_terminal.o(.rrx_text), (6 bytes).
    Removing serial_debug.o(.rev16_text), (4 bytes).
    Removing serial_debug.o(.revsh_text), (4 bytes).
    Removing serial_debug.o(.rrx_text), (6 bytes).
    Removing spi_select.o(.rev16_text), (4 bytes).
    Removing spi_select.o(.revsh_text), (4 bytes).
    Removing spi_select.o(.rrx_text), (6 bytes).
    Removing wireless.o(.rev16_text), (4 bytes).
    Removing wireless.o(.revsh_text), (4 bytes).
    Removing wireless.o(.rrx_text), (6 bytes).
    Removing wireless.o(.conststring), (125 bytes).
    Removing wireless.o(.data), (24 bytes).
    Removing system_tm4c123.o(.rev16_text), (4 bytes).
    Removing system_tm4c123.o(.revsh_text), (4 bytes).
    Removing system_tm4c123.o(.rrx_text), (6 bytes).
    Removing dadd.o(.text), (334 bytes).
    Removing dmul.o(.text), (228 bytes).
    Removing ddiv.o(.text), (222 bytes).
    Removing dfixul.o(.text), (48 bytes).
    Removing cdrcmple.o(.text), (48 bytes).
    Removing depilogue.o(.text), (186 bytes).

63 unused section(s) (total 6331 bytes) removed from the image.

==============================================================================

Image Symbol Table

    Local Symbols

    Symbol Name                              Value     Ov Type        Size  Object(Section)

    RESET                                    0x00000000   Section      620  startup_tm4c123.o(RESET)
    ../clib/microlib/division.c              0x00000000   Number         0  uldiv.o ABSOLUTE
    ../clib/microlib/division.c              0x00000000   Number         0  uidiv.o ABSOLUTE
    ../clib/microlib/init/entry.s            0x00000000   Number         0  entry11a.o ABSOLUTE
    ../clib/microlib/init/entry.s            0x00000000   Number         0  entry10b.o ABSOLUTE
    ../clib/microlib/init/entry.s            0x00000000   Number         0  entry2.o ABSOLUTE
    ../clib/microlib/init/entry.s            0x00000000   Number         0  entry5.o ABSOLUTE
    ../clib/microlib/init/entry.s            0x00000000   Number         0  entry7a.o ABSOLUTE
    ../clib/microlib/init/entry.s            0x00000000   Number         0  entry10a.o ABSOLUTE
    ../clib/microlib/init/entry.s            0x00000000   Number         0  entry7b.o ABSOLUTE
    ../clib/microlib/init/entry.s            0x00000000   Number         0  entry8a.o ABSOLUTE
    ../clib/microlib/init/entry.s            0x00000000   Number         0  entry.o ABSOLUTE
    ../clib/microlib/init/entry.s            0x00000000   Number         0  entry9b.o ABSOLUTE
    ../clib/microlib/init/entry.s            0x00000000   Number         0  entry8b.o ABSOLUTE
    ../clib/microlib/init/entry.s            0x00000000   Number         0  entry9a.o ABSOLUTE
    ../clib/microlib/init/entry.s            0x00000000   Number         0  entry11b.o ABSOLUTE
    ../clib/microlib/longlong.c              0x00000000   Number         0  llsshr.o ABSOLUTE
    ../clib/microlib/longlong.c              0x00000000   Number         0  llushr.o ABSOLUTE
    ../clib/microlib/longlong.c              0x00000000   Number         0  llshl.o ABSOLUTE
    ../clib/microlib/malloc/malloc.c         0x00000000   Number         0  malloca.o ABSOLUTE
    ../clib/microlib/malloc/malloc.c         0x00000000   Number         0  mallocra.o ABSOLUTE
    ../clib/microlib/malloc/malloc.c         0x00000000   Number         0  malloc.o ABSOLUTE
    ../clib/microlib/malloc/malloc.c         0x00000000   Number         0  mallocr.o ABSOLUTE
    ../clib/microlib/malloc/mvars.c          0x00000000   Number         0  mvars.o ABSOLUTE
    ../clib/microlib/printf/printf.c         0x00000000   Number         0  printfb.o ABSOLUTE
    ../clib/microlib/printf/printf.c         0x00000000   Number         0  printf5.o ABSOLUTE
    ../clib/microlib/printf/printf.c         0x00000000   Number         0  printfa.o ABSOLUTE
    ../clib/microlib/printf/printf.c         0x00000000   Number         0  printf8.o ABSOLUTE
    ../clib/microlib/printf/printf.c         0x00000000   Number         0  printf7.o ABSOLUTE
    ../clib/microlib/printf/printf.c         0x00000000   Number         0  printf6.o ABSOLUTE
    ../clib/microlib/printf/printf.c         0x00000000   Number         0  printf4.o ABSOLUTE
    ../clib/microlib/printf/printf.c         0x00000000   Number         0  printf2.o ABSOLUTE
    ../clib/microlib/printf/printf.c         0x00000000   Number         0  printf1.o ABSOLUTE
    ../clib/microlib/printf/printf.c         0x00000000   Number         0  printf0.o ABSOLUTE
    ../clib/microlib/printf/printf.c         0x00000000   Number         0  printf3.o ABSOLUTE
    ../clib/microlib/printf/stubs.s          0x00000000   Number         0  stubs.o ABSOLUTE
    ../clib/microlib/stdio/streams.c         0x00000000   Number         0  stdout.o ABSOLUTE
    ../clib/microlib/string/memcpy.c         0x00000000   Number         0  memcpya.o ABSOLUTE
    ../clib/microlib/string/memcpy.c         0x00000000   Number         0  memcpyb.o ABSOLUTE
    ../clib/microlib/string/memset.c         0x00000000   Number         0  memseta.o ABSOLUTE
    ../clib/microlib/string/strcpy.c         0x00000000   Number         0  strcpy.o ABSOLUTE
    ../clib/microlib/stubs.s                 0x00000000   Number         0  iusefp.o ABSOLUTE
    ../fplib/microlib/fpadd.c                0x00000000   Number         0  dadd.o ABSOLUTE
    ../fplib/microlib/fpdiv.c                0x00000000   Number         0  ddiv.o ABSOLUTE
    ../fplib/microlib/fpepilogue.c           0x00000000   Number         0  depilogue.o ABSOLUTE
    ../fplib/microlib/fpfix.c                0x00000000   Number         0  dfixul.o ABSOLUTE
    ../fplib/microlib/fpmul.c                0x00000000   Number         0  dmul.o ABSOLUTE
    ..\\drivers\\c\\gpio_port.c              0x00000000   Number         0  gpio_port.o ABSOLUTE
    ..\\drivers\\c\\gptimer.c                0x00000000   Number         0  gptimer.o ABSOLUTE
    ..\\drivers\\c\\i2c.c                    0x00000000   Number         0  i2c.o ABSOLUTE
    ..\\drivers\\c\\spi.c                    0x00000000   Number         0  spi.o ABSOLUTE
    ..\\drivers\\c\\uart.c                   0x00000000   Number         0  uart.o ABSOLUTE
    ..\\peripherals\\c\\eeprom.c             0x00000000   Number         0  eeprom.o ABSOLUTE
    ..\\peripherals\\c\\ft6x06.c             0x00000000   Number         0  ft6x06.o ABSOLUTE
    ..\\peripherals\\c\\lcd.c                0x00000000   Number         0  lcd.o ABSOLUTE
    ..\\peripherals\\c\\lcd_buttons.c        0x00000000   Number         0  lcd_buttons.o ABSOLUTE
    ..\\peripherals\\c\\lcd_fonts.c          0x00000000   Number         0  lcd_fonts.o ABSOLUTE
    ..\\peripherals\\c\\lcd_terminal.c       0x00000000   Number         0  lcd_terminal.o ABSOLUTE
    ..\\peripherals\\c\\serial_debug.c       0x00000000   Number         0  serial_debug.o ABSOLUTE
    ..\\peripherals\\c\\spi_select.c         0x00000000   Number         0  spi_select.o ABSOLUTE
    ..\\peripherals\\c\\wireless.c           0x00000000   Number         0  wireless.o ABSOLUTE
    ..\drivers\c\gpio_port.c                 0x00000000   Number         0  gpio_port.o ABSOLUTE
    ..\drivers\c\gptimer.c                   0x00000000   Number         0  gptimer.o ABSOLUTE
    ..\drivers\c\i2c.c                       0x00000000   Number         0  i2c.o ABSOLUTE
    ..\drivers\c\pc_buffer.c                 0x00000000   Number         0  pc_buffer.o ABSOLUTE
    ..\drivers\c\spi.c                       0x00000000   Number         0  spi.o ABSOLUTE
    ..\drivers\c\uart.c                      0x00000000   Number         0  uart.o ABSOLUTE
    ..\peripherals\c\ece353_images.c         0x00000000   Number         0  ece353_images.o ABSOLUTE
    ..\peripherals\c\eeprom.c                0x00000000   Number         0  eeprom.o ABSOLUTE
    ..\peripherals\c\ft6x06.c                0x00000000   Number         0  ft6x06.o ABSOLUTE
    ..\peripherals\c\lcd.c                   0x00000000   Number         0  lcd.o ABSOLUTE
    ..\peripherals\c\lcd_buttons.c           0x00000000   Number         0  lcd_buttons.o ABSOLUTE
    ..\peripherals\c\lcd_fonts.c             0x00000000   Number         0  lcd_fonts.o ABSOLUTE
    ..\peripherals\c\lcd_images.c            0x00000000   Number         0  lcd_images.o ABSOLUTE
    ..\peripherals\c\lcd_terminal.c          0x00000000   Number         0  lcd_terminal.o ABSOLUTE
    ..\peripherals\c\serial_debug.c          0x00000000   Number         0  serial_debug.o ABSOLUTE
    ..\peripherals\c\spi_select.c            0x00000000   Number         0  spi_select.o ABSOLUTE
    ..\peripherals\c\wireless.c              0x00000000   Number         0  wireless.o ABSOLUTE
    RTE\Device\TM4C123GH6PM\startup_TM4C123.s 0x00000000   Number         0  startup_tm4c123.o ABSOLUTE
    RTE\Device\TM4C123GH6PM\system_TM4C123.c 0x00000000   Number         0  system_tm4c123.o ABSOLUTE
    RTE\\Device\\TM4C123GH6PM\\system_TM4C123.c 0x00000000   Number         0  system_tm4c123.o ABSOLUTE
    cdrcmple.s                               0x00000000   Number         0  cdrcmple.o ABSOLUTE
    dc.s                                     0x00000000   Number         0  dc.o ABSOLUTE
    handlers.s                               0x00000000   Number         0  handlers.o ABSOLUTE
    init.s                                   0x00000000   Number         0  init.o ABSOLUTE
    interrupts.c                             0x00000000   Number         0  interrupts.o ABSOLUTE
    interrupts.c                             0x00000000   Number         0  interrupts.o ABSOLUTE
    main.c                                   0x00000000   Number         0  main.o ABSOLUTE
    main.c                                   0x00000000   Number         0  main.o ABSOLUTE
    platform.c                               0x00000000   Number         0  platform.o ABSOLUTE
    platform.c                               0x00000000   Number         0  platform.o ABSOLUTE
    .ARM.Collect$$$$00000000                 0x0000026c   Section        0  entry.o(.ARM.Collect$$$$00000000)
    .ARM.Collect$$$$00000001                 0x0000026c   Section        4  entry2.o(.ARM.Collect$$$$00000001)
    .ARM.Collect$$$$00000004                 0x00000270   Section        4  entry5.o(.ARM.Collect$$$$00000004)
    .ARM.Collect$$$$00000008                 0x00000274   Section        0  entry7b.o(.ARM.Collect$$$$00000008)
    .ARM.Collect$$$$0000000A                 0x00000274   Section        0  entry8b.o(.ARM.Collect$$$$0000000A)
    .ARM.Collect$$$$0000000B                 0x00000274   Section        8  entry9a.o(.ARM.Collect$$$$0000000B)
    .ARM.Collect$$$$0000000D                 0x0000027c   Section        0  entry10a.o(.ARM.Collect$$$$0000000D)
    .ARM.Collect$$$$0000000F                 0x0000027c   Section        0  entry11a.o(.ARM.Collect$$$$0000000F)
    .ARM.Collect$$$$00002712                 0x0000027c   Section        4  entry2.o(.ARM.Collect$$$$00002712)
    __lit__00000000                          0x0000027c   Data           4  entry2.o(.ARM.Collect$$$$00002712)
    .text                                    0x00000280   Section        0  main.o(.text)
    .text                                    0x0000030c   Section        0  interrupts.o(.text)
    .text                                    0x00000354   Section        0  platform.o(.text)
    .text                                    0x00001078   Section        0  gpio_port.o(.text)
    verify_base_addr                         0x00001079   Thumb Code    64  gpio_port.o(.text)
    .text                                    0x0000133c   Section        0  gptimer.o(.text)
    NVIC_SetPriority                         0x0000133d   Thumb Code    32  gptimer.o(.text)
    NVIC_EnableIRQ                           0x00001673   Thumb Code    22  gptimer.o(.text)
    .text                                    0x000016a4   Section        0  i2c.o(.text)
    .text                                    0x000018ac   Section        0  pc_buffer.o(.text)
    .text                                    0x00001928   Section        0  spi.o(.text)
    .text                                    0x00001ab4   Section        0  uart.o(.text)
    .text                                    0x00001d24   Section        0  eeprom.o(.text)
    eeprom_wait_for_write                    0x00001d25   Thumb Code    68  eeprom.o(.text)
    .text                                    0x00001edc   Section        0  ft6x06.o(.text)
    .text                                    0x00002194   Section        0  lcd.o(.text)
    lcd_write_cmd_u8                         0x000021af   Thumb Code    34  lcd.o(.text)
    lcd_write_data_u8                        0x000021d1   Thumb Code    36  lcd.o(.text)
    lcd_write_data_u16                       0x000021f5   Thumb Code    60  lcd.o(.text)
    .text                                    0x000029ac   Section        0  lcd_buttons.o(.text)
    .text                                    0x00002b92   Section        0  lcd_fonts.o(.text)
    .text                                    0x00002d24   Section        0  lcd_terminal.o(.text)
    terminal_clear_line                      0x00002d25   Thumb Code    46  lcd_terminal.o(.text)
    terminal_update_line                     0x00002d53   Thumb Code    62  lcd_terminal.o(.text)
    .text                                    0x0000383c   Section        0  serial_debug.o(.text)
    .text                                    0x00003a4c   Section        0  spi_select.o(.text)
    .text                                    0x00003af0   Section        0  wireless.o(.text)
    wireless_reg_read                        0x00003aff   Thumb Code    40  wireless.o(.text)
    wireless_reg_write                       0x00003b27   Thumb Code    40  wireless.o(.text)
    wireless_rx_data_payload                 0x00003b4f   Thumb Code    80  wireless.o(.text)
    wireless_set_rx_addr                     0x00003b9f   Thumb Code   118  wireless.o(.text)
    wireless_get_status                      0x00003c15   Thumb Code    32  wireless.o(.text)
    wireless_CSN_low                         0x00004015   Thumb Code    18  wireless.o(.text)
    wireless_CSN_high                        0x00004027   Thumb Code    18  wireless.o(.text)
    wireless_CE_low                          0x00004039   Thumb Code    16  wireless.o(.text)
    wireless_CE_high                         0x00004049   Thumb Code    16  wireless.o(.text)
    wireless_flush_tx_fifo                   0x00004059   Thumb Code    28  wireless.o(.text)
    wireless_flush_rx_fifo                   0x00004075   Thumb Code    28  wireless.o(.text)
    wireless_rx_fifo_empty                   0x00004091   Thumb Code    24  wireless.o(.text)
    wireless_status_tx_ds_asserted           0x000040a9   Thumb Code    16  wireless.o(.text)
    wireless_status_tx_full_asserted         0x000040b9   Thumb Code    16  wireless.o(.text)
    wireless_clear_max_rt                    0x000040c9   Thumb Code    12  wireless.o(.text)
    .text                                    0x0000418c   Section      252  startup_tm4c123.o(.text)
    $v0                                      0x0000418c   Number         0  startup_tm4c123.o(.text)
    .text                                    0x00004288   Section        0  system_tm4c123.o(.text)
    getOscClk                                0x00004289   Thumb Code   182  system_tm4c123.o(.text)
    .text                                    0x000044d4   Section        0  memseta.o(.text)
    .text                                    0x000044f8   Section        0  strcpy.o(.text)
    .text                                    0x0000450a   Section        0  uldiv.o(.text)
    .text                                    0x0000456c   Section       36  init.o(.text)
    .text                                    0x00004590   Section        0  llshl.o(.text)
    .text                                    0x000045ae   Section        0  llushr.o(.text)
    i.__0printf$8                            0x000045d0   Section        0  printf8.o(i.__0printf$8)
    i.__0sprintf$8                           0x000045f0   Section        0  printf8.o(i.__0sprintf$8)
    i.__scatterload_copy                     0x00004618   Section       14  handlers.o(i.__scatterload_copy)
    i.__scatterload_null                     0x00004626   Section        2  handlers.o(i.__scatterload_null)
    i.__scatterload_zeroinit                 0x00004628   Section       14  handlers.o(i.__scatterload_zeroinit)
    i._printf_core                           0x00004638   Section        0  printf8.o(i._printf_core)
    _printf_core                             0x00004639   Thumb Code   996  printf8.o(i._printf_core)
    i._printf_post_padding                   0x00004a48   Section        0  printf8.o(i._printf_post_padding)
    _printf_post_padding                     0x00004a49   Thumb Code    36  printf8.o(i._printf_post_padding)
    i._printf_pre_padding                    0x00004a6c   Section        0  printf8.o(i._printf_pre_padding)
    _printf_pre_padding                      0x00004a6d   Thumb Code    46  printf8.o(i._printf_pre_padding)
    i._sputc                                 0x00004a9a   Section        0  printf8.o(i._sputc)
    _sputc                                   0x00004a9b   Thumb Code    10  printf8.o(i._sputc)
    i.free                                   0x00004aa4   Section        0  malloc.o(i.free)
    i.malloc                                 0x00004af4   Section        0  malloc.o(i.malloc)
    .constdata                               0x00004b60   Section     5991  ece353_images.o(.constdata)
    .constdata                               0x000062c8   Section     4200  lcd_fonts.o(.constdata)
    .data                                    0x20000000   Section        3  interrupts.o(.data)
    .data                                    0x20000004   Section        8  platform.o(.data)
    WIRELESS_RX                              0x20000004   Data           1  platform.o(.data)
    i                                        0x20000008   Data           4  platform.o(.data)
    .data                                    0x2000000c   Section        1  lcd_terminal.o(.data)
    .data                                    0x2000000d   Section        2  serial_debug.o(.data)
    Rx_Interrupts_Enabled                    0x2000000d   Data           1  serial_debug.o(.data)
    Tx_Interrupts_Enabled                    0x2000000e   Data           1  serial_debug.o(.data)
    .data                                    0x20000010   Section        4  system_tm4c123.o(.data)
    .data                                    0x20000014   Section        4  stdout.o(.data)
    .data                                    0x20000018   Section        4  mvars.o(.data)
    .data                                    0x2000001c   Section        4  mvars.o(.data)
    .bss                                     0x20000020   Section      400  platform.o(.bss)
    .bss                                     0x200001b0   Section     2500  lcd_terminal.o(.bss)
    .bss                                     0x20000b74   Section       28  serial_debug.o(.bss)
    HEAP                                     0x20000b90   Section        0  startup_tm4c123.o(HEAP)
    STACK                                    0x20000b90   Section     4096  startup_tm4c123.o(STACK)

    Global Symbols

    Symbol Name                              Value     Ov Type        Size  Object(Section)

    BuildAttributes$$THM_ISAv4$E$P$D$K$B$S$7EM$VFPi3$EXTD16$VFPS$VFMA$PE$A:L22UL41UL21$X:L11$S22US41US21$IEEE1$IW$USESV6$~STKCKD$USESV7$~SHL$OSPACE$ROPI$EBA8$MICROLIB$REQ8$PRES8$EABIv2 0x00000000   Number         0  anon$$obj.o ABSOLUTE
    __ARM_use_no_argv                        0x00000000   Number         0  main.o ABSOLUTE
    __Vectors                                0x00000000   Data           4  startup_tm4c123.o(RESET)
    _printf_a                                0x00000000   Number         0  stubs.o ABSOLUTE
    _printf_c                                0x00000000   Number         0  stubs.o ABSOLUTE
    _printf_charcount                        0x00000000   Number         0  stubs.o ABSOLUTE
    _printf_d                                0x00000000   Number         0  stubs.o ABSOLUTE
    _printf_e                                0x00000000   Number         0  stubs.o ABSOLUTE
    _printf_f                                0x00000000   Number         0  stubs.o ABSOLUTE
    _printf_flags                            0x00000000   Number         0  stubs.o ABSOLUTE
    _printf_fp_dec                           0x00000000   Number         0  stubs.o ABSOLUTE
    _printf_fp_hex                           0x00000000   Number         0  stubs.o ABSOLUTE
    _printf_g                                0x00000000   Number         0  stubs.o ABSOLUTE
    _printf_i                                0x00000000   Number         0  stubs.o ABSOLUTE
    _printf_int_dec                          0x00000000   Number         0  stubs.o ABSOLUTE
    _printf_l                                0x00000000   Number         0  stubs.o ABSOLUTE
    _printf_lc                               0x00000000   Number         0  stubs.o ABSOLUTE
    _printf_ll                               0x00000000   Number         0  stubs.o ABSOLUTE
    _printf_lld                              0x00000000   Number         0  stubs.o ABSOLUTE
    _printf_lli                              0x00000000   Number         0  stubs.o ABSOLUTE
    _printf_llo                              0x00000000   Number         0  stubs.o ABSOLUTE
    _printf_llu                              0x00000000   Number         0  stubs.o ABSOLUTE
    _printf_llx                              0x00000000   Number         0  stubs.o ABSOLUTE
    _printf_longlong_dec                     0x00000000   Number         0  stubs.o ABSOLUTE
    _printf_longlong_hex                     0x00000000   Number         0  stubs.o ABSOLUTE
    _printf_longlong_oct                     0x00000000   Number         0  stubs.o ABSOLUTE
    _printf_ls                               0x00000000   Number         0  stubs.o ABSOLUTE
    _printf_mbtowc                           0x00000000   Number         0  stubs.o ABSOLUTE
    _printf_n                                0x00000000   Number         0  stubs.o ABSOLUTE
    _printf_o                                0x00000000   Number         0  stubs.o ABSOLUTE
    _printf_p                                0x00000000   Number         0  stubs.o ABSOLUTE
    _printf_percent                          0x00000000   Number         0  stubs.o ABSOLUTE
    _printf_pre_padding                      0x00000000   Number         0  stubs.o ABSOLUTE
    _printf_return_value                     0x00000000   Number         0  stubs.o ABSOLUTE
    _printf_s                                0x00000000   Number         0  stubs.o ABSOLUTE
    _printf_sizespec                         0x00000000   Number         0  stubs.o ABSOLUTE
    _printf_str                              0x00000000   Number         0  stubs.o ABSOLUTE
    _printf_truncate_signed                  0x00000000   Number         0  stubs.o ABSOLUTE
    _printf_truncate_unsigned                0x00000000   Number         0  stubs.o ABSOLUTE
    _printf_u                                0x00000000   Number         0  stubs.o ABSOLUTE
    _printf_wc                               0x00000000   Number         0  stubs.o ABSOLUTE
    _printf_wctomb                           0x00000000   Number         0  stubs.o ABSOLUTE
    _printf_widthprec                        0x00000000   Number         0  stubs.o ABSOLUTE
    _printf_x                                0x00000000   Number         0  stubs.o ABSOLUTE
    __cpp_initialize__aeabi_                  - Undefined Weak Reference
    __cxa_finalize                            - Undefined Weak Reference
    __decompress                              - Undefined Weak Reference
    _clock_init                               - Undefined Weak Reference
    _microlib_exit                            - Undefined Weak Reference
    __Vectors_End                            0x0000026c   Data           0  startup_tm4c123.o(RESET)
    __Vectors_Size                           0x0000026c   Number         0  startup_tm4c123.o ABSOLUTE
    __main                                   0x0000026d   Thumb Code     0  entry.o(.ARM.Collect$$$$00000000)
    _main_stk                                0x0000026d   Thumb Code     0  entry2.o(.ARM.Collect$$$$00000001)
    _main_scatterload                        0x00000271   Thumb Code     0  entry5.o(.ARM.Collect$$$$00000004)
    __main_after_scatterload                 0x00000275   Thumb Code     0  entry5.o(.ARM.Collect$$$$00000004)
    _main_clock                              0x00000275   Thumb Code     0  entry7b.o(.ARM.Collect$$$$00000008)
    _main_cpp_init                           0x00000275   Thumb Code     0  entry8b.o(.ARM.Collect$$$$0000000A)
    _main_init                               0x00000275   Thumb Code     0  entry9a.o(.ARM.Collect$$$$0000000B)
    __rt_final_cpp                           0x0000027d   Thumb Code     0  entry10a.o(.ARM.Collect$$$$0000000D)
    __rt_final_exit                          0x0000027d   Thumb Code     0  entry11a.o(.ARM.Collect$$$$0000000F)
    main                                     0x00000281   Thumb Code    56  main.o(.text)
    GPIOF_Handler                            0x0000030d   Thumb Code    34  interrupts.o(.text)
    TIMER3A_Handler                          0x0000032f   Thumb Code    20  interrupts.o(.text)
    DisableInterrupts                        0x00000355   Thumb Code     4  platform.o(.text)
    EnableInterrupts                         0x00000359   Thumb Code     4  platform.o(.text)
    platform_detect_touch                    0x0000035d   Thumb Code   130  platform.o(.text)
    platform_init_buttons                    0x000003df   Thumb Code   982  platform.o(.text)
    platform_get_nrf24l01p_id                0x000007b5   Thumb Code   120  platform.o(.text)
    platform_print_wireless_ids              0x0000082d   Thumb Code   174  platform.o(.text)
    platform_print_wirless_info              0x000008db   Thumb Code    38  platform.o(.text)
    platform_print_keypad                    0x00000901   Thumb Code    92  platform.o(.text)
    platform_id_entry_box                    0x0000095d   Thumb Code   134  platform.o(.text)
    platform_platform_update_id              0x000009e3   Thumb Code   276  platform.o(.text)
    platform_clear_id                        0x00000af7   Thumb Code   450  platform.o(.text)
    platform_set_nrf24l01p_id                0x00000cb9   Thumb Code    78  platform.o(.text)
    platform_set_device_id                   0x00000d07   Thumb Code   158  platform.o(.text)
    platform_wait                            0x00000da5   Thumb Code    14  platform.o(.text)
    platform_process_buttons                 0x00000db3   Thumb Code   308  platform.o(.text)
    platform_wireless_network_init           0x00000ee7   Thumb Code    32  platform.o(.text)
    platform_process_wireless                0x00000f07   Thumb Code   122  platform.o(.text)
    platform_timers_init                     0x00000f81   Thumb Code    78  platform.o(.text)
    platform_initialize_board                0x00000fcf   Thumb Code    82  platform.o(.text)
    gpio_get_irq_num                         0x000010b9   Thumb Code    74  gpio_port.o(.text)
    gpio_enable_port                         0x00001103   Thumb Code   156  gpio_port.o(.text)
    gpio_config_digital_enable               0x0000119f   Thumb Code    34  gpio_port.o(.text)
    gpio_config_enable_output                0x000011c1   Thumb Code    34  gpio_port.o(.text)
    gpio_config_enable_input                 0x000011e3   Thumb Code    34  gpio_port.o(.text)
    gpio_config_enable_pullup                0x00001205   Thumb Code    34  gpio_port.o(.text)
    gpio_config_enable_pulldown              0x00001227   Thumb Code    34  gpio_port.o(.text)
    gpio_config_analog_enable                0x00001249   Thumb Code    34  gpio_port.o(.text)
    gpio_config_alternate_function           0x0000126b   Thumb Code    34  gpio_port.o(.text)
    gpio_config_port_control                 0x0000128d   Thumb Code    54  gpio_port.o(.text)
    gpio_config_open_drain                   0x000012c3   Thumb Code    34  gpio_port.o(.text)
    gpio_config_falling_edge_irq             0x000012e5   Thumb Code    56  gpio_port.o(.text)
    timer0Init                               0x0000135d   Thumb Code   124  gptimer.o(.text)
    gp_timer_enable_clock                    0x000013d9   Thumb Code   232  gptimer.o(.text)
    gp_timer_PWM                             0x000014c1   Thumb Code    66  gptimer.o(.text)
    gp_timer_start_count                     0x00001503   Thumb Code    52  gptimer.o(.text)
    gp_timer_stop_count                      0x00001537   Thumb Code    18  gptimer.o(.text)
    gp_timer_configA                         0x00001549   Thumb Code    62  gptimer.o(.text)
    gp_timer_configB                         0x00001587   Thumb Code    66  gptimer.o(.text)
    gp_timer_config                          0x000015c9   Thumb Code    68  gptimer.o(.text)
    gp_timer_enable                          0x0000160d   Thumb Code    30  gptimer.o(.text)
    gp_timer_disable                         0x0000162b   Thumb Code    30  gptimer.o(.text)
    gp_timer_get_count                       0x00001649   Thumb Code     8  gptimer.o(.text)
    gp_timer_set_32_bit_period               0x00001651   Thumb Code    34  gptimer.o(.text)
    initializeI2CMaster                      0x000016a5   Thumb Code   160  i2c.o(.text)
    i2cVerifyBaseAddr                        0x00001745   Thumb Code    36  i2c.o(.text)
    i2cSetSlaveAddr                          0x00001769   Thumb Code    30  i2c.o(.text)
    i2cStop                                  0x00001787   Thumb Code    26  i2c.o(.text)
    I2CMasterBusy                            0x000017a1   Thumb Code    34  i2c.o(.text)
    I2CMasterAdrAck                          0x000017c3   Thumb Code    34  i2c.o(.text)
    I2CMasterDatAck                          0x000017e5   Thumb Code    34  i2c.o(.text)
    i2cSendByte                              0x00001807   Thumb Code    82  i2c.o(.text)
    i2cGetByte                               0x00001859   Thumb Code    60  i2c.o(.text)
    pc_buffer_init                           0x000018ad   Thumb Code    26  pc_buffer.o(.text)
    pc_buffer_add                            0x000018c7   Thumb Code    28  pc_buffer.o(.text)
    pc_buffer_remove                         0x000018e3   Thumb Code    30  pc_buffer.o(.text)
    pc_buffer_empty                          0x00001901   Thumb Code    18  pc_buffer.o(.text)
    pc_buffer_full                           0x00001913   Thumb Code    22  pc_buffer.o(.text)
    spiVerifyBaseAddr                        0x00001929   Thumb Code    34  spi.o(.text)
    initialize_spi                           0x0000194b   Thumb Code   244  spi.o(.text)
    spiTx                                    0x00001a3f   Thumb Code    94  spi.o(.text)
    verify_uart_base                         0x00001ab5   Thumb Code    54  uart.o(.text)
    uart_get_rcgc_mask                       0x00001aeb   Thumb Code    68  uart.o(.text)
    uart_get_pr_mask                         0x00001b2f   Thumb Code    68  uart.o(.text)
    uart_get_irq_num                         0x00001b73   Thumb Code    68  uart.o(.text)
    uart_tx_poll                             0x00001bb7   Thumb Code    38  uart.o(.text)
    uart_tx_poll_string                      0x00001bdd   Thumb Code    50  uart.o(.text)
    uart_rx_poll                             0x00001c0f   Thumb Code    70  uart.o(.text)
    uart_init                                0x00001c55   Thumb Code   190  uart.o(.text)
    eeprom_byte_write                        0x00001d69   Thumb Code   100  eeprom.o(.text)
    eeprom_byte_read                         0x00001dcd   Thumb Code   112  eeprom.o(.text)
    eeprom_init                              0x00001e3d   Thumb Code   156  eeprom.o(.text)
    ft6x06_set_addr                          0x00001edd   Thumb Code    58  ft6x06.o(.text)
    ft6x06_write_data                        0x00001f17   Thumb Code    82  ft6x06.o(.text)
    ft6x06_read_data                         0x00001f69   Thumb Code    58  ft6x06.o(.text)
    ft6x06_init                              0x00001fa3   Thumb Code   240  ft6x06.o(.text)
    test_ft6x06                              0x00002093   Thumb Code    98  ft6x06.o(.text)
    delayms                                  0x00002195   Thumb Code    26  lcd.o(.text)
    lcd_set_pos                              0x00002231   Thumb Code    58  lcd.o(.text)
    lcd_clear_screen                         0x0000226b   Thumb Code    52  lcd.o(.text)
    lcd_draw_box                             0x0000229f   Thumb Code   138  lcd.o(.text)
    lcd_draw_rectangle                       0x00002329   Thumb Code    82  lcd.o(.text)
    lcd_draw_char                            0x0000237b   Thumb Code   558  lcd.o(.text)
    lcd_draw_image                           0x000025a9   Thumb Code   242  lcd.o(.text)
    lcd_config_gpio                          0x0000269b   Thumb Code   222  lcd.o(.text)
    lcd_config_screen                        0x00002779   Thumb Code   544  lcd.o(.text)
    button_draw                              0x000029ad   Thumb Code   102  lcd_buttons.o(.text)
    button_clear                             0x00002a13   Thumb Code    84  lcd_buttons.o(.text)
    button_deactivate_buttons                0x00002a67   Thumb Code    30  lcd_buttons.o(.text)
    button_detect                            0x00002a85   Thumb Code   148  lcd_buttons.o(.text)
    button_init                              0x00002b19   Thumb Code   122  lcd_buttons.o(.text)
    lcd_print_char                           0x00002b93   Thumb Code   140  lcd_fonts.o(.text)
    lcd_print_string                         0x00002c1f   Thumb Code   262  lcd_fonts.o(.text)
    terminal_init_screen                     0x00002d91   Thumb Code    50  lcd_terminal.o(.text)
    terminal_get_strings                     0x00002dc3   Thumb Code   202  lcd_terminal.o(.text)
    terminal_scroll                          0x00002e8d   Thumb Code   230  lcd_terminal.o(.text)
    terminal_add_msg                         0x00002f73   Thumb Code   224  lcd_terminal.o(.text)
    terminal_bubble_message                  0x00003053   Thumb Code   252  lcd_terminal.o(.text)
    terminal_input_print_char                0x0000314f   Thumb Code   158  lcd_terminal.o(.text)
    terminal_init_input_box                  0x000031ed   Thumb Code   190  lcd_terminal.o(.text)
    terminal_input_rotate_char               0x000032ab   Thumb Code   410  lcd_terminal.o(.text)
    terminal_input_next_char                 0x00003445   Thumb Code   322  lcd_terminal.o(.text)
    terminal_input_prev_char                 0x00003587   Thumb Code   154  lcd_terminal.o(.text)
    terminal_input_upper_case                0x00003621   Thumb Code    92  lcd_terminal.o(.text)
    terminal_input_lower_case                0x0000367d   Thumb Code    92  lcd_terminal.o(.text)
    terminal_input_symbols                   0x000036d9   Thumb Code    94  lcd_terminal.o(.text)
    terminal_input_clear                     0x00003737   Thumb Code   202  lcd_terminal.o(.text)
    terminal_input_get_string                0x00003801   Thumb Code    48  lcd_terminal.o(.text)
    serial_debug_rx                          0x0000383d   Thumb Code    46  serial_debug.o(.text)
    serial_debug_tx                          0x0000386b   Thumb Code    72  serial_debug.o(.text)
    fputc                                    0x000038b3   Thumb Code    66  serial_debug.o(.text)
    fgetc                                    0x000038f5   Thumb Code    50  serial_debug.o(.text)
    init_serial_debug                        0x00003927   Thumb Code   132  serial_debug.o(.text)
    UART0_Handler                            0x000039ab   Thumb Code   136  serial_debug.o(.text)
    spi_select                               0x00003a4d   Thumb Code    62  spi_select.o(.text)
    spi_select_init                          0x00003a8b   Thumb Code    92  spi_select.o(.text)
    wait_uS_15                               0x00003af1   Thumb Code    14  wireless.o(.text)
    wireless_send_32                         0x00003c35   Thumb Code   302  wireless.o(.text)
    wireless_get_32                          0x00003d63   Thumb Code   130  wireless.o(.text)
    wireless_configure_device                0x00003de5   Thumb Code   202  wireless.o(.text)
    wireless_initialize                      0x00003eaf   Thumb Code   202  wireless.o(.text)
    wireless_test                            0x00003f79   Thumb Code   156  wireless.o(.text)
    Reset_Handler                            0x0000418d   Thumb Code     8  startup_tm4c123.o(.text)
    NMI_Handler                              0x00004195   Thumb Code     2  startup_tm4c123.o(.text)
    HardFault_Handler                        0x00004197   Thumb Code     2  startup_tm4c123.o(.text)
    MemManage_Handler                        0x00004199   Thumb Code     2  startup_tm4c123.o(.text)
    BusFault_Handler                         0x0000419b   Thumb Code     2  startup_tm4c123.o(.text)
    UsageFault_Handler                       0x0000419d   Thumb Code     2  startup_tm4c123.o(.text)
    SVC_Handler                              0x0000419f   Thumb Code     2  startup_tm4c123.o(.text)
    DebugMon_Handler                         0x000041a1   Thumb Code     2  startup_tm4c123.o(.text)
    PendSV_Handler                           0x000041a3   Thumb Code     2  startup_tm4c123.o(.text)
    SysTick_Handler                          0x000041a5   Thumb Code     2  startup_tm4c123.o(.text)
    GPIOA_Handler                            0x000041a7   Thumb Code     2  startup_tm4c123.o(.text)
    GPIOB_Handler                            0x000041a9   Thumb Code     2  startup_tm4c123.o(.text)
    GPIOC_Handler                            0x000041ab   Thumb Code     2  startup_tm4c123.o(.text)
    GPIOD_Handler                            0x000041ad   Thumb Code     2  startup_tm4c123.o(.text)
    GPIOE_Handler                            0x000041af   Thumb Code     2  startup_tm4c123.o(.text)
    UART1_Handler                            0x000041b3   Thumb Code     2  startup_tm4c123.o(.text)
    SSI0_Handler                             0x000041b5   Thumb Code     2  startup_tm4c123.o(.text)
    I2C0_Handler                             0x000041b7   Thumb Code     2  startup_tm4c123.o(.text)
    PMW0_FAULT_Handler                       0x000041b9   Thumb Code     2  startup_tm4c123.o(.text)
    PWM0_0_Handler                           0x000041bb   Thumb Code     2  startup_tm4c123.o(.text)
    PWM0_1_Handler                           0x000041bd   Thumb Code     2  startup_tm4c123.o(.text)
    PWM0_2_Handler                           0x000041bf   Thumb Code     2  startup_tm4c123.o(.text)
    QEI0_Handler                             0x000041c1   Thumb Code     2  startup_tm4c123.o(.text)
    ADC0SS0_Handler                          0x000041c3   Thumb Code     2  startup_tm4c123.o(.text)
    ADC0SS1_Handler                          0x000041c5   Thumb Code     2  startup_tm4c123.o(.text)
    ADC0SS2_Handler                          0x000041c7   Thumb Code     2  startup_tm4c123.o(.text)
    ADC0SS3_Handler                          0x000041c9   Thumb Code     2  startup_tm4c123.o(.text)
    WDT0_Handler                             0x000041cb   Thumb Code     2  startup_tm4c123.o(.text)
    TIMER0A_Handler                          0x000041cd   Thumb Code     2  startup_tm4c123.o(.text)
    TIMER0B_Handler                          0x000041cf   Thumb Code     2  startup_tm4c123.o(.text)
    TIMER1A_Handler                          0x000041d1   Thumb Code     2  startup_tm4c123.o(.text)
    TIMER1B_Handler                          0x000041d3   Thumb Code     2  startup_tm4c123.o(.text)
    TIMER2A_Handler                          0x000041d5   Thumb Code     2  startup_tm4c123.o(.text)
    TIMER2B_Handler                          0x000041d7   Thumb Code     2  startup_tm4c123.o(.text)
    COMP0_Handler                            0x000041d9   Thumb Code     2  startup_tm4c123.o(.text)
    COMP1_Handler                            0x000041db   Thumb Code     2  startup_tm4c123.o(.text)
    COMP2_Handler                            0x000041dd   Thumb Code     2  startup_tm4c123.o(.text)
    SYSCTL_Handler                           0x000041df   Thumb Code     2  startup_tm4c123.o(.text)
    FLASH_Handler                            0x000041e1   Thumb Code     2  startup_tm4c123.o(.text)
    GPIOG_Handler                            0x000041e5   Thumb Code     2  startup_tm4c123.o(.text)
    GPIOH_Handler                            0x000041e7   Thumb Code     2  startup_tm4c123.o(.text)
    UART2_Handler                            0x000041e9   Thumb Code     2  startup_tm4c123.o(.text)
    SSI1_Handler                             0x000041eb   Thumb Code     2  startup_tm4c123.o(.text)
    TIMER3B_Handler                          0x000041ef   Thumb Code     2  startup_tm4c123.o(.text)
    I2C1_Handler                             0x000041f1   Thumb Code     2  startup_tm4c123.o(.text)
    QEI1_Handler                             0x000041f3   Thumb Code     2  startup_tm4c123.o(.text)
    CAN0_Handler                             0x000041f5   Thumb Code     2  startup_tm4c123.o(.text)
    CAN1_Handler                             0x000041f7   Thumb Code     2  startup_tm4c123.o(.text)
    CAN2_Handler                             0x000041f9   Thumb Code     2  startup_tm4c123.o(.text)
    HIB_Handler                              0x000041fb   Thumb Code     2  startup_tm4c123.o(.text)
    USB0_Handler                             0x000041fd   Thumb Code     2  startup_tm4c123.o(.text)
    PWM0_3_Handler                           0x000041ff   Thumb Code     2  startup_tm4c123.o(.text)
    UDMA_Handler                             0x00004201   Thumb Code     2  startup_tm4c123.o(.text)
    UDMAERR_Handler                          0x00004203   Thumb Code     2  startup_tm4c123.o(.text)
    ADC1SS0_Handler                          0x00004205   Thumb Code     2  startup_tm4c123.o(.text)
    ADC1SS1_Handler                          0x00004207   Thumb Code     2  startup_tm4c123.o(.text)
    ADC1SS2_Handler                          0x00004209   Thumb Code     2  startup_tm4c123.o(.text)
    ADC1SS3_Handler                          0x0000420b   Thumb Code     2  startup_tm4c123.o(.text)
    GPIOJ_Handler                            0x0000420d   Thumb Code     2  startup_tm4c123.o(.text)
    GPIOK_Handler                            0x0000420f   Thumb Code     2  startup_tm4c123.o(.text)
    GPIOL_Handler                            0x00004211   Thumb Code     2  startup_tm4c123.o(.text)
    SSI2_Handler                             0x00004213   Thumb Code     2  startup_tm4c123.o(.text)
    SSI3_Handler                             0x00004215   Thumb Code     2  startup_tm4c123.o(.text)
    UART3_Handler                            0x00004217   Thumb Code     2  startup_tm4c123.o(.text)
    UART4_Handler                            0x00004219   Thumb Code     2  startup_tm4c123.o(.text)
    UART5_Handler                            0x0000421b   Thumb Code     2  startup_tm4c123.o(.text)
    UART6_Handler                            0x0000421d   Thumb Code     2  startup_tm4c123.o(.text)
    UART7_Handler                            0x0000421f   Thumb Code     2  startup_tm4c123.o(.text)
    I2C2_Handler                             0x00004221   Thumb Code     2  startup_tm4c123.o(.text)
    I2C3_Handler                             0x00004223   Thumb Code     2  startup_tm4c123.o(.text)
    TIMER4A_Handler                          0x00004225   Thumb Code     2  startup_tm4c123.o(.text)
    TIMER4B_Handler                          0x00004227   Thumb Code     2  startup_tm4c123.o(.text)
    TIMER5A_Handler                          0x00004229   Thumb Code     2  startup_tm4c123.o(.text)
    TIMER5B_Handler                          0x0000422b   Thumb Code     2  startup_tm4c123.o(.text)
    WTIMER0A_Handler                         0x0000422d   Thumb Code     2  startup_tm4c123.o(.text)
    WTIMER0B_Handler                         0x0000422f   Thumb Code     2  startup_tm4c123.o(.text)
    WTIMER1A_Handler                         0x00004231   Thumb Code     2  startup_tm4c123.o(.text)
    WTIMER1B_Handler                         0x00004233   Thumb Code     2  startup_tm4c123.o(.text)
    WTIMER2A_Handler                         0x00004235   Thumb Code     2  startup_tm4c123.o(.text)
    WTIMER2B_Handler                         0x00004237   Thumb Code     2  startup_tm4c123.o(.text)
    WTIMER3A_Handler                         0x00004239   Thumb Code     2  startup_tm4c123.o(.text)
    WTIMER3B_Handler                         0x0000423b   Thumb Code     2  startup_tm4c123.o(.text)
    WTIMER4A_Handler                         0x0000423d   Thumb Code     2  startup_tm4c123.o(.text)
    WTIMER4B_Handler                         0x0000423f   Thumb Code     2  startup_tm4c123.o(.text)
    WTIMER5A_Handler                         0x00004241   Thumb Code     2  startup_tm4c123.o(.text)
    WTIMER5B_Handler                         0x00004243   Thumb Code     2  startup_tm4c123.o(.text)
    FPU_Handler                              0x00004245   Thumb Code     2  startup_tm4c123.o(.text)
    I2C4_Handler                             0x00004247   Thumb Code     2  startup_tm4c123.o(.text)
    I2C5_Handler                             0x00004249   Thumb Code     2  startup_tm4c123.o(.text)
    GPIOM_Handler                            0x0000424b   Thumb Code     2  startup_tm4c123.o(.text)
    GPION_Handler                            0x0000424d   Thumb Code     2  startup_tm4c123.o(.text)
    QEI2_Handler                             0x0000424f   Thumb Code     2  startup_tm4c123.o(.text)
    GPIOP0_Handler                           0x00004251   Thumb Code     2  startup_tm4c123.o(.text)
    GPIOP1_Handler                           0x00004253   Thumb Code     2  startup_tm4c123.o(.text)
    GPIOP2_Handler                           0x00004255   Thumb Code     2  startup_tm4c123.o(.text)
    GPIOP3_Handler                           0x00004257   Thumb Code     2  startup_tm4c123.o(.text)
    GPIOP4_Handler                           0x00004259   Thumb Code     2  startup_tm4c123.o(.text)
    GPIOP5_Handler                           0x0000425b   Thumb Code     2  startup_tm4c123.o(.text)
    GPIOP6_Handler                           0x0000425d   Thumb Code     2  startup_tm4c123.o(.text)
    GPIOP7_Handler                           0x0000425f   Thumb Code     2  startup_tm4c123.o(.text)
    GPIOQ0_Handler                           0x00004261   Thumb Code     2  startup_tm4c123.o(.text)
    GPIOQ1_Handler                           0x00004263   Thumb Code     2  startup_tm4c123.o(.text)
    GPIOQ2_Handler                           0x00004265   Thumb Code     2  startup_tm4c123.o(.text)
    GPIOQ3_Handler                           0x00004267   Thumb Code     2  startup_tm4c123.o(.text)
    GPIOQ4_Handler                           0x00004269   Thumb Code     2  startup_tm4c123.o(.text)
    GPIOQ5_Handler                           0x0000426b   Thumb Code     2  startup_tm4c123.o(.text)
    GPIOQ6_Handler                           0x0000426d   Thumb Code     2  startup_tm4c123.o(.text)
    GPIOQ7_Handler                           0x0000426f   Thumb Code     2  startup_tm4c123.o(.text)
    GPIOR_Handler                            0x00004271   Thumb Code     2  startup_tm4c123.o(.text)
    GPIOS_Handler                            0x00004273   Thumb Code     2  startup_tm4c123.o(.text)
    PMW1_0_Handler                           0x00004275   Thumb Code     2  startup_tm4c123.o(.text)
    PWM1_1_Handler                           0x00004277   Thumb Code     2  startup_tm4c123.o(.text)
    PWM1_2_Handler                           0x00004279   Thumb Code     2  startup_tm4c123.o(.text)
    PWM1_3_Handler                           0x0000427b   Thumb Code     2  startup_tm4c123.o(.text)
    PWM1_FAULT_Handler                       0x0000427d   Thumb Code     2  startup_tm4c123.o(.text)
    SystemCoreClockUpdate                    0x0000433f   Thumb Code   184  system_tm4c123.o(.text)
    SystemInit                               0x000043f7   Thumb Code   112  system_tm4c123.o(.text)
    __aeabi_memset                           0x000044d5   Thumb Code    14  memseta.o(.text)
    __aeabi_memset4                          0x000044d5   Thumb Code     0  memseta.o(.text)
    __aeabi_memset8                          0x000044d5   Thumb Code     0  memseta.o(.text)
    __aeabi_memclr                           0x000044e3   Thumb Code     4  memseta.o(.text)
    __aeabi_memclr4                          0x000044e3   Thumb Code     0  memseta.o(.text)
    __aeabi_memclr8                          0x000044e3   Thumb Code     0  memseta.o(.text)
    _memset$wrapper                          0x000044e7   Thumb Code    18  memseta.o(.text)
    strcpy                                   0x000044f9   Thumb Code    18  strcpy.o(.text)
    __aeabi_uldivmod                         0x0000450b   Thumb Code    98  uldiv.o(.text)
    __scatterload                            0x0000456d   Thumb Code    28  init.o(.text)
    __scatterload_rt2                        0x0000456d   Thumb Code     0  init.o(.text)
    __aeabi_llsl                             0x00004591   Thumb Code    30  llshl.o(.text)
    _ll_shift_l                              0x00004591   Thumb Code     0  llshl.o(.text)
    __aeabi_llsr                             0x000045af   Thumb Code    32  llushr.o(.text)
    _ll_ushift_r                             0x000045af   Thumb Code     0  llushr.o(.text)
    __0printf$8                              0x000045d1   Thumb Code    22  printf8.o(i.__0printf$8)
    __1printf$8                              0x000045d1   Thumb Code     0  printf8.o(i.__0printf$8)
    __2printf                                0x000045d1   Thumb Code     0  printf8.o(i.__0printf$8)
    __0sprintf$8                             0x000045f1   Thumb Code    34  printf8.o(i.__0sprintf$8)
    __1sprintf$8                             0x000045f1   Thumb Code     0  printf8.o(i.__0sprintf$8)
    __2sprintf                               0x000045f1   Thumb Code     0  printf8.o(i.__0sprintf$8)
    __scatterload_copy                       0x00004619   Thumb Code    14  handlers.o(i.__scatterload_copy)
    __scatterload_null                       0x00004627   Thumb Code     2  handlers.o(i.__scatterload_null)
    __scatterload_zeroinit                   0x00004629   Thumb Code    14  handlers.o(i.__scatterload_zeroinit)
    free                                     0x00004aa5   Thumb Code    76  malloc.o(i.free)
    malloc                                   0x00004af5   Thumb Code    92  malloc.o(i.malloc)
    right_arrowBitmaps                       0x00004b60   Data         195  ece353_images.o(.constdata)
    down_arrowBitmaps                        0x00004c23   Data         195  ece353_images.o(.constdata)
    up_arrowBitmaps                          0x00004ce6   Data         195  ece353_images.o(.constdata)
    left_arrowBitmaps                        0x00004da9   Data         195  ece353_images.o(.constdata)
    rxModeBitmaps                            0x00004e6c   Data         570  ece353_images.o(.constdata)
    rxModeWidthPixels                        0x000050a6   Data           1  ece353_images.o(.constdata)
    rxModeHeightPixels                       0x000050a7   Data           1  ece353_images.o(.constdata)
    txModeBitmaps                            0x000050a8   Data         570  ece353_images.o(.constdata)
    txModeWidthPixels                        0x000052e2   Data           1  ece353_images.o(.constdata)
    txModeHeightPixels                       0x000052e3   Data           1  ece353_images.o(.constdata)
    config2Bitmaps                           0x000052e4   Data         418  ece353_images.o(.constdata)
    config2WidthPixels                       0x00005486   Data           1  ece353_images.o(.constdata)
    config2HeightPixels                      0x00005487   Data           1  ece353_images.o(.constdata)
    bucky2Bitmaps                            0x00005488   Data        3645  ece353_images.o(.constdata)
    bucky2WidthPixels                        0x000062c5   Data           1  ece353_images.o(.constdata)
    bucky2HeightPixels                       0x000062c6   Data           1  ece353_images.o(.constdata)
    calibri_14ptBitmaps                      0x000062c8   Data        2074  lcd_fonts.o(.constdata)
    calibri_14ptDescriptors                  0x00006ae2   Data         380  lcd_fonts.o(.constdata)
    calibri_14ptFontInfo                     0x00006c60   Data          12  lcd_fonts.o(.constdata)
    calibri_48ptBitmaps                      0x00006c6c   Data        1680  lcd_fonts.o(.constdata)
    calibri_48ptDescriptors                  0x000072fc   Data          40  lcd_fonts.o(.constdata)
    calibri_48ptFontInfo                     0x00007324   Data          12  lcd_fonts.o(.constdata)
    Region$$Table$$Base                      0x00007330   Number         0  anon$$obj.o(Region$$Table)
    Region$$Table$$Limit                     0x00007350   Number         0  anon$$obj.o(Region$$Table)
    AlertTouch                               0x20000000   Data           1  interrupts.o(.data)
    AlertButtons                             0x20000001   Data           1  interrupts.o(.data)
    AlertOneSec                              0x20000002   Data           1  interrupts.o(.data)
    User_Input_Index                         0x2000000c   Data           1  lcd_terminal.o(.data)
    SystemCoreClock                          0x20000010   Data           4  system_tm4c123.o(.data)
    __stdout                                 0x20000014   Data           4  stdout.o(.data)
    __microlib_freelist                      0x20000018   Data           4  mvars.o(.data)
    __microlib_freelist_initialised          0x2000001c   Data           4  mvars.o(.data)
    test_buttons                             0x20000020   Data         400  platform.o(.bss)
    LCD_Terminal                             0x200001b0   Data        1540  lcd_terminal.o(.bss)
    User_Input                               0x200007b4   Data         960  lcd_terminal.o(.bss)
    UART0_Tx_Buffer                          0x20000b74   Data          14  serial_debug.o(.bss)
    UART0_Rx_Buffer                          0x20000b82   Data          14  serial_debug.o(.bss)
    __heap_base                              0x20000b90   Data           0  startup_tm4c123.o(HEAP)
    __heap_limit                             0x20000b90   Data           0  startup_tm4c123.o(HEAP)
    __initial_sp                             0x20001b90   Data           0  startup_tm4c123.o(STACK)



==============================================================================

Memory Map of the image

  Image Entry point : 0x0000418d

  Load Region LR_1 (Base: 0x00000000, Size: 0x00007370, Max: 0xffffffff, ABSOLUTE)

    Execution Region ER_RO (Base: 0x00000000, Size: 0x00007350, Max: 0xffffffff, ABSOLUTE)

    Base Addr    Size         Type   Attr      Idx    E Section Name        Object

    0x00000000   0x0000026c   Data   RO          642    RESET               startup_tm4c123.o
    0x0000026c   0x00000000   Code   RO          677  * .ARM.Collect$$$$00000000  mc_w.l(entry.o)
    0x0000026c   0x00000004   Code   RO          974    .ARM.Collect$$$$00000001  mc_w.l(entry2.o)
    0x00000270   0x00000004   Code   RO          977    .ARM.Collect$$$$00000004  mc_w.l(entry5.o)
    0x00000274   0x00000000   Code   RO          979    .ARM.Collect$$$$00000008  mc_w.l(entry7b.o)
    0x00000274   0x00000000   Code   RO          981    .ARM.Collect$$$$0000000A  mc_w.l(entry8b.o)
    0x00000274   0x00000008   Code   RO          982    .ARM.Collect$$$$0000000B  mc_w.l(entry9a.o)
    0x0000027c   0x00000000   Code   RO          984    .ARM.Collect$$$$0000000D  mc_w.l(entry10a.o)
    0x0000027c   0x00000000   Code   RO          986    .ARM.Collect$$$$0000000F  mc_w.l(entry11a.o)
    0x0000027c   0x00000004   Code   RO          975    .ARM.Collect$$$$00002712  mc_w.l(entry2.o)
    0x00000280   0x0000008c   Code   RO            4    .text               main.o
    0x0000030c   0x00000048   Code   RO          157    .text               interrupts.o
    0x00000354   0x00000d24   Code   RO          188    .text               platform.o
    0x00001078   0x000002c4   Code   RO          220    .text               gpio_port.o
    0x0000133c   0x00000368   Code   RO          244    .text               gptimer.o
    0x000016a4   0x00000208   Code   RO          272    .text               i2c.o
    0x000018ac   0x0000007c   Code   RO          293    .text               pc_buffer.o
    0x00001928   0x0000018c   Code   RO          311    .text               spi.o
    0x00001ab4   0x00000270   Code   RO          335    .text               uart.o
    0x00001d24   0x000001b8   Code   RO          375    .text               eeprom.o
    0x00001edc   0x000002b8   Code   RO          403    .text               ft6x06.o
    0x00002194   0x00000818   Code   RO          431    .text               lcd.o
    0x000029ac   0x000001e6   Code   RO          455    .text               lcd_buttons.o
    0x00002b92   0x00000192   Code   RO          479    .text               lcd_fonts.o
    0x00002d24   0x00000b18   Code   RO          521    .text               lcd_terminal.o
    0x0000383c   0x00000210   Code   RO          552    .text               serial_debug.o
    0x00003a4c   0x000000a4   Code   RO          588    .text               spi_select.o
    0x00003af0   0x0000069c   Code   RO          612    .text               wireless.o
    0x0000418c   0x000000fc   Code   RO          643  * .text               startup_tm4c123.o
    0x00004288   0x0000024c   Code   RO          650    .text               system_tm4c123.o
    0x000044d4   0x00000024   Code   RO          681    .text               mc_w.l(memseta.o)
    0x000044f8   0x00000012   Code   RO          683    .text               mc_w.l(strcpy.o)
    0x0000450a   0x00000062   Code   RO          990    .text               mc_w.l(uldiv.o)
    0x0000456c   0x00000024   Code   RO         1009    .text               mc_w.l(init.o)
    0x00004590   0x0000001e   Code   RO         1011    .text               mc_w.l(llshl.o)
    0x000045ae   0x00000020   Code   RO         1013    .text               mc_w.l(llushr.o)
    0x000045ce   0x00000002   PAD
    0x000045d0   0x00000020   Code   RO          892    i.__0printf$8       mc_w.l(printf8.o)
    0x000045f0   0x00000028   Code   RO          894    i.__0sprintf$8      mc_w.l(printf8.o)
    0x00004618   0x0000000e   Code   RO         1021    i.__scatterload_copy  mc_w.l(handlers.o)
    0x00004626   0x00000002   Code   RO         1022    i.__scatterload_null  mc_w.l(handlers.o)
    0x00004628   0x0000000e   Code   RO         1023    i.__scatterload_zeroinit  mc_w.l(handlers.o)
    0x00004636   0x00000002   PAD
    0x00004638   0x00000410   Code   RO          899    i._printf_core      mc_w.l(printf8.o)
    0x00004a48   0x00000024   Code   RO          900    i._printf_post_padding  mc_w.l(printf8.o)
    0x00004a6c   0x0000002e   Code   RO          901    i._printf_pre_padding  mc_w.l(printf8.o)
    0x00004a9a   0x0000000a   Code   RO          903    i._sputc            mc_w.l(printf8.o)
    0x00004aa4   0x00000050   Code   RO          946    i.free              mc_w.l(malloc.o)
    0x00004af4   0x0000006c   Code   RO          947    i.malloc            mc_w.l(malloc.o)
    0x00004b60   0x00001767   Data   RO          360    .constdata          ece353_images.o
    0x000062c7   0x00000001   PAD
    0x000062c8   0x00001068   Data   RO          480    .constdata          lcd_fonts.o
    0x00007330   0x00000020   Data   RO         1019    Region$$Table       anon$$obj.o


    Execution Region ER_RW (Base: 0x20000000, Size: 0x00000020, Max: 0xffffffff, ABSOLUTE)

    Base Addr    Size         Type   Attr      Idx    E Section Name        Object

    0x20000000   0x00000003   Data   RW          158    .data               interrupts.o
    0x20000003   0x00000001   PAD
    0x20000004   0x00000008   Data   RW          190    .data               platform.o
    0x2000000c   0x00000001   Data   RW          523    .data               lcd_terminal.o
    0x2000000d   0x00000002   Data   RW          554    .data               serial_debug.o
    0x2000000f   0x00000001   PAD
    0x20000010   0x00000004   Data   RW          651    .data               system_tm4c123.o
    0x20000014   0x00000004   Data   RW          680    .data               mc_w.l(stdout.o)
    0x20000018   0x00000004   Data   RW          996    .data               mc_w.l(mvars.o)
    0x2000001c   0x00000004   Data   RW          997    .data               mc_w.l(mvars.o)


    Execution Region ER_ZI (Base: 0x20000020, Size: 0x00001b70, Max: 0xffffffff, ABSOLUTE)

    Base Addr    Size         Type   Attr      Idx    E Section Name        Object

    0x20000020   0x00000190   Zero   RW          189    .bss                platform.o
    0x200001b0   0x000009c4   Zero   RW          522    .bss                lcd_terminal.o
    0x20000b74   0x0000001c   Zero   RW          553    .bss                serial_debug.o
    0x20000b90   0x00000000   Zero   RW          641    HEAP                startup_tm4c123.o
    0x20000b90   0x00001000   Zero   RW          640    STACK               startup_tm4c123.o


==============================================================================

Image component sizes


      Code (inc. data)   RO Data    RW Data    ZI Data      Debug   Object Name

         0          0       5991          0          0       1460   ece353_images.o
       440          4          0          0          0       2189   eeprom.o
       696        160          0          0          0      29108   ft6x06.o
       708         32          0          0          0       5198   gpio_port.o
       872         28          0          0          0      31297   gptimer.o
       520         24          0          0          0       3713   i2c.o
        72         18          0          3          0        910   interrupts.o
      2072         38          0          0          0       5674   lcd.o
       486          0          0          0          0       2619   lcd_buttons.o
       402          0       4200          0          0       3498   lcd_fonts.o
      2840         40          0          1       2500       6137   lcd_terminal.o
       140         84          0          0          0      42125   main.o
       124          0          0          0          0       1979   pc_buffer.o
      3364        344          0          8        400       7818   platform.o
       528         26          0          2         28       5557   serial_debug.o
       396         24          0          0          0       1905   spi.o
       164         10          0          0          0        893   spi_select.o
       252         10        620          0       4096       5460   startup_tm4c123.o
       588        134          0          4          0       1593   system_tm4c123.o
       624         50          0          0          0      30011   uart.o
      1692        196          0          0          0      12818   wireless.o

    ----------------------------------------------------------------------
     16980       1222      10844         20       7024     201962   Object Totals
         0          0         32          0          0          0   (incl. Generated)
         0          0          1          2          0          0   (incl. Padding)

    ----------------------------------------------------------------------

      Code (inc. data)   RO Data    RW Data    ZI Data      Debug   Library Member Name

         0          0          0          0          0          0   entry.o
         0          0          0          0          0          0   entry10a.o
         0          0          0          0          0          0   entry11a.o
         8          4          0          0          0          0   entry2.o
         4          0          0          0          0          0   entry5.o
         0          0          0          0          0          0   entry7b.o
         0          0          0          0          0          0   entry8b.o
         8          4          0          0          0          0   entry9a.o
        30          0          0          0          0          0   handlers.o
        36          8          0          0          0         68   init.o
        30          0          0          0          0         68   llshl.o
        32          0          0          0          0         68   llushr.o
       188         20          0          0          0        160   malloc.o
        36          0          0          0          0        108   memseta.o
         0          0          0          8          0          0   mvars.o
      1204         60          0          0          0        504   printf8.o
         0          0          0          4          0          0   stdout.o
        18          0          0          0          0         68   strcpy.o
        98          0          0          0          0         92   uldiv.o

    ----------------------------------------------------------------------
      1696         96          0         12          0       1136   Library Totals
         4          0          0          0          0          0   (incl. Padding)

    ----------------------------------------------------------------------

      Code (inc. data)   RO Data    RW Data    ZI Data      Debug   Library Name

      1692         96          0         12          0       1136   mc_w.l

    ----------------------------------------------------------------------
      1696         96          0         12          0       1136   Library Totals

    ----------------------------------------------------------------------

==============================================================================


      Code (inc. data)   RO Data    RW Data    ZI Data      Debug   

     18676       1318      10844         32       7024     199830   Grand Totals
     18676       1318      10844         32       7024     199830   ELF Image Totals
     18676       1318      10844         32          0          0   ROM Totals

==============================================================================

    Total RO  Size (Code + RO Data)                29520 (  28.83kB)
    Total RW  Size (RW Data + ZI Data)              7056 (   6.89kB)
    Total ROM Size (Code + RO Data + RW Data)      29552 (  28.86kB)

==============================================================================

