Component: ARM Compiler 5.06 update 4 (build 422) Tool: armlink [4d35d2]

==============================================================================

Section Cross References

    main.o(.text) refers to memcpya.o(.text) for __aeabi_memcpy4
    main.o(.text) refers to validate_uart.o(.text) for initialize_serial_debug
    main.o(.text) refers to lcd.o(.text) for lcd_config_gpio
    main.o(.text) refers to board_setup.o(.text) for validate_ice
    main.o(.text) refers to ece353_hw2_fonts.o(.text) for lcd_print_stringXY
    main.o(.text) refers to main.o(.data) for individual
    ece353_hw2_fonts.o(.text) refers to lcd.o(.text) for lcd_draw_image
    ece353_hw2_fonts.o(.text) refers to strlen.o(.text) for strlen
    ece353_hw2_fonts.o(.text) refers to ece353_hw2_fonts.o(.constdata) for sitkaSmall_12ptBitmaps
    lcd.o(.text) refers to gpio_port.o(.text) for gpio_enable_port
    startup_tm4c123.o(RESET) refers to startup_tm4c123.o(STACK) for __initial_sp
    startup_tm4c123.o(RESET) refers to startup_tm4c123.o(.text) for Reset_Handler
    startup_tm4c123.o(.text) refers to system_tm4c123.o(.text) for SystemInit
    startup_tm4c123.o(.text) refers to entry.o(.ARM.Collect$$$$00000000) for __main
    system_tm4c123.o(.text) refers to system_tm4c123.o(.data) for SystemCoreClock
    board_setup.o(.text) refers to ice_intro_to_c.o(.text) for ice_validate_intro_to_c
    board_setup.o(.text) refers to ice_pc_buffer.o(.text) for ice_validate_pc_buffer
    board_setup.o(.text) refers to ice_gpiof.o(.text) for ice_validate_gpiof
    board_setup.o(.text) refers to validate_led.o(.text) for validate_LED_set_failure
    board_setup.o(.text) refers to ice_gpio_port.o(.text) for ice_validate_gpio_port
    board_setup.o(.text) refers to ice_adc.o(.text) for ice_validate_adc
    board_setup.o(.text) refers to ice_gpt.o(.text) for ice_validate_gpt
    board_setup.o(.text) refers to ice_systick.o(.text) for ice_validate_systick
    board_setup.o(.text) refers to ice_uart_polling.o(.text) for ice_validate_uart_polling
    board_setup.o(.text) refers to ice_uart_rx_irq.o(.text) for ice_validate_uart_rx
    board_setup.o(.text) refers to ice_uart_tx_irq.o(.text) for ice_validate_uart_tx
    board_setup.o(.text) refers to ice_lcd.o(.text) for ice_validate_lcd
    board_setup.o(.text) refers to ice_spi_nordic.o(.text) for ice_validate_spi_nordic
    board_setup.o(.text) refers to ice_i2c_eeprom.o(.text) for ice_validate_i2c_eeprom
    validate_uart.o(.text) refers to printf6.o(i.__0sprintf$6) for __2sprintf
    validate_uart.o(.text) refers to validate_sysctl.o(.text) for validate_uart_rcgc
    validate_uart.o(.text) refers to validate_uart.o(.conststring) for .conststring
    ice_adc.o(.text) refers to printf6.o(i.__0sprintf$6) for __2sprintf
    ice_adc.o(.text) refers to validate_uart.o(.text) for validate_print_ice_validation_info_start
    ice_adc.o(.text) refers to validate_gpio.o(.text) for validate_gpio_pin
    ice_adc.o(.text) refers to validate_adc.o(.text) for validate_adc
    ice_adc.o(.text) refers to ice_adc.o(.data) for ps2_x
    ice_gpio_port.o(.text) refers to printf6.o(i.__0sprintf$6) for __2sprintf
    ice_gpio_port.o(.text) refers to validate_uart.o(.text) for validate_print_ice_validation_info_start
    ice_gpio_port.o(.text) refers to validate_gpio.o(.text) for validate_gpio_pin
    ice_gpio_port.o(.text) refers to ice_gpio_port.o(.data) for lcd_data
    ice_gpiof.o(.text) refers to validate_uart.o(.text) for initialize_serial_debug
    ice_gpiof.o(.text) refers to validate_gpio.o(.text) for validate_gpio_pin
    ice_gpiof.o(.text) refers to ice_gpiof.o(.data) for red
    ice_gpt.o(.text) refers to printf6.o(i.__0sprintf$6) for __2sprintf
    ice_gpt.o(.text) refers to validate_uart.o(.text) for validate_print_ice_validation_info_start
    ice_gpt.o(.text) refers to validate_gp_timer.o(.text) for validate_gp_timer
    ice_systick.o(.text) refers to printf6.o(i.__0sprintf$6) for __2sprintf
    ice_systick.o(.text) refers to validate_uart.o(.text) for validate_print_ice_validation_info_start
    ice_systick.o(.text) refers to validate_gpio.o(.text) for validate_gpio_pin
    ice_systick.o(.text) refers to validate_adc.o(.text) for validate_adc
    ice_systick.o(.text) refers to ice_systick.o(.data) for green
    ice_uart_rx_irq.o(.text) refers to validate_gpio.o(.text) for validate_gpio_pin
    ice_uart_rx_irq.o(.text) refers to validate_uart.o(.text) for validate_uart
    ice_uart_rx_irq.o(.text) refers to ice_uart_rx_irq.o(.data) for Tx
    ice_lcd.o(.text) refers to validate_gpio.o(.text) for validate_gpio_pin
    ice_lcd.o(.text) refers to validate_spi.o(.text) for validate_spi
    ice_lcd.o(.text) refers to validate_uart.o(.text) for validate_print_ice_validation_info_start
    ice_lcd.o(.text) refers to ice_lcd.o(.data) for SPI_CLK
    ice_uart_tx_irq.o(.text) refers to validate_gpio.o(.text) for validate_gpio_pin
    ice_uart_tx_irq.o(.text) refers to validate_uart.o(.text) for validate_uart
    ice_uart_tx_irq.o(.text) refers to ice_uart_tx_irq.o(.data) for Tx
    ice_spi_nordic.o(.text) refers to validate_gpio.o(.text) for validate_gpio_pin
    ice_spi_nordic.o(.text) refers to validate_spi.o(.text) for validate_spi
    ice_spi_nordic.o(.text) refers to validate_uart.o(.text) for validate_print_ice_validation_info_start
    ice_spi_nordic.o(.text) refers to ice_spi_nordic.o(.data) for SPI_CLK
    ice_pc_buffer.o(.text) refers to validate_uart.o(.text) for initialize_serial_debug
    ice_intro_to_c.o(.text) refers to validate_uart.o(.text) for initialize_serial_debug
    ice_uart_polling.o(.text) refers to printf6.o(i.__0sprintf$6) for __2sprintf
    ice_uart_polling.o(.text) refers to validate_uart.o(.text) for validate_print_ice_validation_info_start
    ice_uart_polling.o(.text) refers to validate_gpio.o(.text) for validate_gpio_pin
    ice_uart_polling.o(.text) refers to ice_uart_polling.o(.data) for Tx
    ice_i2c_eeprom.o(.text) refers to printf6.o(i.__0sprintf$6) for __2sprintf
    ice_i2c_eeprom.o(.text) refers to validate_uart.o(.text) for validate_print_ice_validation_info_start
    ice_i2c_eeprom.o(.text) refers to validate_gpio.o(.text) for validate_gpio_pin
    ice_i2c_eeprom.o(.text) refers to ice_i2c_eeprom.o(.data) for SCL
    validate_adc.o(.text) refers to validate_sysctl.o(.text) for validate_adc_rcgc
    validate_gpio.o(.text) refers to validate_sysctl.o(.text) for validate_gpio_rcgc
    validate_gp_timer.o(.text) refers to validate_sysctl.o(.text) for validate_gpt_rcgc
    validate_spi.o(.text) refers to validate_sysctl.o(.text) for validate_spi_rcgc
    entry.o(.ARM.Collect$$$$00000000) refers (Special) to entry10a.o(.ARM.Collect$$$$0000000D) for __rt_final_cpp
    entry.o(.ARM.Collect$$$$00000000) refers (Special) to entry11a.o(.ARM.Collect$$$$0000000F) for __rt_final_exit
    entry.o(.ARM.Collect$$$$00000000) refers (Special) to entry7b.o(.ARM.Collect$$$$00000008) for _main_clock
    entry.o(.ARM.Collect$$$$00000000) refers (Special) to entry8b.o(.ARM.Collect$$$$0000000A) for _main_cpp_init
    entry.o(.ARM.Collect$$$$00000000) refers (Special) to entry9a.o(.ARM.Collect$$$$0000000B) for _main_init
    entry.o(.ARM.Collect$$$$00000000) refers (Special) to entry5.o(.ARM.Collect$$$$00000004) for _main_scatterload
    entry.o(.ARM.Collect$$$$00000000) refers (Special) to entry2.o(.ARM.Collect$$$$00000001) for _main_stk
    printfb.o(i.__0fprintf$bare) refers to printfb.o(i._printf_core) for _printf_core
    printfb.o(i.__0fprintf$bare) refers to fputc.o(i.fputc) for fputc
    printfb.o(i.__0printf$bare) refers to printfb.o(i._printf_core) for _printf_core
    printfb.o(i.__0printf$bare) refers to fputc.o(i.fputc) for fputc
    printfb.o(i.__0printf$bare) refers to stdout.o(.data) for __stdout
    printfb.o(i.__0snprintf$bare) refers to printfb.o(i._printf_core) for _printf_core
    printfb.o(i.__0snprintf$bare) refers to printfb.o(i._snputc) for _snputc
    printfb.o(i.__0sprintf$bare) refers to printfb.o(i._printf_core) for _printf_core
    printfb.o(i.__0sprintf$bare) refers to printfb.o(i._sputc) for _sputc
    printfb.o(i.__0vfprintf$bare) refers to printfb.o(i._printf_core) for _printf_core
    printfb.o(i.__0vfprintf$bare) refers to fputc.o(i.fputc) for fputc
    printfb.o(i.__0vprintf$bare) refers to printfb.o(i._printf_core) for _printf_core
    printfb.o(i.__0vprintf$bare) refers to fputc.o(i.fputc) for fputc
    printfb.o(i.__0vprintf$bare) refers to stdout.o(.data) for __stdout
    printfb.o(i.__0vsnprintf$bare) refers to printfb.o(i._printf_core) for _printf_core
    printfb.o(i.__0vsnprintf$bare) refers to printfb.o(i._snputc) for _snputc
    printfb.o(i.__0vsprintf$bare) refers to printfb.o(i._printf_core) for _printf_core
    printfb.o(i.__0vsprintf$bare) refers to printfb.o(i._sputc) for _sputc
    printf0.o(i.__0fprintf$0) refers to printf0.o(i._printf_core) for _printf_core
    printf0.o(i.__0fprintf$0) refers to fputc.o(i.fputc) for fputc
    printf0.o(i.__0printf$0) refers to printf0.o(i._printf_core) for _printf_core
    printf0.o(i.__0printf$0) refers to fputc.o(i.fputc) for fputc
    printf0.o(i.__0printf$0) refers to stdout.o(.data) for __stdout
    printf0.o(i.__0snprintf$0) refers to printf0.o(i._printf_core) for _printf_core
    printf0.o(i.__0snprintf$0) refers to printf0.o(i._snputc) for _snputc
    printf0.o(i.__0sprintf$0) refers to printf0.o(i._printf_core) for _printf_core
    printf0.o(i.__0sprintf$0) refers to printf0.o(i._sputc) for _sputc
    printf0.o(i.__0vfprintf$0) refers to printf0.o(i._printf_core) for _printf_core
    printf0.o(i.__0vfprintf$0) refers to fputc.o(i.fputc) for fputc
    printf0.o(i.__0vprintf$0) refers to printf0.o(i._printf_core) for _printf_core
    printf0.o(i.__0vprintf$0) refers to fputc.o(i.fputc) for fputc
    printf0.o(i.__0vprintf$0) refers to stdout.o(.data) for __stdout
    printf0.o(i.__0vsnprintf$0) refers to printf0.o(i._printf_core) for _printf_core
    printf0.o(i.__0vsnprintf$0) refers to printf0.o(i._snputc) for _snputc
    printf0.o(i.__0vsprintf$0) refers to printf0.o(i._printf_core) for _printf_core
    printf0.o(i.__0vsprintf$0) refers to printf0.o(i._sputc) for _sputc
    printf1.o(i.__0fprintf$1) refers to printf1.o(i._printf_core) for _printf_core
    printf1.o(i.__0fprintf$1) refers to fputc.o(i.fputc) for fputc
    printf1.o(i.__0printf$1) refers to printf1.o(i._printf_core) for _printf_core
    printf1.o(i.__0printf$1) refers to fputc.o(i.fputc) for fputc
    printf1.o(i.__0printf$1) refers to stdout.o(.data) for __stdout
    printf1.o(i.__0snprintf$1) refers to printf1.o(i._printf_core) for _printf_core
    printf1.o(i.__0snprintf$1) refers to printf1.o(i._snputc) for _snputc
    printf1.o(i.__0sprintf$1) refers to printf1.o(i._printf_core) for _printf_core
    printf1.o(i.__0sprintf$1) refers to printf1.o(i._sputc) for _sputc
    printf1.o(i.__0vfprintf$1) refers to printf1.o(i._printf_core) for _printf_core
    printf1.o(i.__0vfprintf$1) refers to fputc.o(i.fputc) for fputc
    printf1.o(i.__0vprintf$1) refers to printf1.o(i._printf_core) for _printf_core
    printf1.o(i.__0vprintf$1) refers to fputc.o(i.fputc) for fputc
    printf1.o(i.__0vprintf$1) refers to stdout.o(.data) for __stdout
    printf1.o(i.__0vsnprintf$1) refers to printf1.o(i._printf_core) for _printf_core
    printf1.o(i.__0vsnprintf$1) refers to printf1.o(i._snputc) for _snputc
    printf1.o(i.__0vsprintf$1) refers to printf1.o(i._printf_core) for _printf_core
    printf1.o(i.__0vsprintf$1) refers to printf1.o(i._sputc) for _sputc
    printf1.o(i._printf_core) refers to uidiv.o(.text) for __aeabi_uidivmod
    printf2.o(i.__0fprintf$2) refers to printf2.o(i._printf_core) for _printf_core
    printf2.o(i.__0fprintf$2) refers to fputc.o(i.fputc) for fputc
    printf2.o(i.__0printf$2) refers to printf2.o(i._printf_core) for _printf_core
    printf2.o(i.__0printf$2) refers to fputc.o(i.fputc) for fputc
    printf2.o(i.__0printf$2) refers to stdout.o(.data) for __stdout
    printf2.o(i.__0snprintf$2) refers to printf2.o(i._printf_core) for _printf_core
    printf2.o(i.__0snprintf$2) refers to printf2.o(i._snputc) for _snputc
    printf2.o(i.__0sprintf$2) refers to printf2.o(i._printf_core) for _printf_core
    printf2.o(i.__0sprintf$2) refers to printf2.o(i._sputc) for _sputc
    printf2.o(i.__0vfprintf$2) refers to printf2.o(i._printf_core) for _printf_core
    printf2.o(i.__0vfprintf$2) refers to fputc.o(i.fputc) for fputc
    printf2.o(i.__0vprintf$2) refers to printf2.o(i._printf_core) for _printf_core
    printf2.o(i.__0vprintf$2) refers to fputc.o(i.fputc) for fputc
    printf2.o(i.__0vprintf$2) refers to stdout.o(.data) for __stdout
    printf2.o(i.__0vsnprintf$2) refers to printf2.o(i._printf_core) for _printf_core
    printf2.o(i.__0vsnprintf$2) refers to printf2.o(i._snputc) for _snputc
    printf2.o(i.__0vsprintf$2) refers to printf2.o(i._printf_core) for _printf_core
    printf2.o(i.__0vsprintf$2) refers to printf2.o(i._sputc) for _sputc
    printf3.o(i.__0fprintf$3) refers to printf3.o(i._printf_core) for _printf_core
    printf3.o(i.__0fprintf$3) refers to fputc.o(i.fputc) for fputc
    printf3.o(i.__0printf$3) refers to printf3.o(i._printf_core) for _printf_core
    printf3.o(i.__0printf$3) refers to fputc.o(i.fputc) for fputc
    printf3.o(i.__0printf$3) refers to stdout.o(.data) for __stdout
    printf3.o(i.__0snprintf$3) refers to printf3.o(i._printf_core) for _printf_core
    printf3.o(i.__0snprintf$3) refers to printf3.o(i._snputc) for _snputc
    printf3.o(i.__0sprintf$3) refers to printf3.o(i._printf_core) for _printf_core
    printf3.o(i.__0sprintf$3) refers to printf3.o(i._sputc) for _sputc
    printf3.o(i.__0vfprintf$3) refers to printf3.o(i._printf_core) for _printf_core
    printf3.o(i.__0vfprintf$3) refers to fputc.o(i.fputc) for fputc
    printf3.o(i.__0vprintf$3) refers to printf3.o(i._printf_core) for _printf_core
    printf3.o(i.__0vprintf$3) refers to fputc.o(i.fputc) for fputc
    printf3.o(i.__0vprintf$3) refers to stdout.o(.data) for __stdout
    printf3.o(i.__0vsnprintf$3) refers to printf3.o(i._printf_core) for _printf_core
    printf3.o(i.__0vsnprintf$3) refers to printf3.o(i._snputc) for _snputc
    printf3.o(i.__0vsprintf$3) refers to printf3.o(i._printf_core) for _printf_core
    printf3.o(i.__0vsprintf$3) refers to printf3.o(i._sputc) for _sputc
    printf3.o(i._printf_core) refers to uidiv.o(.text) for __aeabi_uidivmod
    printf4.o(i.__0fprintf$4) refers to printf4.o(i._printf_core) for _printf_core
    printf4.o(i.__0fprintf$4) refers to fputc.o(i.fputc) for fputc
    printf4.o(i.__0printf$4) refers to printf4.o(i._printf_core) for _printf_core
    printf4.o(i.__0printf$4) refers to fputc.o(i.fputc) for fputc
    printf4.o(i.__0printf$4) refers to stdout.o(.data) for __stdout
    printf4.o(i.__0snprintf$4) refers to printf4.o(i._printf_core) for _printf_core
    printf4.o(i.__0snprintf$4) refers to printf4.o(i._snputc) for _snputc
    printf4.o(i.__0sprintf$4) refers to printf4.o(i._printf_core) for _printf_core
    printf4.o(i.__0sprintf$4) refers to printf4.o(i._sputc) for _sputc
    printf4.o(i.__0vfprintf$4) refers to printf4.o(i._printf_core) for _printf_core
    printf4.o(i.__0vfprintf$4) refers to fputc.o(i.fputc) for fputc
    printf4.o(i.__0vprintf$4) refers to printf4.o(i._printf_core) for _printf_core
    printf4.o(i.__0vprintf$4) refers to fputc.o(i.fputc) for fputc
    printf4.o(i.__0vprintf$4) refers to stdout.o(.data) for __stdout
    printf4.o(i.__0vsnprintf$4) refers to printf4.o(i._printf_core) for _printf_core
    printf4.o(i.__0vsnprintf$4) refers to printf4.o(i._snputc) for _snputc
    printf4.o(i.__0vsprintf$4) refers to printf4.o(i._printf_core) for _printf_core
    printf4.o(i.__0vsprintf$4) refers to printf4.o(i._sputc) for _sputc
    printf4.o(i._printf_core) refers to uldiv.o(.text) for __aeabi_uldivmod
    printf5.o(i.__0fprintf$5) refers to printf5.o(i._printf_core) for _printf_core
    printf5.o(i.__0fprintf$5) refers to fputc.o(i.fputc) for fputc
    printf5.o(i.__0printf$5) refers to printf5.o(i._printf_core) for _printf_core
    printf5.o(i.__0printf$5) refers to fputc.o(i.fputc) for fputc
    printf5.o(i.__0printf$5) refers to stdout.o(.data) for __stdout
    printf5.o(i.__0snprintf$5) refers to printf5.o(i._printf_core) for _printf_core
    printf5.o(i.__0snprintf$5) refers to printf5.o(i._snputc) for _snputc
    printf5.o(i.__0sprintf$5) refers to printf5.o(i._printf_core) for _printf_core
    printf5.o(i.__0sprintf$5) refers to printf5.o(i._sputc) for _sputc
    printf5.o(i.__0vfprintf$5) refers to printf5.o(i._printf_core) for _printf_core
    printf5.o(i.__0vfprintf$5) refers to fputc.o(i.fputc) for fputc
    printf5.o(i.__0vprintf$5) refers to printf5.o(i._printf_core) for _printf_core
    printf5.o(i.__0vprintf$5) refers to fputc.o(i.fputc) for fputc
    printf5.o(i.__0vprintf$5) refers to stdout.o(.data) for __stdout
    printf5.o(i.__0vsnprintf$5) refers to printf5.o(i._printf_core) for _printf_core
    printf5.o(i.__0vsnprintf$5) refers to printf5.o(i._snputc) for _snputc
    printf5.o(i.__0vsprintf$5) refers to printf5.o(i._printf_core) for _printf_core
    printf5.o(i.__0vsprintf$5) refers to printf5.o(i._sputc) for _sputc
    printf5.o(i._printf_core) refers to uldiv.o(.text) for __aeabi_uldivmod
    printf6.o(i.__0fprintf$6) refers to printf6.o(i._printf_core) for _printf_core
    printf6.o(i.__0fprintf$6) refers to fputc.o(i.fputc) for fputc
    printf6.o(i.__0printf$6) refers to printf6.o(i._printf_core) for _printf_core
    printf6.o(i.__0printf$6) refers to fputc.o(i.fputc) for fputc
    printf6.o(i.__0printf$6) refers to stdout.o(.data) for __stdout
    printf6.o(i.__0snprintf$6) refers to printf6.o(i._printf_core) for _printf_core
    printf6.o(i.__0snprintf$6) refers to printf6.o(i._snputc) for _snputc
    printf6.o(i.__0sprintf$6) refers to printf6.o(i._printf_core) for _printf_core
    printf6.o(i.__0sprintf$6) refers to printf6.o(i._sputc) for _sputc
    printf6.o(i.__0vfprintf$6) refers to printf6.o(i._printf_core) for _printf_core
    printf6.o(i.__0vfprintf$6) refers to fputc.o(i.fputc) for fputc
    printf6.o(i.__0vprintf$6) refers to printf6.o(i._printf_core) for _printf_core
    printf6.o(i.__0vprintf$6) refers to fputc.o(i.fputc) for fputc
    printf6.o(i.__0vprintf$6) refers to stdout.o(.data) for __stdout
    printf6.o(i.__0vsnprintf$6) refers to printf6.o(i._printf_core) for _printf_core
    printf6.o(i.__0vsnprintf$6) refers to printf6.o(i._snputc) for _snputc
    printf6.o(i.__0vsprintf$6) refers to printf6.o(i._printf_core) for _printf_core
    printf6.o(i.__0vsprintf$6) refers to printf6.o(i._sputc) for _sputc
    printf6.o(i._printf_core) refers to printf6.o(i._printf_pre_padding) for _printf_pre_padding
    printf6.o(i._printf_core) refers to uidiv.o(.text) for __aeabi_uidivmod
    printf6.o(i._printf_core) refers to printf6.o(i._printf_post_padding) for _printf_post_padding
    printf7.o(i.__0fprintf$7) refers to printf7.o(i._printf_core) for _printf_core
    printf7.o(i.__0fprintf$7) refers to fputc.o(i.fputc) for fputc
    printf7.o(i.__0printf$7) refers to printf7.o(i._printf_core) for _printf_core
    printf7.o(i.__0printf$7) refers to fputc.o(i.fputc) for fputc
    printf7.o(i.__0printf$7) refers to stdout.o(.data) for __stdout
    printf7.o(i.__0snprintf$7) refers to printf7.o(i._printf_core) for _printf_core
    printf7.o(i.__0snprintf$7) refers to printf7.o(i._snputc) for _snputc
    printf7.o(i.__0sprintf$7) refers to printf7.o(i._printf_core) for _printf_core
    printf7.o(i.__0sprintf$7) refers to printf7.o(i._sputc) for _sputc
    printf7.o(i.__0vfprintf$7) refers to printf7.o(i._printf_core) for _printf_core
    printf7.o(i.__0vfprintf$7) refers to fputc.o(i.fputc) for fputc
    printf7.o(i.__0vprintf$7) refers to printf7.o(i._printf_core) for _printf_core
    printf7.o(i.__0vprintf$7) refers to fputc.o(i.fputc) for fputc
    printf7.o(i.__0vprintf$7) refers to stdout.o(.data) for __stdout
    printf7.o(i.__0vsnprintf$7) refers to printf7.o(i._printf_core) for _printf_core
    printf7.o(i.__0vsnprintf$7) refers to printf7.o(i._snputc) for _snputc
    printf7.o(i.__0vsprintf$7) refers to printf7.o(i._printf_core) for _printf_core
    printf7.o(i.__0vsprintf$7) refers to printf7.o(i._sputc) for _sputc
    printf7.o(i._printf_core) refers to printf7.o(i._printf_pre_padding) for _printf_pre_padding
    printf7.o(i._printf_core) refers to uldiv.o(.text) for __aeabi_uldivmod
    printf7.o(i._printf_core) refers to printf7.o(i._printf_post_padding) for _printf_post_padding
    printf8.o(i.__0fprintf$8) refers to printf8.o(i._printf_core) for _printf_core
    printf8.o(i.__0fprintf$8) refers to fputc.o(i.fputc) for fputc
    printf8.o(i.__0printf$8) refers to printf8.o(i._printf_core) for _printf_core
    printf8.o(i.__0printf$8) refers to fputc.o(i.fputc) for fputc
    printf8.o(i.__0printf$8) refers to stdout.o(.data) for __stdout
    printf8.o(i.__0snprintf$8) refers to printf8.o(i._printf_core) for _printf_core
    printf8.o(i.__0snprintf$8) refers to printf8.o(i._snputc) for _snputc
    printf8.o(i.__0sprintf$8) refers to printf8.o(i._printf_core) for _printf_core
    printf8.o(i.__0sprintf$8) refers to printf8.o(i._sputc) for _sputc
    printf8.o(i.__0vfprintf$8) refers to printf8.o(i._printf_core) for _printf_core
    printf8.o(i.__0vfprintf$8) refers to fputc.o(i.fputc) for fputc
    printf8.o(i.__0vprintf$8) refers to printf8.o(i._printf_core) for _printf_core
    printf8.o(i.__0vprintf$8) refers to fputc.o(i.fputc) for fputc
    printf8.o(i.__0vprintf$8) refers to stdout.o(.data) for __stdout
    printf8.o(i.__0vsnprintf$8) refers to printf8.o(i._printf_core) for _printf_core
    printf8.o(i.__0vsnprintf$8) refers to printf8.o(i._snputc) for _snputc
    printf8.o(i.__0vsprintf$8) refers to printf8.o(i._printf_core) for _printf_core
    printf8.o(i.__0vsprintf$8) refers to printf8.o(i._sputc) for _sputc
    printf8.o(i._printf_core) refers to printf8.o(i._printf_pre_padding) for _printf_pre_padding
    printf8.o(i._printf_core) refers to uldiv.o(.text) for __aeabi_uldivmod
    printf8.o(i._printf_core) refers to printf8.o(i._printf_post_padding) for _printf_post_padding
    printfa.o(i.__0fprintf) refers (Special) to iusefp.o(.text) for __I$use$fp
    printfa.o(i.__0fprintf) refers to printfa.o(i._printf_core) for _printf_core
    printfa.o(i.__0fprintf) refers to fputc.o(i.fputc) for fputc
    printfa.o(i.__0printf) refers (Special) to iusefp.o(.text) for __I$use$fp
    printfa.o(i.__0printf) refers to printfa.o(i._printf_core) for _printf_core
    printfa.o(i.__0printf) refers to fputc.o(i.fputc) for fputc
    printfa.o(i.__0printf) refers to stdout.o(.data) for __stdout
    printfa.o(i.__0snprintf) refers (Special) to iusefp.o(.text) for __I$use$fp
    printfa.o(i.__0snprintf) refers to printfa.o(i._printf_core) for _printf_core
    printfa.o(i.__0snprintf) refers to printfa.o(i._snputc) for _snputc
    printfa.o(i.__0sprintf) refers (Special) to iusefp.o(.text) for __I$use$fp
    printfa.o(i.__0sprintf) refers to printfa.o(i._printf_core) for _printf_core
    printfa.o(i.__0sprintf) refers to printfa.o(i._sputc) for _sputc
    printfa.o(i.__0vfprintf) refers (Special) to iusefp.o(.text) for __I$use$fp
    printfa.o(i.__0vfprintf) refers to printfa.o(i._printf_core) for _printf_core
    printfa.o(i.__0vfprintf) refers to fputc.o(i.fputc) for fputc
    printfa.o(i.__0vprintf) refers (Special) to iusefp.o(.text) for __I$use$fp
    printfa.o(i.__0vprintf) refers to printfa.o(i._printf_core) for _printf_core
    printfa.o(i.__0vprintf) refers to fputc.o(i.fputc) for fputc
    printfa.o(i.__0vprintf) refers to stdout.o(.data) for __stdout
    printfa.o(i.__0vsnprintf) refers (Special) to iusefp.o(.text) for __I$use$fp
    printfa.o(i.__0vsnprintf) refers to printfa.o(i._printf_core) for _printf_core
    printfa.o(i.__0vsnprintf) refers to printfa.o(i._snputc) for _snputc
    printfa.o(i.__0vsprintf) refers (Special) to iusefp.o(.text) for __I$use$fp
    printfa.o(i.__0vsprintf) refers to printfa.o(i._printf_core) for _printf_core
    printfa.o(i.__0vsprintf) refers to printfa.o(i._sputc) for _sputc
    printfa.o(i._fp_digits) refers (Special) to iusefp.o(.text) for __I$use$fp
    printfa.o(i._fp_digits) refers to dmul.o(.text) for __aeabi_dmul
    printfa.o(i._fp_digits) refers to ddiv.o(.text) for __aeabi_ddiv
    printfa.o(i._fp_digits) refers to cdrcmple.o(.text) for __aeabi_cdrcmple
    printfa.o(i._fp_digits) refers to dadd.o(.text) for __aeabi_dadd
    printfa.o(i._fp_digits) refers to dfixul.o(.text) for __aeabi_d2ulz
    printfa.o(i._fp_digits) refers to uldiv.o(.text) for __aeabi_uldivmod
    printfa.o(i._printf_core) refers (Special) to iusefp.o(.text) for __I$use$fp
    printfa.o(i._printf_core) refers to printfa.o(i._printf_pre_padding) for _printf_pre_padding
    printfa.o(i._printf_core) refers to uldiv.o(.text) for __aeabi_uldivmod
    printfa.o(i._printf_core) refers to printfa.o(i._printf_post_padding) for _printf_post_padding
    printfa.o(i._printf_core) refers to printfa.o(i._fp_digits) for _fp_digits
    printfa.o(i._printf_core) refers to uidiv.o(.text) for __aeabi_uidivmod
    printfa.o(i._printf_post_padding) refers (Special) to iusefp.o(.text) for __I$use$fp
    printfa.o(i._printf_pre_padding) refers (Special) to iusefp.o(.text) for __I$use$fp
    printfa.o(i._snputc) refers (Special) to iusefp.o(.text) for __I$use$fp
    printfa.o(i._sputc) refers (Special) to iusefp.o(.text) for __I$use$fp
    entry2.o(.ARM.Collect$$$$00000001) refers to entry2.o(.ARM.Collect$$$$00002712) for __lit__00000000
    entry2.o(.ARM.Collect$$$$00002712) refers to startup_tm4c123.o(STACK) for __initial_sp
    entry2.o(__vectab_stack_and_reset_area) refers to startup_tm4c123.o(STACK) for __initial_sp
    entry2.o(__vectab_stack_and_reset_area) refers to entry.o(.ARM.Collect$$$$00000000) for __main
    entry5.o(.ARM.Collect$$$$00000004) refers to init.o(.text) for __scatterload
    entry9a.o(.ARM.Collect$$$$0000000B) refers to main.o(.text) for main
    entry9b.o(.ARM.Collect$$$$0000000C) refers to main.o(.text) for main
    fputc.o(i.fputc) refers (Special) to iusesemip.o(.text) for __I$use$semihosting$fputc
    fputc.o(i.fputc) refers (Special) to semi.o(.text) for __semihosting_library_function
    uldiv.o(.text) refers to llushr.o(.text) for __aeabi_llsr
    uldiv.o(.text) refers to llshl.o(.text) for __aeabi_llsl
    dadd.o(.text) refers to llshl.o(.text) for __aeabi_llsl
    dadd.o(.text) refers to llsshr.o(.text) for __aeabi_lasr
    dadd.o(.text) refers to depilogue.o(.text) for _double_epilogue
    dmul.o(.text) refers to depilogue.o(.text) for _double_epilogue
    ddiv.o(.text) refers to depilogue.o(.text) for _double_round
    dfixul.o(.text) refers to llushr.o(.text) for __aeabi_llsr
    dfixul.o(.text) refers to llshl.o(.text) for __aeabi_llsl
    init.o(.text) refers to entry5.o(.ARM.Collect$$$$00000004) for __main_after_scatterload
    depilogue.o(.text) refers to llshl.o(.text) for __aeabi_llsl
    depilogue.o(.text) refers to llushr.o(.text) for __aeabi_llsr


==============================================================================

Removing Unused input sections from the image.

    Removing main.o(.rev16_text), (4 bytes).
    Removing main.o(.revsh_text), (4 bytes).
    Removing main.o(.rrx_text), (6 bytes).
    Removing gpio_port.o(.rev16_text), (4 bytes).
    Removing gpio_port.o(.revsh_text), (4 bytes).
    Removing gpio_port.o(.rrx_text), (6 bytes).
    Removing ece353_hw2_fonts.o(.rev16_text), (4 bytes).
    Removing ece353_hw2_fonts.o(.revsh_text), (4 bytes).
    Removing ece353_hw2_fonts.o(.rrx_text), (6 bytes).
    Removing lcd.o(.rev16_text), (4 bytes).
    Removing lcd.o(.revsh_text), (4 bytes).
    Removing lcd.o(.rrx_text), (6 bytes).
    Removing startup_tm4c123.o(HEAP), (0 bytes).
    Removing system_tm4c123.o(.rev16_text), (4 bytes).
    Removing system_tm4c123.o(.revsh_text), (4 bytes).
    Removing system_tm4c123.o(.rrx_text), (6 bytes).
    Removing board_setup.o(.rev16_text), (4 bytes).
    Removing board_setup.o(.revsh_text), (4 bytes).
    Removing board_setup.o(.rrx_text), (6 bytes).
    Removing validate_uart.o(.rev16_text), (4 bytes).
    Removing validate_uart.o(.revsh_text), (4 bytes).
    Removing validate_uart.o(.rrx_text), (6 bytes).
    Removing validate_led.o(.rev16_text), (4 bytes).
    Removing validate_led.o(.revsh_text), (4 bytes).
    Removing validate_led.o(.rrx_text), (6 bytes).
    Removing validate_sysctl.o(.rev16_text), (4 bytes).
    Removing validate_sysctl.o(.revsh_text), (4 bytes).
    Removing validate_sysctl.o(.rrx_text), (6 bytes).
    Removing ice_adc.o(.rev16_text), (4 bytes).
    Removing ice_adc.o(.revsh_text), (4 bytes).
    Removing ice_adc.o(.rrx_text), (6 bytes).
    Removing ice_gpio_port.o(.rev16_text), (4 bytes).
    Removing ice_gpio_port.o(.revsh_text), (4 bytes).
    Removing ice_gpio_port.o(.rrx_text), (6 bytes).
    Removing ice_gpiof.o(.rev16_text), (4 bytes).
    Removing ice_gpiof.o(.revsh_text), (4 bytes).
    Removing ice_gpiof.o(.rrx_text), (6 bytes).
    Removing ice_gpt.o(.rev16_text), (4 bytes).
    Removing ice_gpt.o(.revsh_text), (4 bytes).
    Removing ice_gpt.o(.rrx_text), (6 bytes).
    Removing ice_systick.o(.rev16_text), (4 bytes).
    Removing ice_systick.o(.revsh_text), (4 bytes).
    Removing ice_systick.o(.rrx_text), (6 bytes).
    Removing ice_uart_rx_irq.o(.rev16_text), (4 bytes).
    Removing ice_uart_rx_irq.o(.revsh_text), (4 bytes).
    Removing ice_uart_rx_irq.o(.rrx_text), (6 bytes).
    Removing ice_lcd.o(.rev16_text), (4 bytes).
    Removing ice_lcd.o(.revsh_text), (4 bytes).
    Removing ice_lcd.o(.rrx_text), (6 bytes).
    Removing ice_uart_tx_irq.o(.rev16_text), (4 bytes).
    Removing ice_uart_tx_irq.o(.revsh_text), (4 bytes).
    Removing ice_uart_tx_irq.o(.rrx_text), (6 bytes).
    Removing ice_spi_nordic.o(.rev16_text), (4 bytes).
    Removing ice_spi_nordic.o(.revsh_text), (4 bytes).
    Removing ice_spi_nordic.o(.rrx_text), (6 bytes).
    Removing ice_pc_buffer.o(.rev16_text), (4 bytes).
    Removing ice_pc_buffer.o(.revsh_text), (4 bytes).
    Removing ice_pc_buffer.o(.rrx_text), (6 bytes).
    Removing ice_intro_to_c.o(.rev16_text), (4 bytes).
    Removing ice_intro_to_c.o(.revsh_text), (4 bytes).
    Removing ice_intro_to_c.o(.rrx_text), (6 bytes).
    Removing ice_uart_polling.o(.rev16_text), (4 bytes).
    Removing ice_uart_polling.o(.revsh_text), (4 bytes).
    Removing ice_uart_polling.o(.rrx_text), (6 bytes).
    Removing ice_i2c_eeprom.o(.rev16_text), (4 bytes).
    Removing ice_i2c_eeprom.o(.revsh_text), (4 bytes).
    Removing ice_i2c_eeprom.o(.rrx_text), (6 bytes).
    Removing validate_adc.o(.rev16_text), (4 bytes).
    Removing validate_adc.o(.revsh_text), (4 bytes).
    Removing validate_adc.o(.rrx_text), (6 bytes).
    Removing validate_gpio.o(.rev16_text), (4 bytes).
    Removing validate_gpio.o(.revsh_text), (4 bytes).
    Removing validate_gpio.o(.rrx_text), (6 bytes).
    Removing validate_gp_timer.o(.rev16_text), (4 bytes).
    Removing validate_gp_timer.o(.revsh_text), (4 bytes).
    Removing validate_gp_timer.o(.rrx_text), (6 bytes).
    Removing validate_spi.o(.rev16_text), (4 bytes).
    Removing validate_spi.o(.revsh_text), (4 bytes).
    Removing validate_spi.o(.rrx_text), (6 bytes).
    Removing dadd.o(.text), (334 bytes).
    Removing dmul.o(.text), (228 bytes).
    Removing ddiv.o(.text), (222 bytes).
    Removing dfixul.o(.text), (48 bytes).
    Removing cdrcmple.o(.text), (48 bytes).
    Removing depilogue.o(.text), (186 bytes).

85 unused section(s) (total 1430 bytes) removed from the image.

==============================================================================

Image Symbol Table

    Local Symbols

    Symbol Name                              Value     Ov Type        Size  Object(Section)

    RESET                                    0x00000000   Section      620  startup_tm4c123.o(RESET)
    ../clib/../cmprslib/lz77c.c              0x00000000   Number         0  __dclz77c.o ABSOLUTE
    ../clib/microlib/division.c              0x00000000   Number         0  uldiv.o ABSOLUTE
    ../clib/microlib/division.c              0x00000000   Number         0  uidiv.o ABSOLUTE
    ../clib/microlib/init/entry.s            0x00000000   Number         0  entry9b.o ABSOLUTE
    ../clib/microlib/init/entry.s            0x00000000   Number         0  entry.o ABSOLUTE
    ../clib/microlib/init/entry.s            0x00000000   Number         0  entry10a.o ABSOLUTE
    ../clib/microlib/init/entry.s            0x00000000   Number         0  entry8b.o ABSOLUTE
    ../clib/microlib/init/entry.s            0x00000000   Number         0  entry7a.o ABSOLUTE
    ../clib/microlib/init/entry.s            0x00000000   Number         0  entry9a.o ABSOLUTE
    ../clib/microlib/init/entry.s            0x00000000   Number         0  entry2.o ABSOLUTE
    ../clib/microlib/init/entry.s            0x00000000   Number         0  entry5.o ABSOLUTE
    ../clib/microlib/init/entry.s            0x00000000   Number         0  entry7b.o ABSOLUTE
    ../clib/microlib/init/entry.s            0x00000000   Number         0  entry11b.o ABSOLUTE
    ../clib/microlib/init/entry.s            0x00000000   Number         0  entry11a.o ABSOLUTE
    ../clib/microlib/init/entry.s            0x00000000   Number         0  entry10b.o ABSOLUTE
    ../clib/microlib/init/entry.s            0x00000000   Number         0  entry8a.o ABSOLUTE
    ../clib/microlib/longlong.c              0x00000000   Number         0  llshl.o ABSOLUTE
    ../clib/microlib/longlong.c              0x00000000   Number         0  llushr.o ABSOLUTE
    ../clib/microlib/longlong.c              0x00000000   Number         0  llsshr.o ABSOLUTE
    ../clib/microlib/printf/printf.c         0x00000000   Number         0  printf6.o ABSOLUTE
    ../clib/microlib/printf/printf.c         0x00000000   Number         0  printf5.o ABSOLUTE
    ../clib/microlib/printf/printf.c         0x00000000   Number         0  printf3.o ABSOLUTE
    ../clib/microlib/printf/printf.c         0x00000000   Number         0  printf4.o ABSOLUTE
    ../clib/microlib/printf/printf.c         0x00000000   Number         0  printf7.o ABSOLUTE
    ../clib/microlib/printf/printf.c         0x00000000   Number         0  printf2.o ABSOLUTE
    ../clib/microlib/printf/printf.c         0x00000000   Number         0  printf1.o ABSOLUTE
    ../clib/microlib/printf/printf.c         0x00000000   Number         0  printf0.o ABSOLUTE
    ../clib/microlib/printf/printf.c         0x00000000   Number         0  printfa.o ABSOLUTE
    ../clib/microlib/printf/printf.c         0x00000000   Number         0  printf8.o ABSOLUTE
    ../clib/microlib/printf/printf.c         0x00000000   Number         0  printfb.o ABSOLUTE
    ../clib/microlib/printf/stubs.s          0x00000000   Number         0  stubs.o ABSOLUTE
    ../clib/microlib/stdio/fputc.c           0x00000000   Number         0  fputc.o ABSOLUTE
    ../clib/microlib/stdio/semi.s            0x00000000   Number         0  semi.o ABSOLUTE
    ../clib/microlib/stdio/streams.c         0x00000000   Number         0  stdout.o ABSOLUTE
    ../clib/microlib/string/memcpy.c         0x00000000   Number         0  memcpya.o ABSOLUTE
    ../clib/microlib/string/memcpy.c         0x00000000   Number         0  memcpyb.o ABSOLUTE
    ../clib/microlib/string/strlen.c         0x00000000   Number         0  strlen.o ABSOLUTE
    ../clib/microlib/stubs.s                 0x00000000   Number         0  iusefp.o ABSOLUTE
    ../clib/microlib/stubs.s                 0x00000000   Number         0  iusesemip.o ABSOLUTE
    ../fplib/microlib/fpadd.c                0x00000000   Number         0  dadd.o ABSOLUTE
    ../fplib/microlib/fpdiv.c                0x00000000   Number         0  ddiv.o ABSOLUTE
    ../fplib/microlib/fpepilogue.c           0x00000000   Number         0  depilogue.o ABSOLUTE
    ../fplib/microlib/fpfix.c                0x00000000   Number         0  dfixul.o ABSOLUTE
    ../fplib/microlib/fpmul.c                0x00000000   Number         0  dmul.o ABSOLUTE
    ..\\drivers\\c\\gpio_port.c              0x00000000   Number         0  gpio_port.o ABSOLUTE
    ..\\peripherals\\c\\lcd.c                0x00000000   Number         0  lcd.o ABSOLUTE
    ..\drivers\c\gpio_port.c                 0x00000000   Number         0  gpio_port.o ABSOLUTE
    ..\peripherals\c\lcd.c                   0x00000000   Number         0  lcd.o ABSOLUTE
    RTE\Device\TM4C123GH6PM\startup_TM4C123.s 0x00000000   Number         0  startup_tm4c123.o ABSOLUTE
    RTE\Device\TM4C123GH6PM\system_TM4C123.c 0x00000000   Number         0  system_tm4c123.o ABSOLUTE
    RTE\\Device\\TM4C123GH6PM\\system_TM4C123.c 0x00000000   Number         0  system_tm4c123.o ABSOLUTE
    board_setup.c                            0x00000000   Number         0  board_setup.o ABSOLUTE
    board_setup.c                            0x00000000   Number         0  board_setup.o ABSOLUTE
    cdrcmple.s                               0x00000000   Number         0  cdrcmple.o ABSOLUTE
    dc.s                                     0x00000000   Number         0  dc.o ABSOLUTE
    ece353_hw2_fonts.c                       0x00000000   Number         0  ece353_hw2_fonts.o ABSOLUTE
    ece353_hw2_fonts.c                       0x00000000   Number         0  ece353_hw2_fonts.o ABSOLUTE
    handlers.s                               0x00000000   Number         0  handlers.o ABSOLUTE
    ice_adc.c                                0x00000000   Number         0  ice_adc.o ABSOLUTE
    ice_adc.c                                0x00000000   Number         0  ice_adc.o ABSOLUTE
    ice_gpio_port.c                          0x00000000   Number         0  ice_gpio_port.o ABSOLUTE
    ice_gpio_port.c                          0x00000000   Number         0  ice_gpio_port.o ABSOLUTE
    ice_gpiof.c                              0x00000000   Number         0  ice_gpiof.o ABSOLUTE
    ice_gpiof.c                              0x00000000   Number         0  ice_gpiof.o ABSOLUTE
    ice_gpt.c                                0x00000000   Number         0  ice_gpt.o ABSOLUTE
    ice_gpt.c                                0x00000000   Number         0  ice_gpt.o ABSOLUTE
    ice_i2c_eeprom.c                         0x00000000   Number         0  ice_i2c_eeprom.o ABSOLUTE
    ice_i2c_eeprom.c                         0x00000000   Number         0  ice_i2c_eeprom.o ABSOLUTE
    ice_intro_to_c.c                         0x00000000   Number         0  ice_intro_to_c.o ABSOLUTE
    ice_intro_to_c.c                         0x00000000   Number         0  ice_intro_to_c.o ABSOLUTE
    ice_lcd.c                                0x00000000   Number         0  ice_lcd.o ABSOLUTE
    ice_lcd.c                                0x00000000   Number         0  ice_lcd.o ABSOLUTE
    ice_pc_buffer.c                          0x00000000   Number         0  ice_pc_buffer.o ABSOLUTE
    ice_pc_buffer.c                          0x00000000   Number         0  ice_pc_buffer.o ABSOLUTE
    ice_spi_nordic.c                         0x00000000   Number         0  ice_spi_nordic.o ABSOLUTE
    ice_spi_nordic.c                         0x00000000   Number         0  ice_spi_nordic.o ABSOLUTE
    ice_systick.c                            0x00000000   Number         0  ice_systick.o ABSOLUTE
    ice_systick.c                            0x00000000   Number         0  ice_systick.o ABSOLUTE
    ice_uart_polling.c                       0x00000000   Number         0  ice_uart_polling.o ABSOLUTE
    ice_uart_polling.c                       0x00000000   Number         0  ice_uart_polling.o ABSOLUTE
    ice_uart_rx_irq.c                        0x00000000   Number         0  ice_uart_rx_irq.o ABSOLUTE
    ice_uart_rx_irq.c                        0x00000000   Number         0  ice_uart_rx_irq.o ABSOLUTE
    ice_uart_tx_irq.c                        0x00000000   Number         0  ice_uart_tx_irq.o ABSOLUTE
    ice_uart_tx_irq.c                        0x00000000   Number         0  ice_uart_tx_irq.o ABSOLUTE
    init.s                                   0x00000000   Number         0  init.o ABSOLUTE
    main.c                                   0x00000000   Number         0  main.o ABSOLUTE
    main.c                                   0x00000000   Number         0  main.o ABSOLUTE
    validate_adc.c                           0x00000000   Number         0  validate_adc.o ABSOLUTE
    validate_adc.c                           0x00000000   Number         0  validate_adc.o ABSOLUTE
    validate_gp_timer.c                      0x00000000   Number         0  validate_gp_timer.o ABSOLUTE
    validate_gp_timer.c                      0x00000000   Number         0  validate_gp_timer.o ABSOLUTE
    validate_gpio.c                          0x00000000   Number         0  validate_gpio.o ABSOLUTE
    validate_gpio.c                          0x00000000   Number         0  validate_gpio.o ABSOLUTE
    validate_led.c                           0x00000000   Number         0  validate_led.o ABSOLUTE
    validate_led.c                           0x00000000   Number         0  validate_led.o ABSOLUTE
    validate_spi.c                           0x00000000   Number         0  validate_spi.o ABSOLUTE
    validate_spi.c                           0x00000000   Number         0  validate_spi.o ABSOLUTE
    validate_sysctl.c                        0x00000000   Number         0  validate_sysctl.o ABSOLUTE
    validate_sysctl.c                        0x00000000   Number         0  validate_sysctl.o ABSOLUTE
    validate_uart.c                          0x00000000   Number         0  validate_uart.o ABSOLUTE
    validate_uart.c                          0x00000000   Number         0  validate_uart.o ABSOLUTE
    .ARM.Collect$$$$00000000                 0x0000026c   Section        0  entry.o(.ARM.Collect$$$$00000000)
    .ARM.Collect$$$$00000001                 0x0000026c   Section        4  entry2.o(.ARM.Collect$$$$00000001)
    .ARM.Collect$$$$00000004                 0x00000270   Section        4  entry5.o(.ARM.Collect$$$$00000004)
    .ARM.Collect$$$$00000008                 0x00000274   Section        0  entry7b.o(.ARM.Collect$$$$00000008)
    .ARM.Collect$$$$0000000A                 0x00000274   Section        0  entry8b.o(.ARM.Collect$$$$0000000A)
    .ARM.Collect$$$$0000000B                 0x00000274   Section        8  entry9a.o(.ARM.Collect$$$$0000000B)
    .ARM.Collect$$$$0000000D                 0x0000027c   Section        0  entry10a.o(.ARM.Collect$$$$0000000D)
    .ARM.Collect$$$$0000000F                 0x0000027c   Section        0  entry11a.o(.ARM.Collect$$$$0000000F)
    .ARM.Collect$$$$00002712                 0x0000027c   Section        4  entry2.o(.ARM.Collect$$$$00002712)
    __lit__00000000                          0x0000027c   Data           4  entry2.o(.ARM.Collect$$$$00002712)
    .text                                    0x00000280   Section        0  main.o(.text)
    .text                                    0x000003d4   Section        0  gpio_port.o(.text)
    verify_base_addr                         0x000003d5   Thumb Code    64  gpio_port.o(.text)
    .text                                    0x0000061c   Section        0  ece353_hw2_fonts.o(.text)
    .text                                    0x000006d0   Section        0  lcd.o(.text)
    delayms                                  0x000006d1   Thumb Code    26  lcd.o(.text)
    lcd_write_cmd_u8                         0x000006eb   Thumb Code    34  lcd.o(.text)
    lcd_write_data_u8                        0x0000070d   Thumb Code    36  lcd.o(.text)
    lcd_write_data_u16                       0x00000731   Thumb Code    60  lcd.o(.text)
    .text                                    0x00000bac   Section      252  startup_tm4c123.o(.text)
    $v0                                      0x00000bac   Number         0  startup_tm4c123.o(.text)
    .text                                    0x00000ca8   Section        0  system_tm4c123.o(.text)
    getOscClk                                0x00000ca9   Thumb Code   182  system_tm4c123.o(.text)
    .text                                    0x00000ef4   Section        0  board_setup.o(.text)
    .text                                    0x00000ff4   Section        0  validate_uart.o(.text)
    uart_get_ibrd                            0x0000109f   Thumb Code    28  validate_uart.o(.text)
    uart_get_fbrd                            0x000010bb   Thumb Code    28  validate_uart.o(.text)
    uart_get_irq_num                         0x000010d7   Thumb Code    68  validate_uart.o(.text)
    .text                                    0x000013f0   Section        0  validate_led.o(.text)
    .text                                    0x00001454   Section        0  validate_sysctl.o(.text)
    get_gpio_rcgc                            0x00001455   Thumb Code    74  validate_sysctl.o(.text)
    get_adc_rcgc                             0x0000149f   Thumb Code    28  validate_sysctl.o(.text)
    get_gpt_rcgc                             0x000014bb   Thumb Code    74  validate_sysctl.o(.text)
    get_uart_rcgc                            0x00001505   Thumb Code    68  validate_sysctl.o(.text)
    get_spi_rcgc                             0x00001549   Thumb Code    48  validate_sysctl.o(.text)
    .text                                    0x00001620   Section        0  ice_adc.o(.text)
    print_adc_pin_status                     0x00001621   Thumb Code   144  ice_adc.o(.text)
    print_adc_status                         0x000016b1   Thumb Code   144  ice_adc.o(.text)
    .text                                    0x000018dc   Section        0  ice_gpio_port.o(.text)
    print_pin_status                         0x000018dd   Thumb Code   122  ice_gpio_port.o(.text)
    .text                                    0x00001b20   Section        0  ice_gpiof.o(.text)
    .text                                    0x00001e08   Section        0  ice_gpt.o(.text)
    .text                                    0x00001fb0   Section        0  ice_systick.o(.text)
    print_systick_load                       0x00001fb1   Thumb Code    86  ice_systick.o(.text)
    print_pin_status                         0x00002007   Thumb Code   122  ice_systick.o(.text)
    print_adc_pin_status                     0x00002081   Thumb Code   144  ice_systick.o(.text)
    print_adc_status                         0x00002111   Thumb Code   144  ice_systick.o(.text)
    .text                                    0x00002388   Section        0  ice_uart_rx_irq.o(.text)
    .text                                    0x00002568   Section        0  ice_lcd.o(.text)
    .text                                    0x000028dc   Section        0  ice_uart_tx_irq.o(.text)
    .text                                    0x00002abc   Section        0  ice_spi_nordic.o(.text)
    .text                                    0x00002e64   Section        0  ice_pc_buffer.o(.text)
    .text                                    0x00002e70   Section        0  ice_intro_to_c.o(.text)
    .text                                    0x00002ed8   Section        0  ice_uart_polling.o(.text)
    print_pin_status                         0x00002ed9   Thumb Code   144  ice_uart_polling.o(.text)
    print_uart_status                        0x00002f69   Thumb Code   178  ice_uart_polling.o(.text)
    .text                                    0x00003128   Section        0  ice_i2c_eeprom.o(.text)
    print_pin_status                         0x00003129   Thumb Code   144  ice_i2c_eeprom.o(.text)
    .text                                    0x00003258   Section        0  validate_adc.o(.text)
    verify_base_addr                         0x00003259   Thumb Code    26  validate_adc.o(.text)
    .text                                    0x00003310   Section        0  validate_gpio.o(.text)
    verify_base_addr                         0x00003311   Thumb Code    64  validate_gpio.o(.text)
    .text                                    0x000034b0   Section        0  validate_gp_timer.o(.text)
    verify_base_addr                         0x000034b1   Thumb Code    64  validate_gp_timer.o(.text)
    validate_gpt_mode                        0x000034f1   Thumb Code    22  validate_gp_timer.o(.text)
    validate_gpio_gpt_direction              0x00003507   Thumb Code    22  validate_gp_timer.o(.text)
    validate_gtp_interrupts                  0x0000351d   Thumb Code    22  validate_gp_timer.o(.text)
    validate_gpt_size_32                     0x00003533   Thumb Code    20  validate_gp_timer.o(.text)
    validate_gpt_interval                    0x00003547   Thumb Code    18  validate_gp_timer.o(.text)
    .text                                    0x000035c4   Section        0  validate_spi.o(.text)
    .text                                    0x000036ba   Section        0  memcpya.o(.text)
    .text                                    0x000036de   Section        0  strlen.o(.text)
    .text                                    0x000036ec   Section        0  uidiv.o(.text)
    .text                                    0x00003718   Section       36  init.o(.text)
    .text                                    0x0000373c   Section        0  __dclz77c.o(.text)
    i.__0sprintf$6                           0x0000379c   Section        0  printf6.o(i.__0sprintf$6)
    i.__scatterload_copy                     0x000037c4   Section       14  handlers.o(i.__scatterload_copy)
    i.__scatterload_null                     0x000037d2   Section        2  handlers.o(i.__scatterload_null)
    i.__scatterload_zeroinit                 0x000037d4   Section       14  handlers.o(i.__scatterload_zeroinit)
    i._printf_core                           0x000037e4   Section        0  printf6.o(i._printf_core)
    _printf_core                             0x000037e5   Thumb Code   748  printf6.o(i._printf_core)
    i._printf_post_padding                   0x00003ad4   Section        0  printf6.o(i._printf_post_padding)
    _printf_post_padding                     0x00003ad5   Thumb Code    36  printf6.o(i._printf_post_padding)
    i._printf_pre_padding                    0x00003af8   Section        0  printf6.o(i._printf_pre_padding)
    _printf_pre_padding                      0x00003af9   Thumb Code    46  printf6.o(i._printf_pre_padding)
    i._sputc                                 0x00003b26   Section        0  printf6.o(i._sputc)
    _sputc                                   0x00003b27   Thumb Code    10  printf6.o(i._sputc)
    .constdata                               0x00003b30   Section     4560  ece353_hw2_fonts.o(.constdata)
    .conststring                             0x00004d00   Section       92  validate_uart.o(.conststring)
    .data                                    0x20000000   Section       16  main.o(.data)
    .data                                    0x20000010   Section        4  system_tm4c123.o(.data)
    .data                                    0x20000014   Section       40  ice_adc.o(.data)
    ps2_x                                    0x20000014   Data          20  ice_adc.o(.data)
    ps2_y                                    0x20000028   Data          20  ice_adc.o(.data)
    .data                                    0x2000003c   Section      240  ice_gpio_port.o(.data)
    lcd_cs                                   0x2000003c   Data          20  ice_gpio_port.o(.data)
    lcd_data_instr                           0x20000050   Data          20  ice_gpio_port.o(.data)
    lcd_wr                                   0x20000064   Data          20  ice_gpio_port.o(.data)
    lcd_rd                                   0x20000078   Data          20  ice_gpio_port.o(.data)
    lcd_data                                 0x2000008c   Data         160  ice_gpio_port.o(.data)
    .data                                    0x2000012c   Section      100  ice_gpiof.o(.data)
    red                                      0x2000012c   Data          20  ice_gpiof.o(.data)
    blue                                     0x20000140   Data          20  ice_gpiof.o(.data)
    green                                    0x20000154   Data          20  ice_gpiof.o(.data)
    sw1                                      0x20000168   Data          20  ice_gpiof.o(.data)
    sw2                                      0x2000017c   Data          20  ice_gpiof.o(.data)
    .data                                    0x20000190   Section       40  ice_systick.o(.data)
    ps2_x                                    0x20000190   Data          20  ice_systick.o(.data)
    green                                    0x200001a4   Data          20  ice_systick.o(.data)
    .data                                    0x200001b8   Section       64  ice_uart_rx_irq.o(.data)
    Tx                                       0x200001b8   Data          20  ice_uart_rx_irq.o(.data)
    Rx                                       0x200001cc   Data          20  ice_uart_rx_irq.o(.data)
    uart0                                    0x200001e0   Data          24  ice_uart_rx_irq.o(.data)
    .data                                    0x200001f8   Section      120  ice_lcd.o(.data)
    .data                                    0x20000270   Section       64  ice_uart_tx_irq.o(.data)
    Tx                                       0x20000270   Data          20  ice_uart_tx_irq.o(.data)
    Rx                                       0x20000284   Data          20  ice_uart_tx_irq.o(.data)
    uart0                                    0x20000298   Data          24  ice_uart_tx_irq.o(.data)
    .data                                    0x200002b0   Section      120  ice_spi_nordic.o(.data)
    SPI_CLK                                  0x200002b0   Data          20  ice_spi_nordic.o(.data)
    SPI_CS                                   0x200002c4   Data          20  ice_spi_nordic.o(.data)
    SPI_MISO                                 0x200002d8   Data          20  ice_spi_nordic.o(.data)
    SPI_MOSI                                 0x200002ec   Data          20  ice_spi_nordic.o(.data)
    .data                                    0x20000328   Section       64  ice_uart_polling.o(.data)
    Tx                                       0x20000328   Data          20  ice_uart_polling.o(.data)
    Rx                                       0x2000033c   Data          20  ice_uart_polling.o(.data)
    uart0                                    0x20000350   Data          24  ice_uart_polling.o(.data)
    .data                                    0x20000368   Section       40  ice_i2c_eeprom.o(.data)
    SCL                                      0x20000368   Data          20  ice_i2c_eeprom.o(.data)
    SDA                                      0x2000037c   Data          20  ice_i2c_eeprom.o(.data)
    STACK                                    0x20000390   Section      512  startup_tm4c123.o(STACK)

    Global Symbols

    Symbol Name                              Value     Ov Type        Size  Object(Section)

    BuildAttributes$$THM_ISAv4$E$P$D$K$B$S$7EM$VFPi3$EXTD16$VFPS$VFMA$PE$A:L22UL41UL21$X:L11$S22US41US21$IEEE1$IW$USESV6$~STKCKD$USESV7$~SHL$OSPACE$ROPI$EBA8$MICROLIB$REQ8$PRES8$EABIv2 0x00000000   Number         0  anon$$obj.o ABSOLUTE
    __ARM_use_no_argv                        0x00000000   Number         0  main.o ABSOLUTE
    __Vectors                                0x00000000   Data           4  startup_tm4c123.o(RESET)
    _printf_a                                0x00000000   Number         0  stubs.o ABSOLUTE
    _printf_c                                0x00000000   Number         0  stubs.o ABSOLUTE
    _printf_charcount                        0x00000000   Number         0  stubs.o ABSOLUTE
    _printf_d                                0x00000000   Number         0  stubs.o ABSOLUTE
    _printf_e                                0x00000000   Number         0  stubs.o ABSOLUTE
    _printf_f                                0x00000000   Number         0  stubs.o ABSOLUTE
    _printf_flags                            0x00000000   Number         0  stubs.o ABSOLUTE
    _printf_fp_dec                           0x00000000   Number         0  stubs.o ABSOLUTE
    _printf_fp_hex                           0x00000000   Number         0  stubs.o ABSOLUTE
    _printf_g                                0x00000000   Number         0  stubs.o ABSOLUTE
    _printf_i                                0x00000000   Number         0  stubs.o ABSOLUTE
    _printf_int_dec                          0x00000000   Number         0  stubs.o ABSOLUTE
    _printf_l                                0x00000000   Number         0  stubs.o ABSOLUTE
    _printf_lc                               0x00000000   Number         0  stubs.o ABSOLUTE
    _printf_ll                               0x00000000   Number         0  stubs.o ABSOLUTE
    _printf_lld                              0x00000000   Number         0  stubs.o ABSOLUTE
    _printf_lli                              0x00000000   Number         0  stubs.o ABSOLUTE
    _printf_llo                              0x00000000   Number         0  stubs.o ABSOLUTE
    _printf_llu                              0x00000000   Number         0  stubs.o ABSOLUTE
    _printf_llx                              0x00000000   Number         0  stubs.o ABSOLUTE
    _printf_longlong_dec                     0x00000000   Number         0  stubs.o ABSOLUTE
    _printf_longlong_hex                     0x00000000   Number         0  stubs.o ABSOLUTE
    _printf_longlong_oct                     0x00000000   Number         0  stubs.o ABSOLUTE
    _printf_ls                               0x00000000   Number         0  stubs.o ABSOLUTE
    _printf_mbtowc                           0x00000000   Number         0  stubs.o ABSOLUTE
    _printf_n                                0x00000000   Number         0  stubs.o ABSOLUTE
    _printf_o                                0x00000000   Number         0  stubs.o ABSOLUTE
    _printf_p                                0x00000000   Number         0  stubs.o ABSOLUTE
    _printf_percent                          0x00000000   Number         0  stubs.o ABSOLUTE
    _printf_pre_padding                      0x00000000   Number         0  stubs.o ABSOLUTE
    _printf_return_value                     0x00000000   Number         0  stubs.o ABSOLUTE
    _printf_s                                0x00000000   Number         0  stubs.o ABSOLUTE
    _printf_sizespec                         0x00000000   Number         0  stubs.o ABSOLUTE
    _printf_str                              0x00000000   Number         0  stubs.o ABSOLUTE
    _printf_truncate_signed                  0x00000000   Number         0  stubs.o ABSOLUTE
    _printf_truncate_unsigned                0x00000000   Number         0  stubs.o ABSOLUTE
    _printf_u                                0x00000000   Number         0  stubs.o ABSOLUTE
    _printf_wc                               0x00000000   Number         0  stubs.o ABSOLUTE
    _printf_wctomb                           0x00000000   Number         0  stubs.o ABSOLUTE
    _printf_widthprec                        0x00000000   Number         0  stubs.o ABSOLUTE
    _printf_x                                0x00000000   Number         0  stubs.o ABSOLUTE
    __cpp_initialize__aeabi_                  - Undefined Weak Reference
    __cxa_finalize                            - Undefined Weak Reference
    _clock_init                               - Undefined Weak Reference
    _microlib_exit                            - Undefined Weak Reference
    __Vectors_End                            0x0000026c   Data           0  startup_tm4c123.o(RESET)
    __Vectors_Size                           0x0000026c   Number         0  startup_tm4c123.o ABSOLUTE
    __main                                   0x0000026d   Thumb Code     0  entry.o(.ARM.Collect$$$$00000000)
    _main_stk                                0x0000026d   Thumb Code     0  entry2.o(.ARM.Collect$$$$00000001)
    _main_scatterload                        0x00000271   Thumb Code     0  entry5.o(.ARM.Collect$$$$00000004)
    __main_after_scatterload                 0x00000275   Thumb Code     0  entry5.o(.ARM.Collect$$$$00000004)
    _main_clock                              0x00000275   Thumb Code     0  entry7b.o(.ARM.Collect$$$$00000008)
    _main_cpp_init                           0x00000275   Thumb Code     0  entry8b.o(.ARM.Collect$$$$0000000A)
    _main_init                               0x00000275   Thumb Code     0  entry9a.o(.ARM.Collect$$$$0000000B)
    __rt_final_cpp                           0x0000027d   Thumb Code     0  entry10a.o(.ARM.Collect$$$$0000000D)
    __rt_final_exit                          0x0000027d   Thumb Code     0  entry11a.o(.ARM.Collect$$$$0000000F)
    main                                     0x00000281   Thumb Code   166  main.o(.text)
    gpio_get_irq_num                         0x00000415   Thumb Code    74  gpio_port.o(.text)
    gpio_enable_port                         0x0000045f   Thumb Code   156  gpio_port.o(.text)
    gpio_config_digital_enable               0x000004fb   Thumb Code    34  gpio_port.o(.text)
    gpio_config_enable_output                0x0000051d   Thumb Code    34  gpio_port.o(.text)
    gpio_config_enable_input                 0x0000053f   Thumb Code    34  gpio_port.o(.text)
    gpio_config_enable_pullup                0x00000561   Thumb Code    34  gpio_port.o(.text)
    gpio_config_enable_pulldown              0x00000583   Thumb Code    34  gpio_port.o(.text)
    gpio_config_analog_enable                0x000005a5   Thumb Code    34  gpio_port.o(.text)
    gpio_config_alternate_function           0x000005c7   Thumb Code    34  gpio_port.o(.text)
    gpio_config_port_control                 0x000005e9   Thumb Code     6  gpio_port.o(.text)
    gpio_config_open_drain                   0x000005ef   Thumb Code     6  gpio_port.o(.text)
    gpio_config_falling_edge_irq             0x000005f5   Thumb Code     6  gpio_port.o(.text)
    lcd_print_char                           0x0000061d   Thumb Code    40  ece353_hw2_fonts.o(.text)
    lcd_print_stringXY                       0x00000645   Thumb Code   134  ece353_hw2_fonts.o(.text)
    lcd_set_pos                              0x0000076d   Thumb Code    58  lcd.o(.text)
    lcd_clear_screen                         0x000007a7   Thumb Code    52  lcd.o(.text)
    lcd_draw_image                           0x000007db   Thumb Code   184  lcd.o(.text)
    lcd_config_gpio                          0x00000893   Thumb Code   222  lcd.o(.text)
    lcd_config_screen                        0x00000971   Thumb Code   566  lcd.o(.text)
    Reset_Handler                            0x00000bad   Thumb Code     8  startup_tm4c123.o(.text)
    NMI_Handler                              0x00000bb5   Thumb Code     2  startup_tm4c123.o(.text)
    HardFault_Handler                        0x00000bb7   Thumb Code     2  startup_tm4c123.o(.text)
    MemManage_Handler                        0x00000bb9   Thumb Code     2  startup_tm4c123.o(.text)
    BusFault_Handler                         0x00000bbb   Thumb Code     2  startup_tm4c123.o(.text)
    UsageFault_Handler                       0x00000bbd   Thumb Code     2  startup_tm4c123.o(.text)
    SVC_Handler                              0x00000bbf   Thumb Code     2  startup_tm4c123.o(.text)
    DebugMon_Handler                         0x00000bc1   Thumb Code     2  startup_tm4c123.o(.text)
    PendSV_Handler                           0x00000bc3   Thumb Code     2  startup_tm4c123.o(.text)
    SysTick_Handler                          0x00000bc5   Thumb Code     2  startup_tm4c123.o(.text)
    GPIOA_Handler                            0x00000bc7   Thumb Code     2  startup_tm4c123.o(.text)
    GPIOB_Handler                            0x00000bc9   Thumb Code     2  startup_tm4c123.o(.text)
    GPIOC_Handler                            0x00000bcb   Thumb Code     2  startup_tm4c123.o(.text)
    GPIOD_Handler                            0x00000bcd   Thumb Code     2  startup_tm4c123.o(.text)
    GPIOE_Handler                            0x00000bcf   Thumb Code     2  startup_tm4c123.o(.text)
    UART0_Handler                            0x00000bd1   Thumb Code     2  startup_tm4c123.o(.text)
    UART1_Handler                            0x00000bd3   Thumb Code     2  startup_tm4c123.o(.text)
    SSI0_Handler                             0x00000bd5   Thumb Code     2  startup_tm4c123.o(.text)
    I2C0_Handler                             0x00000bd7   Thumb Code     2  startup_tm4c123.o(.text)
    PMW0_FAULT_Handler                       0x00000bd9   Thumb Code     2  startup_tm4c123.o(.text)
    PWM0_0_Handler                           0x00000bdb   Thumb Code     2  startup_tm4c123.o(.text)
    PWM0_1_Handler                           0x00000bdd   Thumb Code     2  startup_tm4c123.o(.text)
    PWM0_2_Handler                           0x00000bdf   Thumb Code     2  startup_tm4c123.o(.text)
    QEI0_Handler                             0x00000be1   Thumb Code     2  startup_tm4c123.o(.text)
    ADC0SS0_Handler                          0x00000be3   Thumb Code     2  startup_tm4c123.o(.text)
    ADC0SS1_Handler                          0x00000be5   Thumb Code     2  startup_tm4c123.o(.text)
    ADC0SS2_Handler                          0x00000be7   Thumb Code     2  startup_tm4c123.o(.text)
    ADC0SS3_Handler                          0x00000be9   Thumb Code     2  startup_tm4c123.o(.text)
    WDT0_Handler                             0x00000beb   Thumb Code     2  startup_tm4c123.o(.text)
    TIMER0A_Handler                          0x00000bed   Thumb Code     2  startup_tm4c123.o(.text)
    TIMER0B_Handler                          0x00000bef   Thumb Code     2  startup_tm4c123.o(.text)
    TIMER1A_Handler                          0x00000bf1   Thumb Code     2  startup_tm4c123.o(.text)
    TIMER1B_Handler                          0x00000bf3   Thumb Code     2  startup_tm4c123.o(.text)
    TIMER2A_Handler                          0x00000bf5   Thumb Code     2  startup_tm4c123.o(.text)
    TIMER2B_Handler                          0x00000bf7   Thumb Code     2  startup_tm4c123.o(.text)
    COMP0_Handler                            0x00000bf9   Thumb Code     2  startup_tm4c123.o(.text)
    COMP1_Handler                            0x00000bfb   Thumb Code     2  startup_tm4c123.o(.text)
    COMP2_Handler                            0x00000bfd   Thumb Code     2  startup_tm4c123.o(.text)
    SYSCTL_Handler                           0x00000bff   Thumb Code     2  startup_tm4c123.o(.text)
    FLASH_Handler                            0x00000c01   Thumb Code     2  startup_tm4c123.o(.text)
    GPIOF_Handler                            0x00000c03   Thumb Code     2  startup_tm4c123.o(.text)
    GPIOG_Handler                            0x00000c05   Thumb Code     2  startup_tm4c123.o(.text)
    GPIOH_Handler                            0x00000c07   Thumb Code     2  startup_tm4c123.o(.text)
    UART2_Handler                            0x00000c09   Thumb Code     2  startup_tm4c123.o(.text)
    SSI1_Handler                             0x00000c0b   Thumb Code     2  startup_tm4c123.o(.text)
    TIMER3A_Handler                          0x00000c0d   Thumb Code     2  startup_tm4c123.o(.text)
    TIMER3B_Handler                          0x00000c0f   Thumb Code     2  startup_tm4c123.o(.text)
    I2C1_Handler                             0x00000c11   Thumb Code     2  startup_tm4c123.o(.text)
    QEI1_Handler                             0x00000c13   Thumb Code     2  startup_tm4c123.o(.text)
    CAN0_Handler                             0x00000c15   Thumb Code     2  startup_tm4c123.o(.text)
    CAN1_Handler                             0x00000c17   Thumb Code     2  startup_tm4c123.o(.text)
    CAN2_Handler                             0x00000c19   Thumb Code     2  startup_tm4c123.o(.text)
    HIB_Handler                              0x00000c1b   Thumb Code     2  startup_tm4c123.o(.text)
    USB0_Handler                             0x00000c1d   Thumb Code     2  startup_tm4c123.o(.text)
    PWM0_3_Handler                           0x00000c1f   Thumb Code     2  startup_tm4c123.o(.text)
    UDMA_Handler                             0x00000c21   Thumb Code     2  startup_tm4c123.o(.text)
    UDMAERR_Handler                          0x00000c23   Thumb Code     2  startup_tm4c123.o(.text)
    ADC1SS0_Handler                          0x00000c25   Thumb Code     2  startup_tm4c123.o(.text)
    ADC1SS1_Handler                          0x00000c27   Thumb Code     2  startup_tm4c123.o(.text)
    ADC1SS2_Handler                          0x00000c29   Thumb Code     2  startup_tm4c123.o(.text)
    ADC1SS3_Handler                          0x00000c2b   Thumb Code     2  startup_tm4c123.o(.text)
    GPIOJ_Handler                            0x00000c2d   Thumb Code     2  startup_tm4c123.o(.text)
    GPIOK_Handler                            0x00000c2f   Thumb Code     2  startup_tm4c123.o(.text)
    GPIOL_Handler                            0x00000c31   Thumb Code     2  startup_tm4c123.o(.text)
    SSI2_Handler                             0x00000c33   Thumb Code     2  startup_tm4c123.o(.text)
    SSI3_Handler                             0x00000c35   Thumb Code     2  startup_tm4c123.o(.text)
    UART3_Handler                            0x00000c37   Thumb Code     2  startup_tm4c123.o(.text)
    UART4_Handler                            0x00000c39   Thumb Code     2  startup_tm4c123.o(.text)
    UART5_Handler                            0x00000c3b   Thumb Code     2  startup_tm4c123.o(.text)
    UART6_Handler                            0x00000c3d   Thumb Code     2  startup_tm4c123.o(.text)
    UART7_Handler                            0x00000c3f   Thumb Code     2  startup_tm4c123.o(.text)
    I2C2_Handler                             0x00000c41   Thumb Code     2  startup_tm4c123.o(.text)
    I2C3_Handler                             0x00000c43   Thumb Code     2  startup_tm4c123.o(.text)
    TIMER4A_Handler                          0x00000c45   Thumb Code     2  startup_tm4c123.o(.text)
    TIMER4B_Handler                          0x00000c47   Thumb Code     2  startup_tm4c123.o(.text)
    TIMER5A_Handler                          0x00000c49   Thumb Code     2  startup_tm4c123.o(.text)
    TIMER5B_Handler                          0x00000c4b   Thumb Code     2  startup_tm4c123.o(.text)
    WTIMER0A_Handler                         0x00000c4d   Thumb Code     2  startup_tm4c123.o(.text)
    WTIMER0B_Handler                         0x00000c4f   Thumb Code     2  startup_tm4c123.o(.text)
    WTIMER1A_Handler                         0x00000c51   Thumb Code     2  startup_tm4c123.o(.text)
    WTIMER1B_Handler                         0x00000c53   Thumb Code     2  startup_tm4c123.o(.text)
    WTIMER2A_Handler                         0x00000c55   Thumb Code     2  startup_tm4c123.o(.text)
    WTIMER2B_Handler                         0x00000c57   Thumb Code     2  startup_tm4c123.o(.text)
    WTIMER3A_Handler                         0x00000c59   Thumb Code     2  startup_tm4c123.o(.text)
    WTIMER3B_Handler                         0x00000c5b   Thumb Code     2  startup_tm4c123.o(.text)
    WTIMER4A_Handler                         0x00000c5d   Thumb Code     2  startup_tm4c123.o(.text)
    WTIMER4B_Handler                         0x00000c5f   Thumb Code     2  startup_tm4c123.o(.text)
    WTIMER5A_Handler                         0x00000c61   Thumb Code     2  startup_tm4c123.o(.text)
    WTIMER5B_Handler                         0x00000c63   Thumb Code     2  startup_tm4c123.o(.text)
    FPU_Handler                              0x00000c65   Thumb Code     2  startup_tm4c123.o(.text)
    I2C4_Handler                             0x00000c67   Thumb Code     2  startup_tm4c123.o(.text)
    I2C5_Handler                             0x00000c69   Thumb Code     2  startup_tm4c123.o(.text)
    GPIOM_Handler                            0x00000c6b   Thumb Code     2  startup_tm4c123.o(.text)
    GPION_Handler                            0x00000c6d   Thumb Code     2  startup_tm4c123.o(.text)
    QEI2_Handler                             0x00000c6f   Thumb Code     2  startup_tm4c123.o(.text)
    GPIOP0_Handler                           0x00000c71   Thumb Code     2  startup_tm4c123.o(.text)
    GPIOP1_Handler                           0x00000c73   Thumb Code     2  startup_tm4c123.o(.text)
    GPIOP2_Handler                           0x00000c75   Thumb Code     2  startup_tm4c123.o(.text)
    GPIOP3_Handler                           0x00000c77   Thumb Code     2  startup_tm4c123.o(.text)
    GPIOP4_Handler                           0x00000c79   Thumb Code     2  startup_tm4c123.o(.text)
    GPIOP5_Handler                           0x00000c7b   Thumb Code     2  startup_tm4c123.o(.text)
    GPIOP6_Handler                           0x00000c7d   Thumb Code     2  startup_tm4c123.o(.text)
    GPIOP7_Handler                           0x00000c7f   Thumb Code     2  startup_tm4c123.o(.text)
    GPIOQ0_Handler                           0x00000c81   Thumb Code     2  startup_tm4c123.o(.text)
    GPIOQ1_Handler                           0x00000c83   Thumb Code     2  startup_tm4c123.o(.text)
    GPIOQ2_Handler                           0x00000c85   Thumb Code     2  startup_tm4c123.o(.text)
    GPIOQ3_Handler                           0x00000c87   Thumb Code     2  startup_tm4c123.o(.text)
    GPIOQ4_Handler                           0x00000c89   Thumb Code     2  startup_tm4c123.o(.text)
    GPIOQ5_Handler                           0x00000c8b   Thumb Code     2  startup_tm4c123.o(.text)
    GPIOQ6_Handler                           0x00000c8d   Thumb Code     2  startup_tm4c123.o(.text)
    GPIOQ7_Handler                           0x00000c8f   Thumb Code     2  startup_tm4c123.o(.text)
    GPIOR_Handler                            0x00000c91   Thumb Code     2  startup_tm4c123.o(.text)
    GPIOS_Handler                            0x00000c93   Thumb Code     2  startup_tm4c123.o(.text)
    PMW1_0_Handler                           0x00000c95   Thumb Code     2  startup_tm4c123.o(.text)
    PWM1_1_Handler                           0x00000c97   Thumb Code     2  startup_tm4c123.o(.text)
    PWM1_2_Handler                           0x00000c99   Thumb Code     2  startup_tm4c123.o(.text)
    PWM1_3_Handler                           0x00000c9b   Thumb Code     2  startup_tm4c123.o(.text)
    PWM1_FAULT_Handler                       0x00000c9d   Thumb Code     2  startup_tm4c123.o(.text)
    SystemCoreClockUpdate                    0x00000d5f   Thumb Code   184  system_tm4c123.o(.text)
    SystemInit                               0x00000e17   Thumb Code   112  system_tm4c123.o(.text)
    validate_ice                             0x00000ef5   Thumb Code   256  board_setup.o(.text)
    put_string                               0x00000ff5   Thumb Code    34  validate_uart.o(.text)
    validate_print_ice_validation_info_start 0x00001017   Thumb Code    68  validate_uart.o(.text)
    validate_print_ice_validation_info_end   0x0000105b   Thumb Code    68  validate_uart.o(.text)
    staff_uart_config_gpio                   0x0000111b   Thumb Code    82  validate_uart.o(.text)
    staff_uart_config_polling                0x0000116d   Thumb Code    68  validate_uart.o(.text)
    validate_uart_baud_rate                  0x000011b1   Thumb Code    26  validate_uart.o(.text)
    validate_uart_line_control               0x000011cb   Thumb Code    18  validate_uart.o(.text)
    validate_uart_interrupt_mask             0x000011dd   Thumb Code    18  validate_uart.o(.text)
    validate_uart_control                    0x000011ef   Thumb Code    18  validate_uart.o(.text)
    validate_uart_interrupts_enabled         0x00001201   Thumb Code    44  validate_uart.o(.text)
    put_char                                 0x0000122d   Thumb Code    20  validate_uart.o(.text)
    get_char                                 0x00001241   Thumb Code    62  validate_uart.o(.text)
    get_string                               0x0000127f   Thumb Code    40  validate_uart.o(.text)
    initialize_serial_debug                  0x000012a7   Thumb Code    12  validate_uart.o(.text)
    print_test_status                        0x000012b3   Thumb Code    52  validate_uart.o(.text)
    validate_uart                            0x000012e7   Thumb Code   126  validate_uart.o(.text)
    validate_LED_config_gpio                 0x000013f1   Thumb Code    66  validate_led.o(.text)
    validate_LED_set_failure                 0x00001433   Thumb Code    16  validate_led.o(.text)
    validate_gpio_rcgc                       0x00001579   Thumb Code    26  validate_sysctl.o(.text)
    validate_adc_rcgc                        0x00001593   Thumb Code    28  validate_sysctl.o(.text)
    validate_gpt_rcgc                        0x000015af   Thumb Code    28  validate_sysctl.o(.text)
    validate_uart_rcgc                       0x000015cb   Thumb Code    28  validate_sysctl.o(.text)
    validate_spi_rcgc                        0x000015e7   Thumb Code    28  validate_sysctl.o(.text)
    ice_validate_adc                         0x00001741   Thumb Code   112  ice_adc.o(.text)
    ice_validate_gpio_port                   0x00001957   Thumb Code   228  ice_gpio_port.o(.text)
    ice_validate_gpiof                       0x00001b21   Thumb Code   400  ice_gpiof.o(.text)
    print_gp_timer_status                    0x00001e09   Thumb Code   166  ice_gpt.o(.text)
    ice_validate_gpt                         0x00001eaf   Thumb Code    68  ice_gpt.o(.text)
    ice_validate_systick                     0x000021a1   Thumb Code   122  ice_systick.o(.text)
    ice_validate_uart_rx                     0x00002389   Thumb Code   278  ice_uart_rx_irq.o(.text)
    ice_validate_lcd                         0x00002569   Thumb Code   464  ice_lcd.o(.text)
    ice_validate_uart_tx                     0x000028dd   Thumb Code   278  ice_uart_tx_irq.o(.text)
    ice_validate_spi_nordic                  0x00002abd   Thumb Code   492  ice_spi_nordic.o(.text)
    ice_validate_pc_buffer                   0x00002e65   Thumb Code    10  ice_pc_buffer.o(.text)
    ice_validate_intro_to_c                  0x00002e71   Thumb Code    84  ice_intro_to_c.o(.text)
    ice_validate_uart_polling                0x0000301b   Thumb Code    80  ice_uart_polling.o(.text)
    ice_validate_i2c_eeprom                  0x000031b9   Thumb Code    52  ice_i2c_eeprom.o(.text)
    validate_adc_emux                        0x00003273   Thumb Code    26  validate_adc.o(.text)
    validate_adc_ssmux3                      0x0000328d   Thumb Code    28  validate_adc.o(.text)
    validate_adc_ssctl3                      0x000032a9   Thumb Code    30  validate_adc.o(.text)
    validate_adc                             0x000032c7   Thumb Code    70  validate_adc.o(.text)
    validate_gpio_input                      0x00003351   Thumb Code    20  validate_gpio.o(.text)
    validate_gpio_output                     0x00003365   Thumb Code    20  validate_gpio.o(.text)
    validate_gpio_digital_enable             0x00003379   Thumb Code    20  validate_gpio.o(.text)
    validate_gpio_pullup                     0x0000338d   Thumb Code    20  validate_gpio.o(.text)
    validate_gpio_analog_mode_select         0x000033a1   Thumb Code    20  validate_gpio.o(.text)
    validate_gpio_alternate_function_select  0x000033b5   Thumb Code    20  validate_gpio.o(.text)
    validate_gpio_port_control               0x000033c9   Thumb Code    24  validate_gpio.o(.text)
    validate_gpio_pin                        0x000033e1   Thumb Code   198  validate_gpio.o(.text)
    validate_gp_timer                        0x00003559   Thumb Code    98  validate_gp_timer.o(.text)
    validate_spi_data_len                    0x000035c5   Thumb Code    24  validate_spi.o(.text)
    validate_spi_format                      0x000035dd   Thumb Code    24  validate_spi.o(.text)
    validate_spi_cpsr                        0x000035f5   Thumb Code    22  validate_spi.o(.text)
    validate_spi_mode                        0x0000360b   Thumb Code    62  validate_spi.o(.text)
    validate_spi_enabled                     0x00003649   Thumb Code    22  validate_spi.o(.text)
    validate_spi                             0x0000365f   Thumb Code    92  validate_spi.o(.text)
    __aeabi_memcpy                           0x000036bb   Thumb Code    36  memcpya.o(.text)
    __aeabi_memcpy4                          0x000036bb   Thumb Code     0  memcpya.o(.text)
    __aeabi_memcpy8                          0x000036bb   Thumb Code     0  memcpya.o(.text)
    strlen                                   0x000036df   Thumb Code    14  strlen.o(.text)
    __aeabi_uidiv                            0x000036ed   Thumb Code     0  uidiv.o(.text)
    __aeabi_uidivmod                         0x000036ed   Thumb Code    44  uidiv.o(.text)
    __scatterload                            0x00003719   Thumb Code    28  init.o(.text)
    __scatterload_rt2                        0x00003719   Thumb Code     0  init.o(.text)
    __decompress                             0x0000373d   Thumb Code     0  __dclz77c.o(.text)
    __decompress2                            0x0000373d   Thumb Code    94  __dclz77c.o(.text)
    __0sprintf$6                             0x0000379d   Thumb Code    34  printf6.o(i.__0sprintf$6)
    __1sprintf$6                             0x0000379d   Thumb Code     0  printf6.o(i.__0sprintf$6)
    __2sprintf                               0x0000379d   Thumb Code     0  printf6.o(i.__0sprintf$6)
    __scatterload_copy                       0x000037c5   Thumb Code    14  handlers.o(i.__scatterload_copy)
    __scatterload_null                       0x000037d3   Thumb Code     2  handlers.o(i.__scatterload_null)
    __scatterload_zeroinit                   0x000037d5   Thumb Code    14  handlers.o(i.__scatterload_zeroinit)
    sitkaSmall_12ptBitmaps                   0x00003b30   Data        4560  ece353_hw2_fonts.o(.constdata)
    Region$$Table$$Base                      0x00004d5c   Number         0  anon$$obj.o(Region$$Table)
    Region$$Table$$Limit                     0x00004d7c   Number         0  anon$$obj.o(Region$$Table)
    individual                               0x20000000   Data          16  main.o(.data)
    SystemCoreClock                          0x20000010   Data           4  system_tm4c123.o(.data)
    SPI_CLK                                  0x200001f8   Data          20  ice_lcd.o(.data)
    SPI_CS                                   0x2000020c   Data          20  ice_lcd.o(.data)
    SPI_MOSI                                 0x20000220   Data          20  ice_lcd.o(.data)
    LCD_CMD                                  0x20000234   Data          20  ice_lcd.o(.data)
    LCD_RESET                                0x20000248   Data          20  ice_lcd.o(.data)
    LCD                                      0x2000025c   Data          20  ice_lcd.o(.data)
    RF_CE                                    0x20000300   Data          20  ice_spi_nordic.o(.data)
    RF                                       0x20000314   Data          20  ice_spi_nordic.o(.data)
    __initial_sp                             0x20000590   Data           0  startup_tm4c123.o(STACK)



==============================================================================

Memory Map of the image

  Image Entry point : 0x00000bad

  Load Region LR_1 (Base: 0x00000000, Size: 0x0000510c, Max: 0xffffffff, ABSOLUTE, COMPRESSED[0x00004e74])

    Execution Region ER_RO (Base: 0x00000000, Size: 0x00004d7c, Max: 0xffffffff, ABSOLUTE)

    Base Addr    Size         Type   Attr      Idx    E Section Name        Object

    0x00000000   0x0000026c   Data   RO          170    RESET               startup_tm4c123.o
    0x0000026c   0x00000000   Code   RO          843  * .ARM.Collect$$$$00000000  mc_w.l(entry.o)
    0x0000026c   0x00000004   Code   RO         1113    .ARM.Collect$$$$00000001  mc_w.l(entry2.o)
    0x00000270   0x00000004   Code   RO         1116    .ARM.Collect$$$$00000004  mc_w.l(entry5.o)
    0x00000274   0x00000000   Code   RO         1118    .ARM.Collect$$$$00000008  mc_w.l(entry7b.o)
    0x00000274   0x00000000   Code   RO         1120    .ARM.Collect$$$$0000000A  mc_w.l(entry8b.o)
    0x00000274   0x00000008   Code   RO         1121    .ARM.Collect$$$$0000000B  mc_w.l(entry9a.o)
    0x0000027c   0x00000000   Code   RO         1123    .ARM.Collect$$$$0000000D  mc_w.l(entry10a.o)
    0x0000027c   0x00000000   Code   RO         1125    .ARM.Collect$$$$0000000F  mc_w.l(entry11a.o)
    0x0000027c   0x00000004   Code   RO         1114    .ARM.Collect$$$$00002712  mc_w.l(entry2.o)
    0x00000280   0x00000154   Code   RO            4    .text               main.o
    0x000003d4   0x00000248   Code   RO           93    .text               gpio_port.o
    0x0000061c   0x000000b4   Code   RO          117    .text               ece353_hw2_fonts.o
    0x000006d0   0x000004dc   Code   RO          147    .text               lcd.o
    0x00000bac   0x000000fc   Code   RO          171  * .text               startup_tm4c123.o
    0x00000ca8   0x0000024c   Code   RO          178    .text               system_tm4c123.o
    0x00000ef4   0x00000100   Code   RO          208    .text               ECE353-Validate.lib(board_setup.o)
    0x00000ff4   0x000003fc   Code   RO          337    .text               ECE353-Validate.lib(validate_uart.o)
    0x000013f0   0x00000064   Code   RO          362    .text               ECE353-Validate.lib(validate_led.o)
    0x00001454   0x000001cc   Code   RO          386    .text               ECE353-Validate.lib(validate_sysctl.o)
    0x00001620   0x000002bc   Code   RO          410    .text               ECE353-Validate.lib(ice_adc.o)
    0x000018dc   0x00000244   Code   RO          439    .text               ECE353-Validate.lib(ice_gpio_port.o)
    0x00001b20   0x000002e8   Code   RO          465    .text               ECE353-Validate.lib(ice_gpiof.o)
    0x00001e08   0x000001a8   Code   RO          491    .text               ECE353-Validate.lib(ice_gpt.o)
    0x00001fb0   0x000003d8   Code   RO          518    .text               ECE353-Validate.lib(ice_systick.o)
    0x00002388   0x000001e0   Code   RO          544    .text               ECE353-Validate.lib(ice_uart_rx_irq.o)
    0x00002568   0x00000374   Code   RO          570    .text               ECE353-Validate.lib(ice_lcd.o)
    0x000028dc   0x000001e0   Code   RO          597    .text               ECE353-Validate.lib(ice_uart_tx_irq.o)
    0x00002abc   0x000003a8   Code   RO          623    .text               ECE353-Validate.lib(ice_spi_nordic.o)
    0x00002e64   0x0000000a   Code   RO          650    .text               ECE353-Validate.lib(ice_pc_buffer.o)
    0x00002e6e   0x00000002   PAD
    0x00002e70   0x00000068   Code   RO          674    .text               ECE353-Validate.lib(ice_intro_to_c.o)
    0x00002ed8   0x00000250   Code   RO          698    .text               ECE353-Validate.lib(ice_uart_polling.o)
    0x00003128   0x00000130   Code   RO          724    .text               ECE353-Validate.lib(ice_i2c_eeprom.o)
    0x00003258   0x000000b8   Code   RO          750    .text               ECE353-Validate.lib(validate_adc.o)
    0x00003310   0x000001a0   Code   RO          774    .text               ECE353-Validate.lib(validate_gpio.o)
    0x000034b0   0x00000114   Code   RO          798    .text               ECE353-Validate.lib(validate_gp_timer.o)
    0x000035c4   0x000000f6   Code   RO          822    .text               ECE353-Validate.lib(validate_spi.o)
    0x000036ba   0x00000024   Code   RO          846    .text               mc_w.l(memcpya.o)
    0x000036de   0x0000000e   Code   RO          848    .text               mc_w.l(strlen.o)
    0x000036ec   0x0000002c   Code   RO         1130    .text               mc_w.l(uidiv.o)
    0x00003718   0x00000024   Code   RO         1145    .text               mc_w.l(init.o)
    0x0000373c   0x0000005e   Code   RO         1165    .text               mc_w.l(__dclz77c.o)
    0x0000379a   0x00000002   PAD
    0x0000379c   0x00000028   Code   RO         1009    i.__0sprintf$6      mc_w.l(printf6.o)
    0x000037c4   0x0000000e   Code   RO         1159    i.__scatterload_copy  mc_w.l(handlers.o)
    0x000037d2   0x00000002   Code   RO         1160    i.__scatterload_null  mc_w.l(handlers.o)
    0x000037d4   0x0000000e   Code   RO         1161    i.__scatterload_zeroinit  mc_w.l(handlers.o)
    0x000037e2   0x00000002   PAD
    0x000037e4   0x000002f0   Code   RO         1014    i._printf_core      mc_w.l(printf6.o)
    0x00003ad4   0x00000024   Code   RO         1015    i._printf_post_padding  mc_w.l(printf6.o)
    0x00003af8   0x0000002e   Code   RO         1016    i._printf_pre_padding  mc_w.l(printf6.o)
    0x00003b26   0x0000000a   Code   RO         1018    i._sputc            mc_w.l(printf6.o)
    0x00003b30   0x000011d0   Data   RO          118    .constdata          ece353_hw2_fonts.o
    0x00004d00   0x0000005c   Data   RO          338    .conststring        ECE353-Validate.lib(validate_uart.o)
    0x00004d5c   0x00000020   Data   RO         1157    Region$$Table       anon$$obj.o


    Execution Region ER_RW (Base: 0x20000000, Size: 0x00000390, Max: 0xffffffff, ABSOLUTE, COMPRESSED[0x000000f8])

    Base Addr    Size         Type   Attr      Idx    E Section Name        Object

    0x20000000   0x00000010   Data   RW            5    .data               main.o
    0x20000010   0x00000004   Data   RW          179    .data               system_tm4c123.o
    0x20000014   0x00000028   Data   RW          411    .data               ECE353-Validate.lib(ice_adc.o)
    0x2000003c   0x000000f0   Data   RW          440    .data               ECE353-Validate.lib(ice_gpio_port.o)
    0x2000012c   0x00000064   Data   RW          466    .data               ECE353-Validate.lib(ice_gpiof.o)
    0x20000190   0x00000028   Data   RW          519    .data               ECE353-Validate.lib(ice_systick.o)
    0x200001b8   0x00000040   Data   RW          545    .data               ECE353-Validate.lib(ice_uart_rx_irq.o)
    0x200001f8   0x00000078   Data   RW          571    .data               ECE353-Validate.lib(ice_lcd.o)
    0x20000270   0x00000040   Data   RW          598    .data               ECE353-Validate.lib(ice_uart_tx_irq.o)
    0x200002b0   0x00000078   Data   RW          624    .data               ECE353-Validate.lib(ice_spi_nordic.o)
    0x20000328   0x00000040   Data   RW          699    .data               ECE353-Validate.lib(ice_uart_polling.o)
    0x20000368   0x00000028   Data   RW          725    .data               ECE353-Validate.lib(ice_i2c_eeprom.o)


    Execution Region ER_ZI (Base: 0x20000390, Size: 0x00000200, Max: 0xffffffff, ABSOLUTE)

    Base Addr    Size         Type   Attr      Idx    E Section Name        Object

    0x20000390   0x00000200   Zero   RW          168    STACK               startup_tm4c123.o


==============================================================================

Image component sizes


      Code (inc. data)   RO Data    RW Data    ZI Data      Debug   Object Name

       180          6       4560          0          0       1853   ece353_hw2_fonts.o
       584         34          0          0          0       4782   gpio_port.o
      1244         26          0          0          0       3324   lcd.o
       340        174          0         16          0      28820   main.o
       252         10        620          0        512       5396   startup_tm4c123.o
       588        134          0          4          0       1469   system_tm4c123.o

    ----------------------------------------------------------------------
      3188        384       5212         20        512      45644   Object Totals
         0          0         32          0          0          0   (incl. Generated)
         0          0          0          0          0          0   (incl. Padding)

    ----------------------------------------------------------------------

      Code (inc. data)   RO Data    RW Data    ZI Data      Debug   Library Member Name

       256         14          0          0          0      28579   board_setup.o
       700        300          0         40          0       1627   ice_adc.o
       580        230          0        240          0       1873   ice_gpio_port.o
       744        344          0        100          0       1213   ice_gpiof.o
       424        190          0          0          0       1045   ice_gpt.o
       304        108          0         40          0       1154   ice_i2c_eeprom.o
       104         20          0          0          0        574   ice_intro_to_c.o
       884        420          0        120          0       1315   ice_lcd.o
        10          0          0          0          0        529   ice_pc_buffer.o
       936        444          0        120          0       1261   ice_spi_nordic.o
       984        366          0         40          0       2275   ice_systick.o
       592        190          0         64          0       1552   ice_uart_polling.o
       480        202          0         64          0        983   ice_uart_rx_irq.o
       480        202          0         64          0        983   ice_uart_tx_irq.o
       184          4          0          0          0       2029   validate_adc.o
       276         10          0          0          0       2452   validate_gp_timer.o
       416         10          0          0          0       3599   validate_gpio.o
       100         18          0          0          0        652   validate_led.o
       246          0          0          0          0       2538   validate_spi.o
       460         38          0          0          0       2598   validate_sysctl.o
      1020        148         92          0          0       5586   validate_uart.o
        94          0          0          0          0          0   __dclz77c.o
         0          0          0          0          0          0   entry.o
         0          0          0          0          0          0   entry10a.o
         0          0          0          0          0          0   entry11a.o
         8          4          0          0          0          0   entry2.o
         4          0          0          0          0          0   entry5.o
         0          0          0          0          0          0   entry7b.o
         0          0          0          0          0          0   entry8b.o
         8          4          0          0          0          0   entry9a.o
        30          0          0          0          0          0   handlers.o
        36          8          0          0          0         68   init.o
        36          0          0          0          0         68   memcpya.o
       884         10          0          0          0        420   printf6.o
        14          0          0          0          0         68   strlen.o
        44          0          0          0          0         80   uidiv.o

    ----------------------------------------------------------------------
     11344       3284         92        892          0      65121   Library Totals
         6          0          0          0          0          0   (incl. Padding)

    ----------------------------------------------------------------------

      Code (inc. data)   RO Data    RW Data    ZI Data      Debug   Library Name

     10180       3258         92        892          0      64417   ECE353-Validate.lib
      1158         26          0          0          0        704   mc_w.l

    ----------------------------------------------------------------------
     11344       3284         92        892          0      65121   Library Totals

    ----------------------------------------------------------------------

==============================================================================


      Code (inc. data)   RO Data    RW Data    ZI Data      Debug   

     14532       3668       5304        912        512     107589   Grand Totals
     14532       3668       5304        248        512     107589   ELF Image Totals (compressed)
     14532       3668       5304        248          0          0   ROM Totals

==============================================================================

    Total RO  Size (Code + RO Data)                19836 (  19.37kB)
    Total RW  Size (RW Data + ZI Data)              1424 (   1.39kB)
    Total ROM Size (Code + RO Data + RW Data)      20084 (  19.61kB)

==============================================================================

