<html>
<body>
<pre>
<h1>µVision Build Log</h1>
<h2>Project:</h2>
I:\ECE353\ICE-11-GPIO\ICE-11-GPIO.uvprojx
Project File Date:  03/01/2017

<h2>Output:</h2>
Rebuild target 'ICE-11-GPIO'
compiling main.c...
compiling gpio_port.c...
..\drivers\c\gpio_port.c(82): warning:  #188-D: enumerated type mixed with another type
         return 0;
..\drivers\c\gpio_port.c(336): warning:  #177-D: variable "gpioPort" was declared but never referenced
    GPIOA_Type  *gpioPort;
..\drivers\c\gpio_port.c(351): warning:  #177-D: variable "gpioPort" was declared but never referenced
    GPIOA_Type  *gpioPort;
..\drivers\c\gpio_port.c(365): warning:  #177-D: variable "gpioPort" was declared but never referenced
    GPIOA_Type  *gpioPort;
..\drivers\c\gpio_port.c(380): warning:  #177-D: variable "gpioPort" was declared but never referenced
    GPIOA_Type  *gpioPort;
..\drivers\c\gpio_port.c(407): warning:  #177-D: variable "gpioPort" was declared but never referenced
    GPIOA_Type  *gpioPort;
..\drivers\c\gpio_port.c: 6 warnings, 0 errors
compiling lcd.c...
compiling lcd_images.c...
assembling startup_TM4C123.s...
compiling system_TM4C123.c...
linking...
Program Size: Code=14316 RO-data=5608 RW-data=936 ZI-data=512  
".\obj\ece353_base_project.axf" - 0 Error(s), 6 Warning(s).

<h2>Software Packages used:</h2>

Package Vendor: ARM
                http://www.keil.com/pack/ARM.CMSIS.4.1.1.pack
                ARM::CMSIS:CORE:3.30.0
                CMSIS (Cortex Microcontroller Software Interface Standard)
   * Component: CORE Version: 3.30.0

Package Vendor: Keil
                http://www.keil.com/pack/Keil.TM4C_DFP.1.0.0.pack
                Keil::Device:Startup:1.0.0
                Texas Instruments Tiva C Series Device Support and Examples
   * Component: Startup Version: 1.0.0

<h2>Collection of Component include folders:</h2>
  I:\ECE353\ICE-11-GPIO\RTE
  C:\AppV\mdk_510\ARM\PACK\ARM\CMSIS\4.1.1\CMSIS\Include
  C:\AppV\mdk_510\ARM\PACK\Keil\TM4C_DFP\1.0.0\Device\Include\TM4C123

<h2>Collection of Component Files used:</h2>

   * Component: ARM::CMSIS:CORE:3.30.0
      Source file:   CMSIS\UserCodeTemplates\ARM\ITM_Retarget.c

   * Component: Keil::Device:Startup:1.0.0
      Include file:  Device\Include\TM4C123\TM4C123.h
      Source file:   Device\Source\system_TM4C123.c
      Source file:   Device\Source\ARM\startup_TM4C123.s
Load "I:\\ECE353\\ICE-11-GPIO\\obj\\ece353_base_project.axf" 
Connecting: Mode=JTAG, Speed=1000000Hz
Erase Done.
Programming Done.
Verify OK.
</pre>
</body>
</html>
:Startup:1.0.0
      Include file:  Device\Include\TM4C123\TM4C123.h
      Source file:   Device\Source\system_TM4C123.c
      Source file:   Device\Source\ARM\startup_TM4C123.s
Load "I:\\ECE353\\ICE-11-GPIO\\obj\\ece353_base_project.axf" 
Connecting: Mode=JTAG, Speed=1000000Hz
Erase Done.
Programming Done.
Verify OK.
M4C123.h
      Source file:   Device\Source\system_TM4C123.c
      Source file:   Device\Source\ARM\startup_TM4C123.s
Target not created
