Component: ARM Compiler 5.06 update 4 (build 422) Tool: armlink [4d35d2]

==============================================================================

Section Cross References

    main.o(.text) refers to serial_debug.o(.text) for init_serial_debug
    main.o(.text) refers to spi_select.o(.text) for spi_select_init
    main.o(.text) refers to wireless.o(.text) for wireless_initialize
    main.o(.text) refers to board_setup.o(.text) for validate_ice
    main.o(.text) refers to printf6.o(i.__0printf$6) for __2printf
    main.o(.text) refers to main.o(.data) for myID
    main.o(.text) refers to interrupts.o(.data) for AlertOneSec
    main.o(.text) refers to wireless.o(.data) for wireless_error_messages
    interrupts.o(.text) refers to interrupts.o(.data) for count
    pc_buffer.o(.text) refers to malloc.o(i.malloc) for malloc
    serial_debug.o(.text) refers to gpio_port.o(.text) for gpio_enable_port
    serial_debug.o(.text) refers to pc_buffer.o(.text) for pc_buffer_init
    serial_debug.o(.text) refers to uart.o(.text) for uart_init
    serial_debug.o(.text) refers to main.o(.text) for DisableInterrupts
    serial_debug.o(.text) refers to serial_debug.o(.data) for Rx_Interrupts_Enabled
    serial_debug.o(.text) refers to serial_debug.o(.bss) for UART0_Tx_Buffer
    serial_debug.o(.text) refers to stdout.o(.data) for __stdout
    spi_select.o(.text) refers to gpio_port.o(.text) for gpio_enable_port
    wireless.o(.text) refers to spi.o(.text) for spiTx
    wireless.o(.text) refers to gpio_port.o(.text) for gpio_enable_port
    wireless.o(.text) refers to printf6.o(i.__0printf$6) for __2printf
    wireless.o(.data) refers to wireless.o(.conststring) for .conststring
    startup_tm4c123.o(RESET) refers to startup_tm4c123.o(STACK) for __initial_sp
    startup_tm4c123.o(RESET) refers to startup_tm4c123.o(.text) for Reset_Handler
    startup_tm4c123.o(RESET) refers to interrupts.o(.text) for SysTick_Handler
    startup_tm4c123.o(RESET) refers to serial_debug.o(.text) for UART0_Handler
    startup_tm4c123.o(.text) refers to system_tm4c123.o(.text) for SystemInit
    startup_tm4c123.o(.text) refers to entry.o(.ARM.Collect$$$$00000000) for __main
    system_tm4c123.o(.text) refers to system_tm4c123.o(.data) for SystemCoreClock
    board_setup.o(.text) refers to ice_intro_to_c.o(.text) for ice_validate_intro_to_c
    board_setup.o(.text) refers to ice_pc_buffer.o(.text) for ice_validate_pc_buffer
    board_setup.o(.text) refers to ice_gpiof.o(.text) for ice_validate_gpiof
    board_setup.o(.text) refers to validate_led.o(.text) for validate_LED_set_failure
    board_setup.o(.text) refers to ice_gpio_port.o(.text) for ice_validate_gpio_port
    board_setup.o(.text) refers to ice_adc.o(.text) for ice_validate_adc
    board_setup.o(.text) refers to ice_gpt.o(.text) for ice_validate_gpt
    board_setup.o(.text) refers to ice_systick.o(.text) for ice_validate_systick
    board_setup.o(.text) refers to ice_uart_polling.o(.text) for ice_validate_uart_polling
    board_setup.o(.text) refers to ice_uart_rx_irq.o(.text) for ice_validate_uart_rx
    board_setup.o(.text) refers to ice_uart_tx_irq.o(.text) for ice_validate_uart_tx
    board_setup.o(.text) refers to ice_lcd.o(.text) for ice_validate_lcd
    board_setup.o(.text) refers to ice_spi_nordic.o(.text) for ice_validate_spi_nordic
    board_setup.o(.text) refers to ice_i2c_ft6206.o(.text) for ice_validate_ft6206
    board_setup.o(.text) refers to ice_i2c_eeprom.o(.text) for ice_validate_i2c_eeprom
    ice_adc.o(.text) refers to printf6.o(i.__0sprintf$6) for __2sprintf
    ice_adc.o(.text) refers to validate_uart.o(.text) for validate_print_ice_validation_info_start
    ice_adc.o(.text) refers to validate_gpio.o(.text) for validate_gpio_pin
    ice_adc.o(.text) refers to validate_adc.o(.text) for validate_adc
    ice_adc.o(.text) refers to ice_adc.o(.data) for ps2_x
    ice_gpio_port.o(.text) refers to printf6.o(i.__0sprintf$6) for __2sprintf
    ice_gpio_port.o(.text) refers to validate_uart.o(.text) for validate_print_ice_validation_info_start
    ice_gpio_port.o(.text) refers to validate_gpio.o(.text) for validate_gpio_pin
    ice_gpio_port.o(.text) refers to ice_gpio_port.o(.data) for lcd_data
    ice_gpiof.o(.text) refers to validate_uart.o(.text) for initialize_serial_debug
    ice_gpiof.o(.text) refers to validate_gpio.o(.text) for validate_gpio_pin
    ice_gpiof.o(.text) refers to ice_gpiof.o(.data) for red
    ice_gpt.o(.text) refers to printf6.o(i.__0sprintf$6) for __2sprintf
    ice_gpt.o(.text) refers to validate_uart.o(.text) for validate_print_ice_validation_info_start
    ice_gpt.o(.text) refers to validate_gp_timer.o(.text) for validate_gp_timer
    ice_systick.o(.text) refers to printf6.o(i.__0sprintf$6) for __2sprintf
    ice_systick.o(.text) refers to validate_uart.o(.text) for validate_print_ice_validation_info_start
    ice_systick.o(.text) refers to validate_gpio.o(.text) for validate_gpio_pin
[...]
    printf4.o(i.__0sprintf$4) refers to printf4.o(i._sputc) for _sputc
    printf4.o(i.__0vfprintf$4) refers to printf4.o(i._printf_core) for _printf_core
    printf4.o(i.__0vfprintf$4) refers to serial_debug.o(.text) for fputc
    printf4.o(i.__0vprintf$4) refers to printf4.o(i._printf_core) for _printf_core
    printf4.o(i.__0vprintf$4) refers to serial_debug.o(.text) for fputc
    printf4.o(i.__0vprintf$4) refers to stdout.o(.data) for __stdout
    printf4.o(i.__0vsnprintf$4) refers to printf4.o(i._printf_core) for _printf_core
    printf4.o(i.__0vsnprintf$4) refers to printf4.o(i._snputc) for _snputc
    printf4.o(i.__0vsprintf$4) refers to printf4.o(i._printf_core) for _printf_core
    printf4.o(i.__0vsprintf$4) refers to printf4.o(i._sputc) for _sputc
    printf4.o(i._printf_core) refers to uldiv.o(.text) for __aeabi_uldivmod
    printf5.o(i.__0fprintf$5) refers to printf5.o(i._printf_core) for _printf_core
    printf5.o(i.__0fprintf$5) refers to serial_debug.o(.text) for fputc
    printf5.o(i.__0printf$5) refers to printf5.o(i._printf_core) for _printf_core
    printf5.o(i.__0printf$5) refers to serial_debug.o(.text) for fputc
    printf5.o(i.__0printf$5) refers to stdout.o(.data) for __stdout
    printf5.o(i.__0snprintf$5) refers to printf5.o(i._printf_core) for _printf_core
    printf5.o(i.__0snprintf$5) refers to printf5.o(i._snputc) for _snputc
    printf5.o(i.__0sprintf$5) refers to printf5.o(i._printf_core) for _printf_core
    printf5.o(i.__0sprintf$5) refers to printf5.o(i._sputc) for _sputc
    printf5.o(i.__0vfprintf$5) refers to printf5.o(i._printf_core) for _printf_core
    printf5.o(i.__0vfprintf$5) refers to serial_debug.o(.text) for fputc
    printf5.o(i.__0vprintf$5) refers to printf5.o(i._printf_core) for _printf_core
    printf5.o(i.__0vprintf$5) refers to serial_debug.o(.text) for fputc
    printf5.o(i.__0vprintf$5) refers to stdout.o(.data) for __stdout
    printf5.o(i.__0vsnprintf$5) refers to printf5.o(i._printf_core) for _printf_core
    printf5.o(i.__0vsnprintf$5) refers to printf5.o(i._snputc) for _snputc
    printf5.o(i.__0vsprintf$5) refers to printf5.o(i._printf_core) for _printf_core
    printf5.o(i.__0vsprintf$5) refers to printf5.o(i._sputc) for _sputc
    printf5.o(i._printf_core) refers to uldiv.o(.text) for __aeabi_uldivmod
    printf6.o(i.__0fprintf$6) refers to printf6.o(i._printf_core) for _printf_core
    printf6.o(i.__0fprintf$6) refers to serial_debug.o(.text) for fputc
    printf6.o(i.__0printf$6) refers to printf6.o(i._printf_core) for _printf_core
    printf6.o(i.__0printf$6) refers to serial_debug.o(.text) for fputc
    printf6.o(i.__0printf$6) refers to stdout.o(.data) for __stdout
    printf6.o(i.__0snprintf$6) refers to printf6.o(i._printf_core) for _printf_core
    printf6.o(i.__0snprintf$6) refers to printf6.o(i._snputc) for _snputc
    printf6.o(i.__0sprintf$6) refers to printf6.o(i._printf_core) for _printf_core
    printf6.o(i.__0sprintf$6) refers to printf6.o(i._sputc) for _sputc
    printf6.o(i.__0vfprintf$6) refers to printf6.o(i._printf_core) for _printf_core
    printf6.o(i.__0vfprintf$6) refers to serial_debug.o(.text) for fputc
    printf6.o(i.__0vprintf$6) refers to printf6.o(i._printf_core) for _printf_core
    printf6.o(i.__0vprintf$6) refers to serial_debug.o(.text) for fputc
    printf6.o(i.__0vprintf$6) refers to stdout.o(.data) for __stdout
    printf6.o(i.__0vsnprintf$6) refers to printf6.o(i._printf_core) for _printf_core
    printf6.o(i.__0vsnprintf$6) refers to printf6.o(i._snputc) for _snputc
    printf6.o(i.__0vsprintf$6) refers to printf6.o(i._printf_core) for _printf_core
    printf6.o(i.__0vsprintf$6) refers to printf6.o(i._sputc) for _sputc
    printf6.o(i._printf_core) refers to printf6.o(i._printf_pre_padding) for _printf_pre_padding
    printf6.o(i._printf_core) refers to uidiv.o(.text) for __aeabi_uidivmod
    printf6.o(i._printf_core) refers to printf6.o(i._printf_post_padding) for _printf_post_padding
    printf7.o(i.__0fprintf$7) refers to printf7.o(i._printf_core) for _printf_core
    printf7.o(i.__0fprintf$7) refers to serial_debug.o(.text) for fputc
    printf7.o(i.__0printf$7) refers to printf7.o(i._printf_core) for _printf_core
    printf7.o(i.__0printf$7) refers to serial_debug.o(.text) for fputc
    printf7.o(i.__0printf$7) refers to stdout.o(.data) for __stdout
    printf7.o(i.__0snprintf$7) refers to printf7.o(i._printf_core) for _printf_core
    printf7.o(i.__0snprintf$7) refers to printf7.o(i._snputc) for _snputc
    printf7.o(i.__0sprintf$7) refers to printf7.o(i._printf_core) for _printf_core
    printf7.o(i.__0sprintf$7) refers to printf7.o(i._sputc) for _sputc
    printf7.o(i.__0vfprintf$7) refers to printf7.o(i._printf_core) for _printf_core
    printf7.o(i.__0vfprintf$7) refers to serial_debug.o(.text) for fputc
    printf7.o(i.__0vprintf$7) refers to printf7.o(i._printf_core) for _printf_core
    printf7.o(i.__0vprintf$7) refers to serial_debug.o(.text) for fputc
    printf7.o(i.__0vprintf$7) refers to stdout.o(.data) for __stdout
    printf7.o(i.__0vsnprintf$7) refers to printf7.o(i._printf_core) for _printf_core
    printf7.o(i.__0vsnprintf$7) refers to printf7.o(i._snputc) for _snputc
    printf7.o(i.__0vsprintf$7) refers to printf7.o(i._printf_core) for _printf_core
    printf7.o(i.__0vsprintf$7) refers to printf7.o(i._sputc) for _sputc
    printf7.o(i._printf_core) refers to printf7.o(i._printf_pre_padding) for _printf_pre_padding
    printf7.o(i._printf_core) refers to uldiv.o(.text) for __aeabi_uldivmod
    printf7.o(i._printf_core) refers to printf7.o(i._printf_post_padding) for _printf_post_padding
    printf8.o(i.__0fprintf$8) refers to printf8.o(i._printf_core) for _printf_core
    printf8.o(i.__0fprintf$8) refers to serial_debug.o(.text) for fputc
    printf8.o(i.__0printf$8) refers to printf8.o(i._printf_core) for _printf_core
    printf8.o(i.__0printf$8) refers to serial_debug.o(.text) for fputc
    printf8.o(i.__0printf$8) refers to stdout.o(.data) for __stdout
    printf8.o(i.__0snprintf$8) refers to printf8.o(i._printf_core) for _printf_core
    printf8.o(i.__0snprintf$8) refers to printf8.o(i._snputc) for _snputc
    printf8.o(i.__0sprintf$8) refers to printf8.o(i._printf_core) for _printf_core
    printf8.o(i.__0sprintf$8) refers to printf8.o(i._sputc) for _sputc
    printf8.o(i.__0vfprintf$8) refers to printf8.o(i._printf_core) for _printf_core
    printf8.o(i.__0vfprintf$8) refers to serial_debug.o(.text) for fputc
    printf8.o(i.__0vprintf$8) refers to printf8.o(i._printf_core) for _printf_core
    printf8.o(i.__0vprintf$8) refers to serial_debug.o(.text) for fputc
    printf8.o(i.__0vprintf$8) refers to stdout.o(.data) for __stdout
    printf8.o(i.__0vsnprintf$8) refers to printf8.o(i._printf_core) for _printf_core
    printf8.o(i.__0vsnprintf$8) refers to printf8.o(i._snputc) for _snputc
    printf8.o(i.__0vsprintf$8) refers to printf8.o(i._printf_core) for _printf_core
    printf8.o(i.__0vsprintf$8) refers to printf8.o(i._sputc) for _sputc
    printf8.o(i._printf_core) refers to printf8.o(i._printf_pre_padding) for _printf_pre_padding
    printf8.o(i._printf_core) refers to uldiv.o(.text) for __aeabi_uldivmod
    printf8.o(i._printf_core) refers to printf8.o(i._printf_post_padding) for _printf_post_padding
    printfa.o(i.__0fprintf) refers (Special) to iusefp.o(.text) for __I$use$fp
    printfa.o(i.__0fprintf) refers to printfa.o(i._printf_core) for _printf_core
    printfa.o(i.__0fprintf) refers to serial_debug.o(.text) for fputc
    printfa.o(i.__0printf) refers (Special) to iusefp.o(.text) for __I$use$fp
    printfa.o(i.__0printf) refers to printfa.o(i._printf_core) for _printf_core
    printfa.o(i.__0printf) refers to serial_debug.o(.text) for fputc
    printfa.o(i.__0printf) refers to stdout.o(.data) for __stdout
    printfa.o(i.__0snprintf) refers (Special) to iusefp.o(.text) for __I$use$fp
    printfa.o(i.__0snprintf) refers to printfa.o(i._printf_core) for _printf_core
    printfa.o(i.__0snprintf) refers to printfa.o(i._snputc) for _snputc
    printfa.o(i.__0sprintf) refers (Special) to iusefp.o(.text) for __I$use$fp
    printfa.o(i.__0sprintf) refers to printfa.o(i._printf_core) for _printf_core
    printfa.o(i.__0sprintf) refers to printfa.o(i._sputc) for _sputc
    printfa.o(i.__0vfprintf) refers (Special) to iusefp.o(.text) for __I$use$fp
    printfa.o(i.__0vfprintf) refers to printfa.o(i._printf_core) for _printf_core
    printfa.o(i.__0vfprintf) refers to serial_debug.o(.text) for fputc
    printfa.o(i.__0vprintf) refers (Special) to iusefp.o(.text) for __I$use$fp
    printfa.o(i.__0vprintf) refers to printfa.o(i._printf_core) for _printf_core
    printfa.o(i.__0vprintf) refers to serial_debug.o(.text) for fputc
    printfa.o(i.__0vprintf) refers to stdout.o(.data) for __stdout
    printfa.o(i.__0vsnprintf) refers (Special) to iusefp.o(.text) for __I$use$fp
    printfa.o(i.__0vsnprintf) refers to printfa.o(i._printf_core) for _printf_core
    printfa.o(i.__0vsnprintf) refers to printfa.o(i._snputc) for _snputc
    printfa.o(i.__0vsprintf) refers (Special) to iusefp.o(.text) for __I$use$fp
    printfa.o(i.__0vsprintf) refers to printfa.o(i._printf_core) for _printf_core
    printfa.o(i.__0vsprintf) refers to printfa.o(i._sputc) for _sputc
    printfa.o(i._fp_digits) refers (Special) to iusefp.o(.text) for __I$use$fp
    printfa.o(i._fp_digits) refers to dmul.o(.text) for __aeabi_dmul
    printfa.o(i._fp_digits) refers to ddiv.o(.text) for __aeabi_ddiv
    printfa.o(i._fp_digits) refers to cdrcmple.o(.text) for __aeabi_cdrcmple
    printfa.o(i._fp_digits) refers to dadd.o(.text) for __aeabi_dadd
    printfa.o(i._fp_digits) refers to dfixul.o(.text) for __aeabi_d2ulz
    printfa.o(i._fp_digits) refers to uldiv.o(.text) for __aeabi_uldivmod
    printfa.o(i._printf_core) refers (Special) to iusefp.o(.text) for __I$use$fp
    printfa.o(i._printf_core) refers to printfa.o(i._printf_pre_padding) for _printf_pre_padding
    printfa.o(i._printf_core) refers to uldiv.o(.text) for __aeabi_uldivmod
    printfa.o(i._printf_core) refers to printfa.o(i._printf_post_padding) for _printf_post_padding
    printfa.o(i._printf_core) refers to printfa.o(i._fp_digits) for _fp_digits
    printfa.o(i._printf_core) refers to uidiv.o(.text) for __aeabi_uidivmod
    printfa.o(i._printf_post_padding) refers (Special) to iusefp.o(.text) for __I$use$fp
    printfa.o(i._printf_pre_padding) refers (Special) to iusefp.o(.text) for __I$use$fp
    printfa.o(i._snputc) refers (Special) to iusefp.o(.text) for __I$use$fp
    printfa.o(i._sputc) refers (Special) to iusefp.o(.text) for __I$use$fp
    malloc.o(i.free) refers to mvars.o(.data) for __microlib_freelist
    malloc.o(i.malloc) refers to mvars.o(.data) for __microlib_freelist_initialised
    malloc.o(i.malloc) refers to mvars.o(.data) for __microlib_freelist
    malloc.o(i.malloc) refers to startup_tm4c123.o(HEAP) for __heap_base
    mallocr.o(i.__free$realloc) refers to mvars.o(.data) for __microlib_freelist
    mallocr.o(i.__malloc$realloc) refers to mallocr.o(i.internal_alloc) for internal_alloc
    mallocr.o(i.__malloc$realloc) refers to mvars.o(.data) for __microlib_freelist_initialised
    mallocr.o(i.__malloc$realloc) refers to startup_tm4c123.o(HEAP) for __heap_base
    mallocr.o(i.__malloc$realloc) refers to mvars.o(.data) for __microlib_freelist
    mallocr.o(i.internal_alloc) refers to memcpya.o(.text) for __aeabi_memcpy
    mallocr.o(i.internal_alloc) refers to mvars.o(.data) for __microlib_freelist
    mallocr.o(i.realloc) refers to mallocr.o(i.__free$realloc) for __free$realloc
    mallocr.o(i.realloc) refers to mallocr.o(i.internal_alloc) for internal_alloc
    mallocr.o(i.realloc) refers to mallocr.o(i.__malloc$realloc) for __malloc$realloc
    mallocr.o(i.realloc) refers to mvars.o(.data) for __microlib_freelist
    malloca.o(i.__aligned_malloc) refers to mvars.o(.data) for __microlib_freelist_initialised
    malloca.o(i.__aligned_malloc) refers to mvars.o(.data) for __microlib_freelist
    malloca.o(i.__aligned_malloc) refers to startup_tm4c123.o(HEAP) for __heap_base
    malloca.o(i.__free$memalign) refers to mvars.o(.data) for __microlib_freelist
    malloca.o(i.__malloc$memalign) refers to malloca.o(i.__aligned_malloc) for __aligned_malloc
    mallocra.o(i.__aligned_malloc$realloc) refers to mallocra.o(i.internal_alloc) for internal_alloc
    mallocra.o(i.__aligned_malloc$realloc) refers to mvars.o(.data) for __microlib_freelist_initialised
    mallocra.o(i.__aligned_malloc$realloc) refers to startup_tm4c123.o(HEAP) for __heap_base
    mallocra.o(i.__aligned_malloc$realloc) refers to mvars.o(.data) for __microlib_freelist
    mallocra.o(i.__free$realloc$memalign) refers to mvars.o(.data) for __microlib_freelist
    mallocra.o(i.__malloc$realloc$memalign) refers to mallocra.o(i.__aligned_malloc$realloc) for __aligned_malloc$realloc
    mallocra.o(i.__realloc$memalign) refers to mallocra.o(i.__free$realloc$memalign) for __free$realloc$memalign
    mallocra.o(i.__realloc$memalign) refers to mallocra.o(i.internal_alloc) for internal_alloc
    mallocra.o(i.__realloc$memalign) refers to mallocra.o(i.__malloc$realloc$memalign) for __malloc$realloc$memalign
    mallocra.o(i.__realloc$memalign) refers to mvars.o(.data) for __microlib_freelist
    mallocra.o(i.internal_alloc) refers to memcpya.o(.text) for __aeabi_memcpy
    mallocra.o(i.internal_alloc) refers to mvars.o(.data) for __microlib_freelist
    entry2.o(.ARM.Collect$$$$00000001) refers to entry2.o(.ARM.Collect$$$$00002712) for __lit__00000000
    entry2.o(.ARM.Collect$$$$00002712) refers to startup_tm4c123.o(STACK) for __initial_sp
    entry2.o(__vectab_stack_and_reset_area) refers to startup_tm4c123.o(STACK) for __initial_sp
    entry2.o(__vectab_stack_and_reset_area) refers to entry.o(.ARM.Collect$$$$00000000) for __main
    entry5.o(.ARM.Collect$$$$00000004) refers to init.o(.text) for __scatterload
    entry9a.o(.ARM.Collect$$$$0000000B) refers to main.o(.text) for main
    entry9b.o(.ARM.Collect$$$$0000000C) refers to main.o(.text) for main
    uldiv.o(.text) refers to llushr.o(.text) for __aeabi_llsr
    uldiv.o(.text) refers to llshl.o(.text) for __aeabi_llsl
    dadd.o(.text) refers to llshl.o(.text) for __aeabi_llsl
    dadd.o(.text) refers to llsshr.o(.text) for __aeabi_lasr
    dadd.o(.text) refers to depilogue.o(.text) for _double_epilogue
    dmul.o(.text) refers to depilogue.o(.text) for _double_epilogue
    ddiv.o(.text) refers to depilogue.o(.text) for _double_round
    dfixul.o(.text) refers to llushr.o(.text) for __aeabi_llsr
    dfixul.o(.text) refers to llshl.o(.text) for __aeabi_llsl
    init.o(.text) refers to entry5.o(.ARM.Collect$$$$00000004) for __main_after_scatterload
    depilogue.o(.text) refers to llshl.o(.text) for __aeabi_llsl
    depilogue.o(.text) refers to llushr.o(.text) for __aeabi_llsr


==============================================================================

Removing Unused input sections from the image.

    Removing main.o(.rev16_text), (4 bytes).
    Removing main.o(.revsh_text), (4 bytes).
    Removing main.o(.rrx_text), (6 bytes).
    Removing interrupts.o(.rev16_text), (4 bytes).
    Removing interrupts.o(.revsh_text), (4 bytes).
    Removing interrupts.o(.rrx_text), (6 bytes).
    Removing gpio_port.o(.rev16_text), (4 bytes).
    Removing gpio_port.o(.revsh_text), (4 bytes).
    Removing gpio_port.o(.rrx_text), (6 bytes).
    Removing spi.o(.rev16_text), (4 bytes).
    Removing spi.o(.revsh_text), (4 bytes).
    Removing spi.o(.rrx_text), (6 bytes).
    Removing uart.o(.rev16_text), (4 bytes).
    Removing uart.o(.revsh_text), (4 bytes).
    Removing uart.o(.rrx_text), (6 bytes).
    Removing serial_debug.o(.rev16_text), (4 bytes).
    Removing serial_debug.o(.revsh_text), (4 bytes).
    Removing serial_debug.o(.rrx_text), (6 bytes).
    Removing spi_select.o(.rev16_text), (4 bytes).
    Removing spi_select.o(.revsh_text), (4 bytes).
    Removing spi_select.o(.rrx_text), (6 bytes).
    Removing wireless.o(.rev16_text), (4 bytes).
    Removing wireless.o(.revsh_text), (4 bytes).
    Removing wireless.o(.rrx_text), (6 bytes).
    Removing system_tm4c123.o(.rev16_text), (4 bytes).
    Removing system_tm4c123.o(.revsh_text), (4 bytes).
    Removing system_tm4c123.o(.rrx_text), (6 bytes).
    Removing board_setup.o(.rev16_text), (4 bytes).
    Removing board_setup.o(.revsh_text), (4 bytes).
    Removing board_setup.o(.rrx_text), (6 bytes).
    Removing validate_led.o(.rev16_text), (4 bytes).
    Removing validate_led.o(.revsh_text), (4 bytes).
    Removing validate_led.o(.rrx_text), (6 bytes).
    Removing ice_adc.o(.rev16_text), (4 bytes).
    Removing ice_adc.o(.revsh_text), (4 bytes).
    Removing ice_adc.o(.rrx_text), (6 bytes).
    Removing ice_gpio_port.o(.rev16_text), (4 bytes).
    Removing ice_gpio_port.o(.revsh_text), (4 bytes).
    Removing ice_gpio_port.o(.rrx_text), (6 bytes).
    Removing ice_gpiof.o(.rev16_text), (4 bytes).
    Removing ice_gpiof.o(.revsh_text), (4 bytes).
    Removing ice_gpiof.o(.rrx_text), (6 bytes).
    Removing ice_gpt.o(.rev16_text), (4 bytes).
    Removing ice_gpt.o(.revsh_text), (4 bytes).
    Removing ice_gpt.o(.rrx_text), (6 bytes).
    Removing ice_systick.o(.rev16_text), (4 bytes).
    Removing ice_systick.o(.revsh_text), (4 bytes).
    Removing ice_systick.o(.rrx_text), (6 bytes).
    Removing ice_uart_rx_irq.o(.rev16_text), (4 bytes).
    Removing ice_uart_rx_irq.o(.revsh_text), (4 bytes).
    Removing ice_uart_rx_irq.o(.rrx_text), (6 bytes).
    Removing ice_lcd.o(.rev16_text), (4 bytes).
    Removing ice_lcd.o(.revsh_text), (4 bytes).
    Removing ice_lcd.o(.rrx_text), (6 bytes).
    Removing ice_uart_tx_irq.o(.rev16_text), (4 bytes).
    Removing ice_uart_tx_irq.o(.revsh_text), (4 bytes).
    Removing ice_uart_tx_irq.o(.rrx_text), (6 bytes).
    Removing ice_spi_nordic.o(.rev16_text), (4 bytes).
    Removing ice_spi_nordic.o(.revsh_text), (4 bytes).
    Removing ice_spi_nordic.o(.rrx_text), (6 bytes).
    Removing ice_pc_buffer.o(.rev16_text), (4 bytes).
    Removing ice_pc_buffer.o(.revsh_text), (4 bytes).
    Removing ice_pc_buffer.o(.rrx_text), (6 bytes).
    Removing ice_intro_to_c.o(.rev16_text), (4 bytes).
    Removing ice_intro_to_c.o(.revsh_text), (4 bytes).
    Removing ice_intro_to_c.o(.rrx_text), (6 bytes).
    Removing ice_uart_polling.o(.rev16_text), (4 bytes).
    Removing ice_uart_polling.o(.revsh_text), (4 bytes).
    Removing ice_uart_polling.o(.rrx_text), (6 bytes).
    Removing ice_i2c_eeprom.o(.rev16_text), (4 bytes).
    Removing ice_i2c_eeprom.o(.revsh_text), (4 bytes).
    Removing ice_i2c_eeprom.o(.rrx_text), (6 bytes).
    Removing ice_i2c_ft6206.o(.rev16_text), (4 bytes).
    Removing ice_i2c_ft6206.o(.revsh_text), (4 bytes).
    Removing ice_i2c_ft6206.o(.rrx_text), (6 bytes).
    Removing validate_adc.o(.rev16_text), (4 bytes).
    Removing validate_adc.o(.revsh_text), (4 bytes).
    Removing validate_adc.o(.rrx_text), (6 bytes).
    Removing validate_gpio.o(.rev16_text), (4 bytes).
    Removing validate_gpio.o(.revsh_text), (4 bytes).
    Removing validate_gpio.o(.rrx_text), (6 bytes).
    Removing validate_uart.o(.rev16_text), (4 bytes).
    Removing validate_uart.o(.revsh_text), (4 bytes).
    Removing validate_uart.o(.rrx_text), (6 bytes).
    Removing validate_gp_timer.o(.rev16_text), (4 bytes).
    Removing validate_gp_timer.o(.revsh_text), (4 bytes).
    Removing validate_gp_timer.o(.rrx_text), (6 bytes).
    Removing validate_spi.o(.rev16_text), (4 bytes).
    Removing validate_spi.o(.revsh_text), (4 bytes).
    Removing validate_spi.o(.rrx_text), (6 bytes).
    Removing validate_sysctl.o(.rev16_text), (4 bytes).
    Removing validate_sysctl.o(.revsh_text), (4 bytes).
    Removing validate_sysctl.o(.rrx_text), (6 bytes).
    Removing dadd.o(.text), (334 bytes).
    Removing dmul.o(.text), (228 bytes).
    Removing ddiv.o(.text), (222 bytes).
    Removing dfixul.o(.text), (48 bytes).
    Removing cdrcmple.o(.text), (48 bytes).
    Removing depilogue.o(.text), (186 bytes).

99 unused section(s) (total 1500 bytes) removed from the image.

==============================================================================

Image Symbol Table

    Local Symbols

    Symbol Name                              Value     Ov Type        Size  Object(Section)

    RESET                                    0x00000000   Section      620  startup_tm4c123.o(RESET)
    ../clib/../cmprslib/zerorunl2.c          0x00000000   Number         0  __dczerorl2.o ABSOLUTE
    ../clib/microlib/division.c              0x00000000   Number         0  uidiv.o ABSOLUTE
    ../clib/microlib/division.c              0x00000000   Number         0  uldiv.o ABSOLUTE
    ../clib/microlib/init/entry.s            0x00000000   Number         0  entry.o ABSOLUTE
    ../clib/microlib/init/entry.s            0x00000000   Number         0  entry2.o ABSOLUTE
    ../clib/microlib/init/entry.s            0x00000000   Number         0  entry11a.o ABSOLUTE
    ../clib/microlib/init/entry.s            0x00000000   Number         0  entry8b.o ABSOLUTE
    ../clib/microlib/init/entry.s            0x00000000   Number         0  entry9b.o ABSOLUTE
    ../clib/microlib/init/entry.s            0x00000000   Number         0  entry9a.o ABSOLUTE
    ../clib/microlib/init/entry.s            0x00000000   Number         0  entry10a.o ABSOLUTE
    ../clib/microlib/init/entry.s            0x00000000   Number         0  entry5.o ABSOLUTE
    ../clib/microlib/init/entry.s            0x00000000   Number         0  entry10b.o ABSOLUTE
    ../clib/microlib/init/entry.s            0x00000000   Number         0  entry11b.o ABSOLUTE
    ../clib/microlib/init/entry.s            0x00000000   Number         0  entry7a.o ABSOLUTE
    ../clib/microlib/init/entry.s            0x00000000   Number         0  entry7b.o ABSOLUTE
    ../clib/microlib/init/entry.s            0x00000000   Number         0  entry8a.o ABSOLUTE
    ../clib/microlib/longlong.c              0x00000000   Number         0  llshl.o ABSOLUTE
    ../clib/microlib/longlong.c              0x00000000   Number         0  llushr.o ABSOLUTE
    ../clib/microlib/longlong.c              0x00000000   Number         0  llsshr.o ABSOLUTE
    ../clib/microlib/malloc/malloc.c         0x00000000   Number         0  malloc.o ABSOLUTE
    ../clib/microlib/malloc/malloc.c         0x00000000   Number         0  mallocra.o ABSOLUTE
    ../clib/microlib/malloc/malloc.c         0x00000000   Number         0  malloca.o ABSOLUTE
    ../clib/microlib/malloc/malloc.c         0x00000000   Number         0  mallocr.o ABSOLUTE
    ../clib/microlib/malloc/mvars.c          0x00000000   Number         0  mvars.o ABSOLUTE
    ../clib/microlib/printf/printf.c         0x00000000   Number         0  printfa.o ABSOLUTE
    ../clib/microlib/printf/printf.c         0x00000000   Number         0  printf0.o ABSOLUTE
    ../clib/microlib/printf/printf.c         0x00000000   Number         0  printfb.o ABSOLUTE
    ../clib/microlib/printf/printf.c         0x00000000   Number         0  printf8.o ABSOLUTE
    ../clib/microlib/printf/printf.c         0x00000000   Number         0  printf2.o ABSOLUTE
    ../clib/microlib/printf/printf.c         0x00000000   Number         0  printf7.o ABSOLUTE
    ../clib/microlib/printf/printf.c         0x00000000   Number         0  printf6.o ABSOLUTE
    ../clib/microlib/printf/printf.c         0x00000000   Number         0  printf5.o ABSOLUTE
    ../clib/microlib/printf/printf.c         0x00000000   Number         0  printf4.o ABSOLUTE
    ../clib/microlib/printf/printf.c         0x00000000   Number         0  printf3.o ABSOLUTE
    ../clib/microlib/printf/printf.c         0x00000000   Number         0  printf1.o ABSOLUTE
    ../clib/microlib/printf/stubs.s          0x00000000   Number         0  stubs.o ABSOLUTE
    ../clib/microlib/stdio/streams.c         0x00000000   Number         0  stdout.o ABSOLUTE
    ../clib/microlib/string/memcpy.c         0x00000000   Number         0  memcpya.o ABSOLUTE
    ../clib/microlib/string/memcpy.c         0x00000000   Number         0  memcpyb.o ABSOLUTE
    ../clib/microlib/stubs.s                 0x00000000   Number         0  iusefp.o ABSOLUTE
    ../fplib/microlib/fpadd.c                0x00000000   Number         0  dadd.o ABSOLUTE
    ../fplib/microlib/fpdiv.c                0x00000000   Number         0  ddiv.o ABSOLUTE
    ../fplib/microlib/fpepilogue.c           0x00000000   Number         0  depilogue.o ABSOLUTE
    ../fplib/microlib/fpfix.c                0x00000000   Number         0  dfixul.o ABSOLUTE
    ../fplib/microlib/fpmul.c                0x00000000   Number         0  dmul.o ABSOLUTE
    ..\\drivers\\c\\gpio_port.c              0x00000000   Number         0  gpio_port.o ABSOLUTE
    ..\\drivers\\c\\spi.c                    0x00000000   Number         0  spi.o ABSOLUTE
    ..\\drivers\\c\\uart.c                   0x00000000   Number         0  uart.o ABSOLUTE
    ..\\peripherals\\c\\serial_debug.c       0x00000000   Number         0  serial_debug.o ABSOLUTE
    ..\\peripherals\\c\\spi_select.c         0x00000000   Number         0  spi_select.o ABSOLUTE
    ..\\peripherals\\c\\wireless.c           0x00000000   Number         0  wireless.o ABSOLUTE
    ..\drivers\c\gpio_port.c                 0x00000000   Number         0  gpio_port.o ABSOLUTE
    ..\drivers\c\pc_buffer.c                 0x00000000   Number         0  pc_buffer.o ABSOLUTE
    ..\drivers\c\spi.c                       0x00000000   Number         0  spi.o ABSOLUTE
    ..\drivers\c\uart.c                      0x00000000   Number         0  uart.o ABSOLUTE
    ..\peripherals\c\serial_debug.c          0x00000000   Number         0  serial_debug.o ABSOLUTE
    ..\peripherals\c\spi_select.c            0x00000000   Number         0  spi_select.o ABSOLUTE
    ..\peripherals\c\wireless.c              0x00000000   Number         0  wireless.o ABSOLUTE
    RTE\Device\TM4C123GH6PM\startup_TM4C123.s 0x00000000   Number         0  startup_tm4c123.o ABSOLUTE
    RTE\Device\TM4C123GH6PM\system_TM4C123.c 0x00000000   Number         0  system_tm4c123.o ABSOLUTE
    RTE\\Device\\TM4C123GH6PM\\system_TM4C123.c 0x00000000   Number         0  system_tm4c123.o ABSOLUTE
    board_setup.c                            0x00000000   Number         0  board_setup.o ABSOLUTE
    board_setup.c                            0x00000000   Number         0  board_setup.o ABSOLUTE
    cdrcmple.s                               0x00000000   Number         0  cdrcmple.o ABSOLUTE
    dc.s                                     0x00000000   Number         0  dc.o ABSOLUTE
    handlers.s                               0x00000000   Number         0  handlers.o ABSOLUTE
    ice_adc.c                                0x00000000   Number         0  ice_adc.o ABSOLUTE
    ice_adc.c                                0x00000000   Number         0  ice_adc.o ABSOLUTE
    ice_gpio_port.c                          0x00000000   Number         0  ice_gpio_port.o ABSOLUTE
    ice_gpio_port.c                          0x00000000   Number         0  ice_gpio_port.o ABSOLUTE
    ice_gpiof.c                              0x00000000   Number         0  ice_gpiof.o ABSOLUTE
    ice_gpiof.c                              0x00000000   Number         0  ice_gpiof.o ABSOLUTE
    ice_gpt.c                                0x00000000   Number         0  ice_gpt.o ABSOLUTE
    ice_gpt.c                                0x00000000   Number         0  ice_gpt.o ABSOLUTE
    ice_i2c_eeprom.c                         0x00000000   Number         0  ice_i2c_eeprom.o ABSOLUTE
    ice_i2c_eeprom.c                         0x00000000   Number         0  ice_i2c_eeprom.o ABSOLUTE
    ice_i2c_ft6206.c                         0x00000000   Number         0  ice_i2c_ft6206.o ABSOLUTE
    ice_i2c_ft6206.c                         0x00000000   Number         0  ice_i2c_ft6206.o ABSOLUTE
    ice_intro_to_c.c                         0x00000000   Number         0  ice_intro_to_c.o ABSOLUTE
    ice_intro_to_c.c                         0x00000000   Number         0  ice_intro_to_c.o ABSOLUTE
    ice_lcd.c                                0x00000000   Number         0  ice_lcd.o ABSOLUTE
    ice_lcd.c                                0x00000000   Number         0  ice_lcd.o ABSOLUTE
    ice_pc_buffer.c                          0x00000000   Number         0  ice_pc_buffer.o ABSOLUTE
    ice_pc_buffer.c                          0x00000000   Number         0  ice_pc_buffer.o ABSOLUTE
    ice_spi_nordic.c                         0x00000000   Number         0  ice_spi_nordic.o ABSOLUTE
    ice_spi_nordic.c                         0x00000000   Number         0  ice_spi_nordic.o ABSOLUTE
    ice_systick.c                            0x00000000   Number         0  ice_systick.o ABSOLUTE
    ice_systick.c                            0x00000000   Number         0  ice_systick.o ABSOLUTE
    ice_uart_polling.c                       0x00000000   Number         0  ice_uart_polling.o ABSOLUTE
    ice_uart_polling.c                       0x00000000   Number         0  ice_uart_polling.o ABSOLUTE
    ice_uart_rx_irq.c                        0x00000000   Number         0  ice_uart_rx_irq.o ABSOLUTE
    ice_uart_rx_irq.c                        0x00000000   Number         0  ice_uart_rx_irq.o ABSOLUTE
    ice_uart_tx_irq.c                        0x00000000   Number         0  ice_uart_tx_irq.o ABSOLUTE
    ice_uart_tx_irq.c                        0x00000000   Number         0  ice_uart_tx_irq.o ABSOLUTE
    init.s                                   0x00000000   Number         0  init.o ABSOLUTE
    interrupts.c                             0x00000000   Number         0  interrupts.o ABSOLUTE
    interrupts.c                             0x00000000   Number         0  interrupts.o ABSOLUTE
    main.c                                   0x00000000   Number         0  main.o ABSOLUTE
    main.c                                   0x00000000   Number         0  main.o ABSOLUTE
    validate_adc.c                           0x00000000   Number         0  validate_adc.o ABSOLUTE
    validate_adc.c                           0x00000000   Number         0  validate_adc.o ABSOLUTE
    validate_gp_timer.c                      0x00000000   Number         0  validate_gp_timer.o ABSOLUTE
    validate_gp_timer.c                      0x00000000   Number         0  validate_gp_timer.o ABSOLUTE
    validate_gpio.c                          0x00000000   Number         0  validate_gpio.o ABSOLUTE
    validate_gpio.c                          0x00000000   Number         0  validate_gpio.o ABSOLUTE
    validate_led.c                           0x00000000   Number         0  validate_led.o ABSOLUTE
    validate_led.c                           0x00000000   Number         0  validate_led.o ABSOLUTE
    validate_spi.c                           0x00000000   Number         0  validate_spi.o ABSOLUTE
    validate_spi.c                           0x00000000   Number         0  validate_spi.o ABSOLUTE
    validate_sysctl.c                        0x00000000   Number         0  validate_sysctl.o ABSOLUTE
    validate_sysctl.c                        0x00000000   Number         0  validate_sysctl.o ABSOLUTE
    validate_uart.c                          0x00000000   Number         0  validate_uart.o ABSOLUTE
    validate_uart.c                          0x00000000   Number         0  validate_uart.o ABSOLUTE
    .ARM.Collect$$$$00000000                 0x0000026c   Section        0  entry.o(.ARM.Collect$$$$00000000)
    .ARM.Collect$$$$00000001                 0x0000026c   Section        4  entry2.o(.ARM.Collect$$$$00000001)
    .ARM.Collect$$$$00000004                 0x00000270   Section        4  entry5.o(.ARM.Collect$$$$00000004)
    .ARM.Collect$$$$00000008                 0x00000274   Section        0  entry7b.o(.ARM.Collect$$$$00000008)
    .ARM.Collect$$$$0000000A                 0x00000274   Section        0  entry8b.o(.ARM.Collect$$$$0000000A)
    .ARM.Collect$$$$0000000B                 0x00000274   Section        8  entry9a.o(.ARM.Collect$$$$0000000B)
    .ARM.Collect$$$$0000000D                 0x0000027c   Section        0  entry10a.o(.ARM.Collect$$$$0000000D)
    .ARM.Collect$$$$0000000F                 0x0000027c   Section        0  entry11a.o(.ARM.Collect$$$$0000000F)
    .ARM.Collect$$$$00002712                 0x0000027c   Section        4  entry2.o(.ARM.Collect$$$$00002712)
    __lit__00000000                          0x0000027c   Data           4  entry2.o(.ARM.Collect$$$$00002712)
    .text                                    0x00000280   Section        0  main.o(.text)
    .text                                    0x00000454   Section        0  interrupts.o(.text)
    .text                                    0x00000484   Section        0  gpio_port.o(.text)
    verify_base_addr                         0x00000485   Thumb Code    64  gpio_port.o(.text)
    .text                                    0x00000714   Section        0  pc_buffer.o(.text)
    .text                                    0x00000790   Section        0  spi.o(.text)
    .text                                    0x00000924   Section        0  uart.o(.text)
    .text                                    0x00000bac   Section        0  serial_debug.o(.text)
    .text                                    0x00000da8   Section        0  spi_select.o(.text)
    .text                                    0x00000e4c   Section        0  wireless.o(.text)
    wireless_reg_read                        0x00000e5b   Thumb Code    38  wireless.o(.text)
    wireless_reg_write                       0x00000e81   Thumb Code    44  wireless.o(.text)
    wireless_rx_data_payload                 0x00000ead   Thumb Code    56  wireless.o(.text)
    wireless_set_rx_addr                     0x00000ee5   Thumb Code   118  wireless.o(.text)
    wireless_get_status                      0x00000f5b   Thumb Code    32  wireless.o(.text)
    wireless_CSN_low                         0x00001361   Thumb Code    18  wireless.o(.text)
    wireless_CSN_high                        0x00001373   Thumb Code    18  wireless.o(.text)
    wireless_CE_low                          0x00001385   Thumb Code    16  wireless.o(.text)
    wireless_CE_high                         0x00001395   Thumb Code    16  wireless.o(.text)
    wireless_flush_tx_fifo                   0x000013a5   Thumb Code    28  wireless.o(.text)
    wireless_flush_rx_fifo                   0x000013c1   Thumb Code    28  wireless.o(.text)
    wireless_rx_fifo_empty                   0x000013dd   Thumb Code    24  wireless.o(.text)
    wireless_status_tx_ds_asserted           0x000013f5   Thumb Code    16  wireless.o(.text)
    wireless_status_tx_full_asserted         0x00001405   Thumb Code    16  wireless.o(.text)
    wireless_clear_max_rt                    0x00001415   Thumb Code    12  wireless.o(.text)
    .text                                    0x000014d8   Section      252  startup_tm4c123.o(.text)
    $v0                                      0x000014d8   Number         0  startup_tm4c123.o(.text)
    .text                                    0x000015d4   Section        0  system_tm4c123.o(.text)
    getOscClk                                0x000015d5   Thumb Code   182  system_tm4c123.o(.text)
    .text                                    0x00001824   Section        0  board_setup.o(.text)
    .text                                    0x00001924   Section        0  validate_led.o(.text)
    .text                                    0x00001988   Section        0  ice_adc.o(.text)
    print_adc_pin_status                     0x00001989   Thumb Code   144  ice_adc.o(.text)
    print_adc_status                         0x00001a19   Thumb Code   144  ice_adc.o(.text)
    .text                                    0x00001c44   Section        0  ice_gpio_port.o(.text)
    print_pin_status                         0x00001c45   Thumb Code   122  ice_gpio_port.o(.text)
    .text                                    0x00001e88   Section        0  ice_gpiof.o(.text)
    .text                                    0x00002170   Section        0  ice_gpt.o(.text)
    .text                                    0x00002290   Section        0  ice_systick.o(.text)
    print_systick_load                       0x00002291   Thumb Code    86  ice_systick.o(.text)
    print_pin_status                         0x000022e7   Thumb Code   122  ice_systick.o(.text)
    print_adc_pin_status                     0x00002361   Thumb Code   144  ice_systick.o(.text)
    print_adc_status                         0x000023f1   Thumb Code   144  ice_systick.o(.text)
    .text                                    0x00002668   Section        0  ice_uart_rx_irq.o(.text)
    .text                                    0x00002848   Section        0  ice_lcd.o(.text)
    .text                                    0x00002bbc   Section        0  ice_uart_tx_irq.o(.text)
    .text                                    0x00002d9c   Section        0  ice_spi_nordic.o(.text)
    .text                                    0x00003144   Section        0  ice_pc_buffer.o(.text)
    .text                                    0x00003150   Section        0  ice_intro_to_c.o(.text)
    .text                                    0x000031b8   Section        0  ice_uart_polling.o(.text)
    print_pin_status                         0x000031b9   Thumb Code   144  ice_uart_polling.o(.text)
    print_uart_status                        0x00003249   Thumb Code   178  ice_uart_polling.o(.text)
    .text                                    0x00003408   Section        0  ice_i2c_eeprom.o(.text)
    print_pin_status                         0x00003409   Thumb Code   144  ice_i2c_eeprom.o(.text)
    .text                                    0x0000354c   Section        0  ice_i2c_ft6206.o(.text)
    print_pin_status                         0x0000354d   Thumb Code   144  ice_i2c_ft6206.o(.text)
    .text                                    0x00003698   Section        0  validate_adc.o(.text)
    verify_base_addr                         0x00003699   Thumb Code    26  validate_adc.o(.text)
    .text                                    0x00003750   Section        0  validate_gpio.o(.text)
    verify_base_addr                         0x00003751   Thumb Code    64  validate_gpio.o(.text)
    .text                                    0x000038f0   Section        0  validate_uart.o(.text)
    uart_get_ibrd                            0x0000399b   Thumb Code    30  validate_uart.o(.text)
    uart_get_fbrd                            0x000039b9   Thumb Code    28  validate_uart.o(.text)
    uart_get_irq_num                         0x000039d5   Thumb Code    68  validate_uart.o(.text)
    .text                                    0x00003cf0   Section        0  validate_gp_timer.o(.text)
    verify_base_addr                         0x00003cf1   Thumb Code    64  validate_gp_timer.o(.text)
    validate_gpt_mode                        0x00003d31   Thumb Code    22  validate_gp_timer.o(.text)
    validate_gpio_gpt_direction              0x00003d47   Thumb Code    22  validate_gp_timer.o(.text)
    validate_gtp_interrupts                  0x00003d5d   Thumb Code    22  validate_gp_timer.o(.text)
    validate_gpt_size_32                     0x00003d73   Thumb Code    20  validate_gp_timer.o(.text)
    validate_gpt_interval                    0x00003d87   Thumb Code    18  validate_gp_timer.o(.text)
    .text                                    0x00003e04   Section        0  validate_spi.o(.text)
    .text                                    0x00003efc   Section        0  validate_sysctl.o(.text)
    get_gpio_rcgc                            0x00003efd   Thumb Code    74  validate_sysctl.o(.text)
    get_adc_rcgc                             0x00003f47   Thumb Code    28  validate_sysctl.o(.text)
    get_gpt_rcgc                             0x00003f63   Thumb Code    74  validate_sysctl.o(.text)
    get_uart_rcgc                            0x00003fad   Thumb Code    68  validate_sysctl.o(.text)
    get_spi_rcgc                             0x00003ff1   Thumb Code    48  validate_sysctl.o(.text)
    .text                                    0x000040c8   Section        0  uidiv.o(.text)
    .text                                    0x000040f4   Section       36  init.o(.text)
    .text                                    0x00004118   Section        0  __dczerorl2.o(.text)
    i.__0printf$6                            0x00004170   Section        0  printf6.o(i.__0printf$6)
    i.__0sprintf$6                           0x00004190   Section        0  printf6.o(i.__0sprintf$6)
    i.__scatterload_copy                     0x000041b8   Section       14  handlers.o(i.__scatterload_copy)
    i.__scatterload_null                     0x000041c6   Section        2  handlers.o(i.__scatterload_null)
    i.__scatterload_zeroinit                 0x000041c8   Section       14  handlers.o(i.__scatterload_zeroinit)
    i._printf_core                           0x000041d8   Section        0  printf6.o(i._printf_core)
    _printf_core                             0x000041d9   Thumb Code   748  printf6.o(i._printf_core)
    i._printf_post_padding                   0x000044c8   Section        0  printf6.o(i._printf_post_padding)
    _printf_post_padding                     0x000044c9   Thumb Code    36  printf6.o(i._printf_post_padding)
    i._printf_pre_padding                    0x000044ec   Section        0  printf6.o(i._printf_pre_padding)
    _printf_pre_padding                      0x000044ed   Thumb Code    46  printf6.o(i._printf_pre_padding)
    i._sputc                                 0x0000451a   Section        0  printf6.o(i._sputc)
    _sputc                                   0x0000451b   Thumb Code    10  printf6.o(i._sputc)
    i.malloc                                 0x00004524   Section        0  malloc.o(i.malloc)
    .conststring                             0x00004590   Section      127  wireless.o(.conststring)
    .conststring                             0x00004610   Section       92  validate_uart.o(.conststring)
    .data                                    0x20000000   Section       10  main.o(.data)
    .data                                    0x2000000c   Section        8  interrupts.o(.data)
    count                                    0x20000010   Data           4  interrupts.o(.data)
    .data                                    0x20000014   Section        2  serial_debug.o(.data)
    Rx_Interrupts_Enabled                    0x20000014   Data           1  serial_debug.o(.data)
    Tx_Interrupts_Enabled                    0x20000015   Data           1  serial_debug.o(.data)
    .data                                    0x20000018   Section       24  wireless.o(.data)
    .data                                    0x20000030   Section        4  system_tm4c123.o(.data)
    .data                                    0x20000034   Section       40  ice_adc.o(.data)
    ps2_x                                    0x20000034   Data          20  ice_adc.o(.data)
    ps2_y                                    0x20000048   Data          20  ice_adc.o(.data)
    .data                                    0x2000005c   Section      240  ice_gpio_port.o(.data)
    lcd_cs                                   0x2000005c   Data          20  ice_gpio_port.o(.data)
    lcd_data_instr                           0x20000070   Data          20  ice_gpio_port.o(.data)
    lcd_wr                                   0x20000084   Data          20  ice_gpio_port.o(.data)
    lcd_rd                                   0x20000098   Data          20  ice_gpio_port.o(.data)
    lcd_data                                 0x200000ac   Data         160  ice_gpio_port.o(.data)
    .data                                    0x2000014c   Section      100  ice_gpiof.o(.data)
    red                                      0x2000014c   Data          20  ice_gpiof.o(.data)
    blue                                     0x20000160   Data          20  ice_gpiof.o(.data)
    green                                    0x20000174   Data          20  ice_gpiof.o(.data)
    sw1                                      0x20000188   Data          20  ice_gpiof.o(.data)
    sw2                                      0x2000019c   Data          20  ice_gpiof.o(.data)
    .data                                    0x200001b0   Section       40  ice_systick.o(.data)
    ps2_x                                    0x200001b0   Data          20  ice_systick.o(.data)
    green                                    0x200001c4   Data          20  ice_systick.o(.data)
    .data                                    0x200001d8   Section       64  ice_uart_rx_irq.o(.data)
    Tx                                       0x200001d8   Data          20  ice_uart_rx_irq.o(.data)
    Rx                                       0x200001ec   Data          20  ice_uart_rx_irq.o(.data)
    uart0                                    0x20000200   Data          24  ice_uart_rx_irq.o(.data)
    .data                                    0x20000218   Section      120  ice_lcd.o(.data)
    .data                                    0x20000290   Section       64  ice_uart_tx_irq.o(.data)
    Tx                                       0x20000290   Data          20  ice_uart_tx_irq.o(.data)
    Rx                                       0x200002a4   Data          20  ice_uart_tx_irq.o(.data)
    uart0                                    0x200002b8   Data          24  ice_uart_tx_irq.o(.data)
    .data                                    0x200002d0   Section      120  ice_spi_nordic.o(.data)
    SPI_CLK                                  0x200002d0   Data          20  ice_spi_nordic.o(.data)
    SPI_CS                                   0x200002e4   Data          20  ice_spi_nordic.o(.data)
    SPI_MISO                                 0x200002f8   Data          20  ice_spi_nordic.o(.data)
    SPI_MOSI                                 0x2000030c   Data          20  ice_spi_nordic.o(.data)
    .data                                    0x20000348   Section       64  ice_uart_polling.o(.data)
    Tx                                       0x20000348   Data          20  ice_uart_polling.o(.data)
    Rx                                       0x2000035c   Data          20  ice_uart_polling.o(.data)
    uart0                                    0x20000370   Data          24  ice_uart_polling.o(.data)
    .data                                    0x20000388   Section       40  ice_i2c_eeprom.o(.data)
    SCL                                      0x20000388   Data          20  ice_i2c_eeprom.o(.data)
    SDA                                      0x2000039c   Data          20  ice_i2c_eeprom.o(.data)
    .data                                    0x200003b0   Section       40  ice_i2c_ft6206.o(.data)
    SCL                                      0x200003b0   Data          20  ice_i2c_ft6206.o(.data)
    SDA                                      0x200003c4   Data          20  ice_i2c_ft6206.o(.data)
    .data                                    0x200003d8   Section        4  stdout.o(.data)
    .data                                    0x200003dc   Section        4  mvars.o(.data)
    .data                                    0x200003e0   Section        4  mvars.o(.data)
    .bss                                     0x200003e4   Section       28  serial_debug.o(.bss)
    HEAP                                     0x20000400   Section        0  startup_tm4c123.o(HEAP)
    STACK                                    0x20000400   Section      512  startup_tm4c123.o(STACK)

    Global Symbols

    Symbol Name                              Value     Ov Type        Size  Object(Section)

    BuildAttributes$$THM_ISAv4$E$P$D$K$B$S$7EM$VFPi3$EXTD16$VFPS$VFMA$PE$A:L22UL41UL21$X:L11$S22US41US21$IEEE1$IW$USESV6$~STKCKD$USESV7$~SHL$OSPACE$ROPI$EBA8$MICROLIB$REQ8$PRES8$EABIv2 0x00000000   Number         0  anon$$obj.o ABSOLUTE
    __ARM_use_no_argv                        0x00000000   Number         0  main.o ABSOLUTE
    __Vectors                                0x00000000   Data           4  startup_tm4c123.o(RESET)
    _printf_a                                0x00000000   Number         0  stubs.o ABSOLUTE
    _printf_c                                0x00000000   Number         0  stubs.o ABSOLUTE
    _printf_charcount                        0x00000000   Number         0  stubs.o ABSOLUTE
    _printf_d                                0x00000000   Number         0  stubs.o ABSOLUTE
    _printf_e                                0x00000000   Number         0  stubs.o ABSOLUTE
    _printf_f                                0x00000000   Number         0  stubs.o ABSOLUTE
    _printf_flags                            0x00000000   Number         0  stubs.o ABSOLUTE
    _printf_fp_dec                           0x00000000   Number         0  stubs.o ABSOLUTE
    _printf_fp_hex                           0x00000000   Number         0  stubs.o ABSOLUTE
    _printf_g                                0x00000000   Number         0  stubs.o ABSOLUTE
    _printf_i                                0x00000000   Number         0  stubs.o ABSOLUTE
    _printf_int_dec                          0x00000000   Number         0  stubs.o ABSOLUTE
    _printf_l                                0x00000000   Number         0  stubs.o ABSOLUTE
    _printf_lc                               0x00000000   Number         0  stubs.o ABSOLUTE
    _printf_ll                               0x00000000   Number         0  stubs.o ABSOLUTE
    _printf_lld                              0x00000000   Number         0  stubs.o ABSOLUTE
    _printf_lli                              0x00000000   Number         0  stubs.o ABSOLUTE
    _printf_llo                              0x00000000   Number         0  stubs.o ABSOLUTE
    _printf_llu                              0x00000000   Number         0  stubs.o ABSOLUTE
    _printf_llx                              0x00000000   Number         0  stubs.o ABSOLUTE
    _printf_longlong_dec                     0x00000000   Number         0  stubs.o ABSOLUTE
    _printf_longlong_hex                     0x00000000   Number         0  stubs.o ABSOLUTE
    _printf_longlong_oct                     0x00000000   Number         0  stubs.o ABSOLUTE
    _printf_ls                               0x00000000   Number         0  stubs.o ABSOLUTE
    _printf_mbtowc                           0x00000000   Number         0  stubs.o ABSOLUTE
    _printf_n                                0x00000000   Number         0  stubs.o ABSOLUTE
    _printf_o                                0x00000000   Number         0  stubs.o ABSOLUTE
    _printf_p                                0x00000000   Number         0  stubs.o ABSOLUTE
    _printf_percent                          0x00000000   Number         0  stubs.o ABSOLUTE
    _printf_pre_padding                      0x00000000   Number         0  stubs.o ABSOLUTE
    _printf_return_value                     0x00000000   Number         0  stubs.o ABSOLUTE
    _printf_s                                0x00000000   Number         0  stubs.o ABSOLUTE
    _printf_sizespec                         0x00000000   Number         0  stubs.o ABSOLUTE
    _printf_str                              0x00000000   Number         0  stubs.o ABSOLUTE
    _printf_truncate_signed                  0x00000000   Number         0  stubs.o ABSOLUTE
    _printf_truncate_unsigned                0x00000000   Number         0  stubs.o ABSOLUTE
    _printf_u                                0x00000000   Number         0  stubs.o ABSOLUTE
    _printf_wc                               0x00000000   Number         0  stubs.o ABSOLUTE
    _printf_wctomb                           0x00000000   Number         0  stubs.o ABSOLUTE
    _printf_widthprec                        0x00000000   Number         0  stubs.o ABSOLUTE
    _printf_x                                0x00000000   Number         0  stubs.o ABSOLUTE
    __cpp_initialize__aeabi_                  - Undefined Weak Reference
    __cxa_finalize                            - Undefined Weak Reference
    _clock_init                               - Undefined Weak Reference
    _microlib_exit                            - Undefined Weak Reference
    __Vectors_End                            0x0000026c   Data           0  startup_tm4c123.o(RESET)
    __Vectors_Size                           0x0000026c   Number         0  startup_tm4c123.o ABSOLUTE
    __main                                   0x0000026d   Thumb Code     0  entry.o(.ARM.Collect$$$$00000000)
    _main_stk                                0x0000026d   Thumb Code     0  entry2.o(.ARM.Collect$$$$00000001)
    _main_scatterload                        0x00000271   Thumb Code     0  entry5.o(.ARM.Collect$$$$00000004)
    __main_after_scatterload                 0x00000275   Thumb Code     0  entry5.o(.ARM.Collect$$$$00000004)
    _main_clock                              0x00000275   Thumb Code     0  entry7b.o(.ARM.Collect$$$$00000008)
    _main_cpp_init                           0x00000275   Thumb Code     0  entry8b.o(.ARM.Collect$$$$0000000A)
    _main_init                               0x00000275   Thumb Code     0  entry9a.o(.ARM.Collect$$$$0000000B)
    __rt_final_cpp                           0x0000027d   Thumb Code     0  entry10a.o(.ARM.Collect$$$$0000000D)
    __rt_final_exit                          0x0000027d   Thumb Code     0  entry11a.o(.ARM.Collect$$$$0000000F)
    DisableInterrupts                        0x00000281   Thumb Code     4  main.o(.text)
    EnableInterrupts                         0x00000285   Thumb Code     4  main.o(.text)
    initializeBoard                          0x00000289   Thumb Code   102  main.o(.text)
    main                                     0x000002ef   Thumb Code   168  main.o(.text)
    SysTick_Handler                          0x00000455   Thumb Code    40  interrupts.o(.text)
    gpio_get_irq_num                         0x000004c5   Thumb Code    74  gpio_port.o(.text)
    gpio_enable_port                         0x0000050f   Thumb Code   156  gpio_port.o(.text)
    gpio_config_digital_enable               0x000005ab   Thumb Code    34  gpio_port.o(.text)
    gpio_config_enable_output                0x000005cd   Thumb Code    34  gpio_port.o(.text)
    gpio_config_enable_input                 0x000005ef   Thumb Code    34  gpio_port.o(.text)
    gpio_config_enable_pullup                0x00000611   Thumb Code    34  gpio_port.o(.text)
    gpio_config_enable_pulldown              0x00000633   Thumb Code    34  gpio_port.o(.text)
    gpio_config_analog_enable                0x00000655   Thumb Code    34  gpio_port.o(.text)
    gpio_config_alternate_function           0x00000677   Thumb Code    34  gpio_port.o(.text)
    gpio_config_port_control                 0x00000699   Thumb Code    50  gpio_port.o(.text)
    gpio_config_open_drain                   0x000006cb   Thumb Code    34  gpio_port.o(.text)
    gpio_config_falling_edge_irq             0x000006ed   Thumb Code     6  gpio_port.o(.text)
    pc_buffer_init                           0x00000715   Thumb Code    26  pc_buffer.o(.text)
    pc_buffer_add                            0x0000072f   Thumb Code    28  pc_buffer.o(.text)
    pc_buffer_remove                         0x0000074b   Thumb Code    30  pc_buffer.o(.text)
    pc_buffer_empty                          0x00000769   Thumb Code    18  pc_buffer.o(.text)
    pc_buffer_full                           0x0000077b   Thumb Code    22  pc_buffer.o(.text)
    spiVerifyBaseAddr                        0x00000791   Thumb Code    34  spi.o(.text)
    initialize_spi                           0x000007b3   Thumb Code   252  spi.o(.text)
    spiTx                                    0x000008af   Thumb Code    94  spi.o(.text)
    verify_uart_base                         0x00000925   Thumb Code    54  uart.o(.text)
    uart_get_rcgc_mask                       0x0000095b   Thumb Code    68  uart.o(.text)
    uart_get_pr_mask                         0x0000099f   Thumb Code    68  uart.o(.text)
    uart_get_irq_num                         0x000009e3   Thumb Code    68  uart.o(.text)
    uart_tx_poll                             0x00000a27   Thumb Code    38  uart.o(.text)
    uart_tx_poll_string                      0x00000a4d   Thumb Code    50  uart.o(.text)
    uart_rx_poll                             0x00000a7f   Thumb Code    70  uart.o(.text)
    uart_init                                0x00000ac5   Thumb Code   214  uart.o(.text)
    init_serial_debug                        0x00000bad   Thumb Code    90  serial_debug.o(.text)
    serial_debug_rx                          0x00000c07   Thumb Code    46  serial_debug.o(.text)
    serial_debug_tx                          0x00000c35   Thumb Code    88  serial_debug.o(.text)
    fputc                                    0x00000c8d   Thumb Code    66  serial_debug.o(.text)
    fgetc                                    0x00000ccf   Thumb Code    50  serial_debug.o(.text)
    UART0_Handler                            0x00000d01   Thumb Code   144  serial_debug.o(.text)
    spi_select                               0x00000da9   Thumb Code    62  spi_select.o(.text)
    spi_select_init                          0x00000de7   Thumb Code    92  spi_select.o(.text)
    wait_uS_15                               0x00000e4d   Thumb Code    14  wireless.o(.text)
    wireless_send_32                         0x00000f7b   Thumb Code   310  wireless.o(.text)
    wireless_get_32                          0x000010b1   Thumb Code   130  wireless.o(.text)
    wireless_configure_device                0x00001133   Thumb Code   202  wireless.o(.text)
    wireless_initialize                      0x000011fd   Thumb Code   200  wireless.o(.text)
    wireless_test                            0x000012c5   Thumb Code   156  wireless.o(.text)
    Reset_Handler                            0x000014d9   Thumb Code     8  startup_tm4c123.o(.text)
    NMI_Handler                              0x000014e1   Thumb Code     2  startup_tm4c123.o(.text)
    HardFault_Handler                        0x000014e3   Thumb Code     2  startup_tm4c123.o(.text)
    MemManage_Handler                        0x000014e5   Thumb Code     2  startup_tm4c123.o(.text)
    BusFault_Handler                         0x000014e7   Thumb Code     2  startup_tm4c123.o(.text)
    UsageFault_Handler                       0x000014e9   Thumb Code     2  startup_tm4c123.o(.text)
    SVC_Handler                              0x000014eb   Thumb Code     2  startup_tm4c123.o(.text)
    DebugMon_Handler                         0x000014ed   Thumb Code     2  startup_tm4c123.o(.text)
    PendSV_Handler                           0x000014ef   Thumb Code     2  startup_tm4c123.o(.text)
    GPIOA_Handler                            0x000014f3   Thumb Code     2  startup_tm4c123.o(.text)
    GPIOB_Handler                            0x000014f5   Thumb Code     2  startup_tm4c123.o(.text)
    GPIOC_Handler                            0x000014f7   Thumb Code     2  startup_tm4c123.o(.text)
    GPIOD_Handler                            0x000014f9   Thumb Code     2  startup_tm4c123.o(.text)
    GPIOE_Handler                            0x000014fb   Thumb Code     2  startup_tm4c123.o(.text)
    UART1_Handler                            0x000014ff   Thumb Code     2  startup_tm4c123.o(.text)
    SSI0_Handler                             0x00001501   Thumb Code     2  startup_tm4c123.o(.text)
    I2C0_Handler                             0x00001503   Thumb Code     2  startup_tm4c123.o(.text)
    PMW0_FAULT_Handler                       0x00001505   Thumb Code     2  startup_tm4c123.o(.text)
    PWM0_0_Handler                           0x00001507   Thumb Code     2  startup_tm4c123.o(.text)
    PWM0_1_Handler                           0x00001509   Thumb Code     2  startup_tm4c123.o(.text)
    PWM0_2_Handler                           0x0000150b   Thumb Code     2  startup_tm4c123.o(.text)
    QEI0_Handler                             0x0000150d   Thumb Code     2  startup_tm4c123.o(.text)
    ADC0SS0_Handler                          0x0000150f   Thumb Code     2  startup_tm4c123.o(.text)
    ADC0SS1_Handler                          0x00001511   Thumb Code     2  startup_tm4c123.o(.text)
    ADC0SS2_Handler                          0x00001513   Thumb Code     2  startup_tm4c123.o(.text)
    ADC0SS3_Handler                          0x00001515   Thumb Code     2  startup_tm4c123.o(.text)
    WDT0_Handler                             0x00001517   Thumb Code     2  startup_tm4c123.o(.text)
    TIMER0A_Handler                          0x00001519   Thumb Code     2  startup_tm4c123.o(.text)
    TIMER0B_Handler                          0x0000151b   Thumb Code     2  startup_tm4c123.o(.text)
    TIMER1A_Handler                          0x0000151d   Thumb Code     2  startup_tm4c123.o(.text)
    TIMER1B_Handler                          0x0000151f   Thumb Code     2  startup_tm4c123.o(.text)
    TIMER2A_Handler                          0x00001521   Thumb Code     2  startup_tm4c123.o(.text)
    TIMER2B_Handler                          0x00001523   Thumb Code     2  startup_tm4c123.o(.text)
    COMP0_Handler                            0x00001525   Thumb Code     2  startup_tm4c123.o(.text)
    COMP1_Handler                            0x00001527   Thumb Code     2  startup_tm4c123.o(.text)
    COMP2_Handler                            0x00001529   Thumb Code     2  startup_tm4c123.o(.text)
    SYSCTL_Handler                           0x0000152b   Thumb Code     2  startup_tm4c123.o(.text)
    FLASH_Handler                            0x0000152d   Thumb Code     2  startup_tm4c123.o(.text)
    GPIOF_Handler                            0x0000152f   Thumb Code     2  startup_tm4c123.o(.text)
    GPIOG_Handler                            0x00001531   Thumb Code     2  startup_tm4c123.o(.text)
    GPIOH_Handler                            0x00001533   Thumb Code     2  startup_tm4c123.o(.text)
    UART2_Handler                            0x00001535   Thumb Code     2  startup_tm4c123.o(.text)
    SSI1_Handler                             0x00001537   Thumb Code     2  startup_tm4c123.o(.text)
    TIMER3A_Handler                          0x00001539   Thumb Code     2  startup_tm4c123.o(.text)
    TIMER3B_Handler                          0x0000153b   Thumb Code     2  startup_tm4c123.o(.text)
    I2C1_Handler                             0x0000153d   Thumb Code     2  startup_tm4c123.o(.text)
    QEI1_Handler                             0x0000153f   Thumb Code     2  startup_tm4c123.o(.text)
    CAN0_Handler                             0x00001541   Thumb Code     2  startup_tm4c123.o(.text)
    CAN1_Handler                             0x00001543   Thumb Code     2  startup_tm4c123.o(.text)
    CAN2_Handler                             0x00001545   Thumb Code     2  startup_tm4c123.o(.text)
    HIB_Handler                              0x00001547   Thumb Code     2  startup_tm4c123.o(.text)
    USB0_Handler                             0x00001549   Thumb Code     2  startup_tm4c123.o(.text)
    PWM0_3_Handler                           0x0000154b   Thumb Code     2  startup_tm4c123.o(.text)
    UDMA_Handler                             0x0000154d   Thumb Code     2  startup_tm4c123.o(.text)
    UDMAERR_Handler                          0x0000154f   Thumb Code     2  startup_tm4c123.o(.text)
    ADC1SS0_Handler                          0x00001551   Thumb Code     2  startup_tm4c123.o(.text)
    ADC1SS1_Handler                          0x00001553   Thumb Code     2  startup_tm4c123.o(.text)
    ADC1SS2_Handler                          0x00001555   Thumb Code     2  startup_tm4c123.o(.text)
    ADC1SS3_Handler                          0x00001557   Thumb Code     2  startup_tm4c123.o(.text)
    GPIOJ_Handler                            0x00001559   Thumb Code     2  startup_tm4c123.o(.text)
    GPIOK_Handler                            0x0000155b   Thumb Code     2  startup_tm4c123.o(.text)
    GPIOL_Handler                            0x0000155d   Thumb Code     2  startup_tm4c123.o(.text)
    SSI2_Handler                             0x0000155f   Thumb Code     2  startup_tm4c123.o(.text)
    SSI3_Handler                             0x00001561   Thumb Code     2  startup_tm4c123.o(.text)
    UART3_Handler                            0x00001563   Thumb Code     2  startup_tm4c123.o(.text)
    UART4_Handler                            0x00001565   Thumb Code     2  startup_tm4c123.o(.text)
    UART5_Handler                            0x00001567   Thumb Code     2  startup_tm4c123.o(.text)
    UART6_Handler                            0x00001569   Thumb Code     2  startup_tm4c123.o(.text)
    UART7_Handler                            0x0000156b   Thumb Code     2  startup_tm4c123.o(.text)
    I2C2_Handler                             0x0000156d   Thumb Code     2  startup_tm4c123.o(.text)
    I2C3_Handler                             0x0000156f   Thumb Code     2  startup_tm4c123.o(.text)
    TIMER4A_Handler                          0x00001571   Thumb Code     2  startup_tm4c123.o(.text)
    TIMER4B_Handler                          0x00001573   Thumb Code     2  startup_tm4c123.o(.text)
    TIMER5A_Handler                          0x00001575   Thumb Code     2  startup_tm4c123.o(.text)
    TIMER5B_Handler                          0x00001577   Thumb Code     2  startup_tm4c123.o(.text)
    WTIMER0A_Handler                         0x00001579   Thumb Code     2  startup_tm4c123.o(.text)
    WTIMER0B_Handler                         0x0000157b   Thumb Code     2  startup_tm4c123.o(.text)
    WTIMER1A_Handler                         0x0000157d   Thumb Code     2  startup_tm4c123.o(.text)
    WTIMER1B_Handler                         0x0000157f   Thumb Code     2  startup_tm4c123.o(.text)
    WTIMER2A_Handler                         0x00001581   Thumb Code     2  startup_tm4c123.o(.text)
    WTIMER2B_Handler                         0x00001583   Thumb Code     2  startup_tm4c123.o(.text)
    WTIMER3A_Handler                         0x00001585   Thumb Code     2  startup_tm4c123.o(.text)
    WTIMER3B_Handler                         0x00001587   Thumb Code     2  startup_tm4c123.o(.text)
    WTIMER4A_Handler                         0x00001589   Thumb Code     2  startup_tm4c123.o(.text)
    WTIMER4B_Handler                         0x0000158b   Thumb Code     2  startup_tm4c123.o(.text)
    WTIMER5A_Handler                         0x0000158d   Thumb Code     2  startup_tm4c123.o(.text)
    WTIMER5B_Handler                         0x0000158f   Thumb Code     2  startup_tm4c123.o(.text)
    FPU_Handler                              0x00001591   Thumb Code     2  startup_tm4c123.o(.text)
    I2C4_Handler                             0x00001593   Thumb Code     2  startup_tm4c123.o(.text)
    I2C5_Handler                             0x00001595   Thumb Code     2  startup_tm4c123.o(.text)
    GPIOM_Handler                            0x00001597   Thumb Code     2  startup_tm4c123.o(.text)
    GPION_Handler                            0x00001599   Thumb Code     2  startup_tm4c123.o(.text)
    QEI2_Handler                             0x0000159b   Thumb Code     2  startup_tm4c123.o(.text)
    GPIOP0_Handler                           0x0000159d   Thumb Code     2  startup_tm4c123.o(.text)
    GPIOP1_Handler                           0x0000159f   Thumb Code     2  startup_tm4c123.o(.text)
    GPIOP2_Handler                           0x000015a1   Thumb Code     2  startup_tm4c123.o(.text)
    GPIOP3_Handler                           0x000015a3   Thumb Code     2  startup_tm4c123.o(.text)
    GPIOP4_Handler                           0x000015a5   Thumb Code     2  startup_tm4c123.o(.text)
    GPIOP5_Handler                           0x000015a7   Thumb Code     2  startup_tm4c123.o(.text)
    GPIOP6_Handler                           0x000015a9   Thumb Code     2  startup_tm4c123.o(.text)
    GPIOP7_Handler                           0x000015ab   Thumb Code     2  startup_tm4c123.o(.text)
    GPIOQ0_Handler                           0x000015ad   Thumb Code     2  startup_tm4c123.o(.text)
    GPIOQ1_Handler                           0x000015af   Thumb Code     2  startup_tm4c123.o(.text)
    GPIOQ2_Handler                           0x000015b1   Thumb Code     2  startup_tm4c123.o(.text)
    GPIOQ3_Handler                           0x000015b3   Thumb Code     2  startup_tm4c123.o(.text)
    GPIOQ4_Handler                           0x000015b5   Thumb Code     2  startup_tm4c123.o(.text)
    GPIOQ5_Handler                           0x000015b7   Thumb Code     2  startup_tm4c123.o(.text)
    GPIOQ6_Handler                           0x000015b9   Thumb Code     2  startup_tm4c123.o(.text)
    GPIOQ7_Handler                           0x000015bb   Thumb Code     2  startup_tm4c123.o(.text)
    GPIOR_Handler                            0x000015bd   Thumb Code     2  startup_tm4c123.o(.text)
    GPIOS_Handler                            0x000015bf   Thumb Code     2  startup_tm4c123.o(.text)
    PMW1_0_Handler                           0x000015c1   Thumb Code     2  startup_tm4c123.o(.text)
    PWM1_1_Handler                           0x000015c3   Thumb Code     2  startup_tm4c123.o(.text)
    PWM1_2_Handler                           0x000015c5   Thumb Code     2  startup_tm4c123.o(.text)
    PWM1_3_Handler                           0x000015c7   Thumb Code     2  startup_tm4c123.o(.text)
    PWM1_FAULT_Handler                       0x000015c9   Thumb Code     2  startup_tm4c123.o(.text)
    SystemCoreClockUpdate                    0x0000168b   Thumb Code   184  system_tm4c123.o(.text)
    SystemInit                               0x00001743   Thumb Code   112  system_tm4c123.o(.text)
    validate_ice                             0x00001825   Thumb Code   254  board_setup.o(.text)
    validate_LED_config_gpio                 0x00001925   Thumb Code    66  validate_led.o(.text)
    validate_LED_set_failure                 0x00001967   Thumb Code    16  validate_led.o(.text)
    ice_validate_adc                         0x00001aa9   Thumb Code   112  ice_adc.o(.text)
    ice_validate_gpio_port                   0x00001cbf   Thumb Code   228  ice_gpio_port.o(.text)
    ice_validate_gpiof                       0x00001e89   Thumb Code   400  ice_gpiof.o(.text)
    print_gp_timer_status                    0x00002171   Thumb Code   166  ice_gpt.o(.text)
    ice_validate_gpt                         0x00002217   Thumb Code    28  ice_gpt.o(.text)
    ice_validate_systick                     0x00002481   Thumb Code   122  ice_systick.o(.text)
    ice_validate_uart_rx                     0x00002669   Thumb Code   278  ice_uart_rx_irq.o(.text)
    ice_validate_lcd                         0x00002849   Thumb Code   464  ice_lcd.o(.text)
    ice_validate_uart_tx                     0x00002bbd   Thumb Code   278  ice_uart_tx_irq.o(.text)
    ice_validate_spi_nordic                  0x00002d9d   Thumb Code   492  ice_spi_nordic.o(.text)
    ice_validate_pc_buffer                   0x00003145   Thumb Code    10  ice_pc_buffer.o(.text)
    ice_validate_intro_to_c                  0x00003151   Thumb Code    84  ice_intro_to_c.o(.text)
    ice_validate_uart_polling                0x000032fb   Thumb Code    80  ice_uart_polling.o(.text)
    ice_validate_i2c_pins                    0x00003499   Thumb Code    52  ice_i2c_eeprom.o(.text)
    ice_validate_i2c_eeprom                  0x000034cd   Thumb Code    20  ice_i2c_eeprom.o(.text)
    ice_validate_i2c                         0x000035dd   Thumb Code    52  ice_i2c_ft6206.o(.text)
    ice_validate_ft6206                      0x00003611   Thumb Code    28  ice_i2c_ft6206.o(.text)
    validate_adc_emux                        0x000036b3   Thumb Code    26  validate_adc.o(.text)
    validate_adc_ssmux3                      0x000036cd   Thumb Code    28  validate_adc.o(.text)
    validate_adc_ssctl3                      0x000036e9   Thumb Code    30  validate_adc.o(.text)
    validate_adc                             0x00003707   Thumb Code    70  validate_adc.o(.text)
    validate_gpio_input                      0x00003791   Thumb Code    20  validate_gpio.o(.text)
    validate_gpio_output                     0x000037a5   Thumb Code    20  validate_gpio.o(.text)
    validate_gpio_digital_enable             0x000037b9   Thumb Code    20  validate_gpio.o(.text)
    validate_gpio_pullup                     0x000037cd   Thumb Code    20  validate_gpio.o(.text)
    validate_gpio_analog_mode_select         0x000037e1   Thumb Code    20  validate_gpio.o(.text)
    validate_gpio_alternate_function_select  0x000037f5   Thumb Code    20  validate_gpio.o(.text)
    validate_gpio_port_control               0x00003809   Thumb Code    24  validate_gpio.o(.text)
    validate_gpio_pin                        0x00003821   Thumb Code   198  validate_gpio.o(.text)
    put_string                               0x000038f1   Thumb Code    34  validate_uart.o(.text)
    validate_print_ice_validation_info_start 0x00003913   Thumb Code    68  validate_uart.o(.text)
    validate_print_ice_validation_info_end   0x00003957   Thumb Code    68  validate_uart.o(.text)
    staff_uart_config_gpio                   0x00003a19   Thumb Code    82  validate_uart.o(.text)
    staff_uart_config_polling                0x00003a6b   Thumb Code    68  validate_uart.o(.text)
    validate_uart_baud_rate                  0x00003aaf   Thumb Code    26  validate_uart.o(.text)
    validate_uart_line_control               0x00003ac9   Thumb Code    18  validate_uart.o(.text)
    validate_uart_interrupt_mask             0x00003adb   Thumb Code    18  validate_uart.o(.text)
    validate_uart_control                    0x00003aed   Thumb Code    18  validate_uart.o(.text)
    validate_uart_interrupts_enabled         0x00003aff   Thumb Code    44  validate_uart.o(.text)
    put_char                                 0x00003b2b   Thumb Code    20  validate_uart.o(.text)
    get_char                                 0x00003b3f   Thumb Code    62  validate_uart.o(.text)
    get_string                               0x00003b7d   Thumb Code    40  validate_uart.o(.text)
    initialize_serial_debug                  0x00003ba5   Thumb Code    12  validate_uart.o(.text)
    print_test_status                        0x00003bb1   Thumb Code    52  validate_uart.o(.text)
    validate_uart                            0x00003be5   Thumb Code   126  validate_uart.o(.text)
    validate_gp_timer                        0x00003d99   Thumb Code    98  validate_gp_timer.o(.text)
    validate_spi_data_len                    0x00003e05   Thumb Code    24  validate_spi.o(.text)
    validate_spi_format                      0x00003e1d   Thumb Code    24  validate_spi.o(.text)
    validate_spi_cpsr                        0x00003e35   Thumb Code    22  validate_spi.o(.text)
    validate_spi_mode                        0x00003e4b   Thumb Code    62  validate_spi.o(.text)
    validate_spi_enabled                     0x00003e89   Thumb Code    22  validate_spi.o(.text)
    validate_spi                             0x00003e9f   Thumb Code    92  validate_spi.o(.text)
    validate_gpio_rcgc                       0x00004021   Thumb Code    26  validate_sysctl.o(.text)
    validate_adc_rcgc                        0x0000403b   Thumb Code    28  validate_sysctl.o(.text)
    validate_gpt_rcgc                        0x00004057   Thumb Code    28  validate_sysctl.o(.text)
    validate_uart_rcgc                       0x00004073   Thumb Code    28  validate_sysctl.o(.text)
    validate_spi_rcgc                        0x0000408f   Thumb Code    28  validate_sysctl.o(.text)
    __aeabi_uidiv                            0x000040c9   Thumb Code     0  uidiv.o(.text)
    __aeabi_uidivmod                         0x000040c9   Thumb Code    44  uidiv.o(.text)
    __scatterload                            0x000040f5   Thumb Code    28  init.o(.text)
    __scatterload_rt2                        0x000040f5   Thumb Code     0  init.o(.text)
    __decompress                             0x00004119   Thumb Code     0  __dczerorl2.o(.text)
    __decompress1                            0x00004119   Thumb Code    86  __dczerorl2.o(.text)
    __0printf$6                              0x00004171   Thumb Code    22  printf6.o(i.__0printf$6)
    __1printf$6                              0x00004171   Thumb Code     0  printf6.o(i.__0printf$6)
    __2printf                                0x00004171   Thumb Code     0  printf6.o(i.__0printf$6)
    __0sprintf$6                             0x00004191   Thumb Code    34  printf6.o(i.__0sprintf$6)
    __1sprintf$6                             0x00004191   Thumb Code     0  printf6.o(i.__0sprintf$6)
    __2sprintf                               0x00004191   Thumb Code     0  printf6.o(i.__0sprintf$6)
    __scatterload_copy                       0x000041b9   Thumb Code    14  handlers.o(i.__scatterload_copy)
    __scatterload_null                       0x000041c7   Thumb Code     2  handlers.o(i.__scatterload_null)
    __scatterload_zeroinit                   0x000041c9   Thumb Code    14  handlers.o(i.__scatterload_zeroinit)
    malloc                                   0x00004525   Thumb Code    92  malloc.o(i.malloc)
    Region$$Table$$Base                      0x0000466c   Number         0  anon$$obj.o(Region$$Table)
    Region$$Table$$Limit                     0x0000468c   Number         0  anon$$obj.o(Region$$Table)
    myID                                     0x20000000   Data           5  main.o(.data)
    remoteID                                 0x20000005   Data           5  main.o(.data)
    AlertOneSec                              0x2000000c   Data           1  interrupts.o(.data)
    wireless_error_messages                  0x20000018   Data          24  wireless.o(.data)
    SystemCoreClock                          0x20000030   Data           4  system_tm4c123.o(.data)
    SPI_CLK                                  0x20000218   Data          20  ice_lcd.o(.data)
    SPI_CS                                   0x2000022c   Data          20  ice_lcd.o(.data)
    SPI_MOSI                                 0x20000240   Data          20  ice_lcd.o(.data)
    LCD_CMD                                  0x20000254   Data          20  ice_lcd.o(.data)
    LCD_RESET                                0x20000268   Data          20  ice_lcd.o(.data)
    LCD                                      0x2000027c   Data          20  ice_lcd.o(.data)
    RF_CE                                    0x20000320   Data          20  ice_spi_nordic.o(.data)
    RF                                       0x20000334   Data          20  ice_spi_nordic.o(.data)
    __stdout                                 0x200003d8   Data           4  stdout.o(.data)
    __microlib_freelist                      0x200003dc   Data           4  mvars.o(.data)
    __microlib_freelist_initialised          0x200003e0   Data           4  mvars.o(.data)
    UART0_Tx_Buffer                          0x200003e4   Data          14  serial_debug.o(.bss)
    UART0_Rx_Buffer                          0x200003f2   Data          14  serial_debug.o(.bss)
    __heap_base                              0x20000400   Data           0  startup_tm4c123.o(HEAP)
    __heap_limit                             0x20000400   Data           0  startup_tm4c123.o(HEAP)
    __initial_sp                             0x20000600   Data           0  startup_tm4c123.o(STACK)



==============================================================================

Memory Map of the image

  Image Entry point : 0x000014d9

  Load Region LR_1 (Base: 0x00000000, Size: 0x00004a70, Max: 0xffffffff, ABSOLUTE, COMPRESSED[0x00004794])

    Execution Region ER_RO (Base: 0x00000000, Size: 0x0000468c, Max: 0xffffffff, ABSOLUTE)

    Base Addr    Size         Type   Attr      Idx    E Section Name        Object

    0x00000000   0x0000026c   Data   RO          329    RESET               startup_tm4c123.o
    0x0000026c   0x00000000   Code   RO         1031  * .ARM.Collect$$$$00000000  mc_w.l(entry.o)
    0x0000026c   0x00000004   Code   RO         1324    .ARM.Collect$$$$00000001  mc_w.l(entry2.o)
    0x00000270   0x00000004   Code   RO         1327    .ARM.Collect$$$$00000004  mc_w.l(entry5.o)
    0x00000274   0x00000000   Code   RO         1329    .ARM.Collect$$$$00000008  mc_w.l(entry7b.o)
    0x00000274   0x00000000   Code   RO         1331    .ARM.Collect$$$$0000000A  mc_w.l(entry8b.o)
    0x00000274   0x00000008   Code   RO         1332    .ARM.Collect$$$$0000000B  mc_w.l(entry9a.o)
    0x0000027c   0x00000000   Code   RO         1334    .ARM.Collect$$$$0000000D  mc_w.l(entry10a.o)
    0x0000027c   0x00000000   Code   RO         1336    .ARM.Collect$$$$0000000F  mc_w.l(entry11a.o)
    0x0000027c   0x00000004   Code   RO         1325    .ARM.Collect$$$$00002712  mc_w.l(entry2.o)
    0x00000280   0x000001d4   Code   RO            4    .text               main.o
    0x00000454   0x00000030   Code   RO          109    .text               interrupts.o
    0x00000484   0x00000290   Code   RO          148    .text               gpio_port.o
    0x00000714   0x0000007c   Code   RO          169    .text               pc_buffer.o
    0x00000790   0x00000194   Code   RO          187    .text               spi.o
    0x00000924   0x00000288   Code   RO          211    .text               uart.o
    0x00000bac   0x000001fc   Code   RO          239    .text               serial_debug.o
    0x00000da8   0x000000a4   Code   RO          275    .text               spi_select.o
    0x00000e4c   0x0000068c   Code   RO          299    .text               wireless.o
    0x000014d8   0x000000fc   Code   RO          330  * .text               startup_tm4c123.o
    0x000015d4   0x00000250   Code   RO          337    .text               system_tm4c123.o
    0x00001824   0x000000fe   Code   RO          367    .text               ECE353-Validate.lib(board_setup.o)
    0x00001922   0x00000002   PAD
    0x00001924   0x00000064   Code   RO          499    .text               ECE353-Validate.lib(validate_led.o)
    0x00001988   0x000002bc   Code   RO          523    .text               ECE353-Validate.lib(ice_adc.o)
    0x00001c44   0x00000244   Code   RO          552    .text               ECE353-Validate.lib(ice_gpio_port.o)
    0x00001e88   0x000002e8   Code   RO          578    .text               ECE353-Validate.lib(ice_gpiof.o)
    0x00002170   0x00000120   Code   RO          604    .text               ECE353-Validate.lib(ice_gpt.o)
    0x00002290   0x000003d8   Code   RO          631    .text               ECE353-Validate.lib(ice_systick.o)
    0x00002668   0x000001e0   Code   RO          657    .text               ECE353-Validate.lib(ice_uart_rx_irq.o)
    0x00002848   0x00000374   Code   RO          683    .text               ECE353-Validate.lib(ice_lcd.o)
    0x00002bbc   0x000001e0   Code   RO          710    .text               ECE353-Validate.lib(ice_uart_tx_irq.o)
    0x00002d9c   0x000003a8   Code   RO          736    .text               ECE353-Validate.lib(ice_spi_nordic.o)
    0x00003144   0x0000000a   Code   RO          763    .text               ECE353-Validate.lib(ice_pc_buffer.o)
    0x0000314e   0x00000002   PAD
    0x00003150   0x00000068   Code   RO          787    .text               ECE353-Validate.lib(ice_intro_to_c.o)
    0x000031b8   0x00000250   Code   RO          811    .text               ECE353-Validate.lib(ice_uart_polling.o)
    0x00003408   0x00000144   Code   RO          837    .text               ECE353-Validate.lib(ice_i2c_eeprom.o)
    0x0000354c   0x0000014c   Code   RO          863    .text               ECE353-Validate.lib(ice_i2c_ft6206.o)
    0x00003698   0x000000b8   Code   RO          889    .text               ECE353-Validate.lib(validate_adc.o)
    0x00003750   0x000001a0   Code   RO          913    .text               ECE353-Validate.lib(validate_gpio.o)
    0x000038f0   0x00000400   Code   RO          937    .text               ECE353-Validate.lib(validate_uart.o)
    0x00003cf0   0x00000114   Code   RO          962    .text               ECE353-Validate.lib(validate_gp_timer.o)
    0x00003e04   0x000000f6   Code   RO          986    .text               ECE353-Validate.lib(validate_spi.o)
    0x00003efa   0x00000002   PAD
    0x00003efc   0x000001cc   Code   RO         1010    .text               ECE353-Validate.lib(validate_sysctl.o)
    0x000040c8   0x0000002c   Code   RO         1338    .text               mc_w.l(uidiv.o)
    0x000040f4   0x00000024   Code   RO         1359    .text               mc_w.l(init.o)
    0x00004118   0x00000056   Code   RO         1377    .text               mc_w.l(__dczerorl2.o)
    0x0000416e   0x00000002   PAD
    0x00004170   0x00000020   Code   RO         1190    i.__0printf$6       mc_w.l(printf6.o)
    0x00004190   0x00000028   Code   RO         1192    i.__0sprintf$6      mc_w.l(printf6.o)
    0x000041b8   0x0000000e   Code   RO         1371    i.__scatterload_copy  mc_w.l(handlers.o)
    0x000041c6   0x00000002   Code   RO         1372    i.__scatterload_null  mc_w.l(handlers.o)
    0x000041c8   0x0000000e   Code   RO         1373    i.__scatterload_zeroinit  mc_w.l(handlers.o)
    0x000041d6   0x00000002   PAD
    0x000041d8   0x000002f0   Code   RO         1197    i._printf_core      mc_w.l(printf6.o)
    0x000044c8   0x00000024   Code   RO         1198    i._printf_post_padding  mc_w.l(printf6.o)
    0x000044ec   0x0000002e   Code   RO         1199    i._printf_pre_padding  mc_w.l(printf6.o)
    0x0000451a   0x0000000a   Code   RO         1201    i._sputc            mc_w.l(printf6.o)
    0x00004524   0x0000006c   Code   RO         1297    i.malloc            mc_w.l(malloc.o)
    0x00004590   0x0000007f   Data   RO          300    .conststring        wireless.o
    0x0000460f   0x00000001   PAD
    0x00004610   0x0000005c   Data   RO          938    .conststring        ECE353-Validate.lib(validate_uart.o)
    0x0000466c   0x00000020   Data   RO         1369    Region$$Table       anon$$obj.o


    Execution Region ER_RW (Base: 0x20000000, Size: 0x000003e4, Max: 0xffffffff, ABSOLUTE, COMPRESSED[0x00000108])

    Base Addr    Size         Type   Attr      Idx    E Section Name        Object

    0x20000000   0x0000000a   Data   RW            5    .data               main.o
    0x2000000a   0x00000002   PAD
    0x2000000c   0x00000008   Data   RW          110    .data               interrupts.o
    0x20000014   0x00000002   Data   RW          241    .data               serial_debug.o
    0x20000016   0x00000002   PAD
    0x20000018   0x00000018   Data   RW          301    .data               wireless.o
    0x20000030   0x00000004   Data   RW          338    .data               system_tm4c123.o
    0x20000034   0x00000028   Data   RW          524    .data               ECE353-Validate.lib(ice_adc.o)
    0x2000005c   0x000000f0   Data   RW          553    .data               ECE353-Validate.lib(ice_gpio_port.o)
    0x2000014c   0x00000064   Data   RW          579    .data               ECE353-Validate.lib(ice_gpiof.o)
    0x200001b0   0x00000028   Data   RW          632    .data               ECE353-Validate.lib(ice_systick.o)
    0x200001d8   0x00000040   Data   RW          658    .data               ECE353-Validate.lib(ice_uart_rx_irq.o)
    0x20000218   0x00000078   Data   RW          684    .data               ECE353-Validate.lib(ice_lcd.o)
    0x20000290   0x00000040   Data   RW          711    .data               ECE353-Validate.lib(ice_uart_tx_irq.o)
    0x200002d0   0x00000078   Data   RW          737    .data               ECE353-Validate.lib(ice_spi_nordic.o)
    0x20000348   0x00000040   Data   RW          812    .data               ECE353-Validate.lib(ice_uart_polling.o)
    0x20000388   0x00000028   Data   RW          838    .data               ECE353-Validate.lib(ice_i2c_eeprom.o)
    0x200003b0   0x00000028   Data   RW          864    .data               ECE353-Validate.lib(ice_i2c_ft6206.o)
    0x200003d8   0x00000004   Data   RW         1034    .data               mc_w.l(stdout.o)
    0x200003dc   0x00000004   Data   RW         1346    .data               mc_w.l(mvars.o)
    0x200003e0   0x00000004   Data   RW         1347    .data               mc_w.l(mvars.o)


    Execution Region ER_ZI (Base: 0x200003e4, Size: 0x0000021c, Max: 0xffffffff, ABSOLUTE)

    Base Addr    Size         Type   Attr      Idx    E Section Name        Object

    0x200003e4   0x0000001c   Zero   RW          240    .bss                serial_debug.o
    0x20000400   0x00000000   Zero   RW          328    HEAP                startup_tm4c123.o
    0x20000400   0x00000200   Zero   RW          327    STACK               startup_tm4c123.o


==============================================================================

Image component sizes


      Code (inc. data)   RO Data    RW Data    ZI Data      Debug   Object Name

       656         34          0          0          0       4962   gpio_port.o
        48          8          0          8          0        700   interrupts.o
       468        190          0         10          0      64727   main.o
       124          0          0          0          0       1879   pc_buffer.o
       508         24          0          2         28       5557   serial_debug.o
       404         24          0          0          0       1817   spi.o
       164         10          0          0          0        845   spi_select.o
       252         10        620          0        512       5412   startup_tm4c123.o
       592        138          0          4          0       1497   system_tm4c123.o
       648         50          0          0          0      33031   uart.o
      1676        194        127         24          0      12888   wireless.o

    ----------------------------------------------------------------------
      5540        682        780         52        540     133315   Object Totals
         0          0         32          0          0          0   (incl. Generated)
         0          0          1          4          0          0   (incl. Padding)

    ----------------------------------------------------------------------

      Code (inc. data)   RO Data    RW Data    ZI Data      Debug   Library Member Name

       254         14          0          0          0      28591   board_setup.o
       700        300          0         40          0       1627   ice_adc.o
       580        230          0        240          0       1873   ice_gpio_port.o
       744        344          0        100          0       1213   ice_gpiof.o
       288         94          0          0          0        969   ice_gpt.o
       324        108          0         40          0       1344   ice_i2c_eeprom.o
       332        108          0         40          0       1347   ice_i2c_ft6206.o
       104         20          0          0          0        574   ice_intro_to_c.o
       884        420          0        120          0       1315   ice_lcd.o
        10          0          0          0          0        529   ice_pc_buffer.o
       936        444          0        120          0       1261   ice_spi_nordic.o
       984        366          0         40          0       2275   ice_systick.o
       592        190          0         64          0       1552   ice_uart_polling.o
       480        202          0         64          0        983   ice_uart_rx_irq.o
       480        202          0         64          0        983   ice_uart_tx_irq.o
       184          4          0          0          0       2029   validate_adc.o
       276         10          0          0          0       2452   validate_gp_timer.o
       416         10          0          0          0       3599   validate_gpio.o
       100         18          0          0          0        652   validate_led.o
       246          0          0          0          0       2538   validate_spi.o
       460         38          0          0          0       2598   validate_sysctl.o
      1024        150         92          0          0       5586   validate_uart.o
        86          0          0          0          0          0   __dczerorl2.o
         0          0          0          0          0          0   entry.o
         0          0          0          0          0          0   entry10a.o
         0          0          0          0          0          0   entry11a.o
         8          4          0          0          0          0   entry2.o
         4          0          0          0          0          0   entry5.o
         0          0          0          0          0          0   entry7b.o
         0          0          0          0          0          0   entry8b.o
         8          4          0          0          0          0   entry9a.o
        30          0          0          0          0          0   handlers.o
        36          8          0          0          0         68   init.o
       108         16          0          0          0         84   malloc.o
         0          0          0          8          0          0   mvars.o
       916         20          0          0          0        504   printf6.o
         0          0          0          4          0          0   stdout.o
        44          0          0          0          0         80   uidiv.o

    ----------------------------------------------------------------------
     11648       3324         92        944          0      66626   Library Totals
        10          0          0          0          0          0   (incl. Padding)

    ----------------------------------------------------------------------

      Code (inc. data)   RO Data    RW Data    ZI Data      Debug   Library Name

     10398       3272         92        932          0      65890   ECE353-Validate.lib
      1240         52          0         12          0        736   mc_w.l

    ----------------------------------------------------------------------
     11648       3324         92        944          0      66626   Library Totals

    ----------------------------------------------------------------------

==============================================================================


      Code (inc. data)   RO Data    RW Data    ZI Data      Debug   

     17188       4006        872        996        540     195613   Grand Totals
     17188       4006        872        264        540     195613   ELF Image Totals (compressed)
     17188       4006        872        264          0          0   ROM Totals

==============================================================================

    Total RO  Size (Code + RO Data)                18060 (  17.64kB)
    Total RW  Size (RW Data + ZI Data)              1536 (   1.50kB)
    Total ROM Size (Code + RO Data + RW Data)      18324 (  17.89kB)

==============================================================================

