<html>
<body>
<pre>
<h1>µVision Build Log</h1>
<h2>Project:</h2>
I:\ECE353\HW1\HW1.uvprojx
Project File Date:  02/10/2017

<h2>Output:</h2>
Rebuild target 'HW1'
compiling main.c...
assembling ece353_hw1.s...
assembling init_leds.s...
assembling write_leds.s...
assembling rotate_mod_leds.s...
assembling startup_TM4C123.s...
compiling system_TM4C123.c...
linking...
Program Size: Code=1356 RO-data=652 RW-data=40 ZI-data=4096  
".\obj\ece353_base_project.axf" - 0 Error(s), 0 Warning(s).

<h2>Software Packages used:</h2>

Package Vendor: ARM
                http://www.keil.com/pack/ARM.CMSIS.4.1.1.pack
                ARM::CMSIS:CORE:3.30.0
                CMSIS (Cortex Microcontroller Software Interface Standard)
   * Component: CORE Version: 3.30.0

Package Vendor: Keil
                http://www.keil.com/pack/Keil.TM4C_DFP.1.0.0.pack
                Keil::Device:Startup:1.0.0
                Texas Instruments Tiva C Series Device Support and Examples
   * Component: Startup Version: 1.0.0

<h2>Collection of Component include folders:</h2>
  I:\ECE353\HW1\RTE
  C:\AppV\mdk_510\ARM\PACK\ARM\CMSIS\4.1.1\CMSIS\Include
  C:\AppV\mdk_510\ARM\PACK\Keil\TM4C_DFP\1.0.0\Device\Include\TM4C123

<h2>Collection of Component Files used:</h2>

   * Component: ARM::CMSIS:CORE:3.30.0
      Source file:   CMSIS\UserCodeTemplates\ARM\ITM_Retarget.c

   * Component: Keil::Device:Startup:1.0.0
      Source file:   Device\Source\ARM\startup_TM4C123.s
      Include file:  Device\Include\TM4C123\TM4C123.h
      Source file:   Device\Source\system_TM4C123.c
Load "I:\\ECE353\\HW1\\obj\\ece353_base_project.axf" 
Connecting: Mode=JTAG, Speed=1000000Hz
Erase Done.
Programming Done.
Verify OK.
ash Download failed  -  Target DLL has been cancelled
ver DLL requires additional DLL's which are not installed
 - Required Hardware Drivers are not installed
Error: Flash Download failed  -  C:\AppV\mdk_510\ARM\BIN\ABLSTCM.dll
Load "I:\\ECE353\\HW1\\obj\\ece353_base_project.axf" 
Connecting: Mode=JTAG, Speed=1000000Hz
Erase Done.
Programming Done.
Verify OK.
ch are not installed
 - Required Hardware Drivers are not installed
Error: Flash Download failed  -  C:\AppV\mdk_510\ARM\BIN\ABLSTCM.dll
